 CPPconnector

 Timestamp is 5d23bf6b (Mon Jul  8 17:10:51 2019)

 Preferred load address is 0000000180000000

 Start         Length     Name                   Class
 0001:00000000 0000bbd0H .text$mn                CODE
 0001:0000bbd0 000000e0H .text$mn$00             CODE
 0001:0000bcb0 00000240H .text$x                 CODE
 0002:00000000 00000248H .idata$5                DATA
 0002:00000248 00000020H .00cfg                  DATA
 0002:00000268 00000008H .CRT$XCA                DATA
 0002:00000270 00000008H .CRT$XCU                DATA
 0002:00000278 00000008H .CRT$XCZ                DATA
 0002:00000280 00000008H .CRT$XIA                DATA
 0002:00000288 00000018H .CRT$XIC                DATA
 0002:000002a0 00000008H .CRT$XIZ                DATA
 0002:000002a8 00000008H .CRT$XPA                DATA
 0002:000002b0 00000010H .CRT$XPX                DATA
 0002:000002c0 00000008H .CRT$XPXA               DATA
 0002:000002c8 00000008H .CRT$XPZ                DATA
 0002:000002d0 00000008H .CRT$XTA                DATA
 0002:000002d8 00000008H .CRT$XTZ                DATA
 0002:000002e0 00000000H .gfids$y                DATA
 0002:000002e0 00007330H .rdata                  DATA
 0002:00007610 000002fcH .rdata$r                DATA
 0002:0000790c 000003e4H .rdata$zzzdbg           DATA
 0002:00007cf0 00000008H .rtc$IAA                DATA
 0002:00007cf8 00000008H .rtc$IZZ                DATA
 0002:00007d00 00000008H .rtc$TAA                DATA
 0002:00007d08 00000008H .rtc$TZZ                DATA
 0002:00007d10 00000bf0H .xdata                  DATA
 0002:00008900 0000017cH .xdata$x                DATA
 0002:00008a7c 00000020H .didat$2                DATA
 0002:00008a9c 00000024H .didat$3                DATA
 0002:00008ac0 000000a8H .didat$4                DATA
 0002:00008b68 000001f0H .didat$6                DATA
 0002:00008d58 000000a8H .didat$7                DATA
 0002:00008e00 0000005cH .edata                  DATA
 0002:00008e5c 00000014H .idata$2                DATA
 0002:00008e70 00000018H .idata$3                DATA
 0002:00008e88 00000248H .idata$4                DATA
 0002:000090d0 0000054eH .idata$6                DATA
 0003:00000000 00000928H .data                   DATA
 0003:00000928 000000f0H .data$r                 DATA
 0003:00000a18 000000a8H .didat$5                DATA
 0003:00000ac0 000011e8H .bss                    DATA
 0004:00000000 00000ee8H .pdata                  DATA
 0005:00000000 00000060H .rsrc$01                DATA
 0005:00000060 00000180H .rsrc$02                DATA

  Address         Publics by Value              Rva+Base               Lib:Object

 0000:00000000       __hybrid_code_map_count    0000000000000000     <absolute>
 0000:00000000       __guard_iat_table          0000000000000000     <absolute>
 0000:00000000       __dynamic_value_reloc_table 0000000000000000     <absolute>
 0000:00000000       __hybrid_code_map          0000000000000000     <absolute>
 0000:00000000       __guard_iat_count          0000000000000000     <absolute>
 0000:00000000       __guard_longjmp_table      0000000000000000     <absolute>
 0000:00000000       __guard_longjmp_count      0000000000000000     <absolute>
 0000:00000000       __hybrid_auxiliary_iat     0000000000000000     <absolute>
 0000:00000000       __guard_fids_count         0000000000000000     <absolute>
 0000:00000000       __enclave_config           0000000000000000     <absolute>
 0000:00000000       ___safe_se_handler_table   0000000000000000     <absolute>
 0000:00000000       ___safe_se_handler_count   0000000000000000     <absolute>
 0000:00000000       __guard_fids_table         0000000000000000     <absolute>
 0000:00000100       __guard_flags              0000000000000100     <absolute>
 0000:00000000       __ImageBase                0000000180000000     <linker-defined>
 0001:00000000       ??1Error@Napi@@QEAA@XZ     0000000180001000 f i main_CPPconnector.obj
 0001:000000a0       ?New@Error@Napi@@SA?AV12@PEAUnapi_env__@@@Z 00000001800010a0 f i main_CPPconnector.obj
 0001:00000280       ?ThrowAsJavaScriptException@Error@Napi@@QEBAXXZ 0000000180001280 f i main_CPPconnector.obj
 0001:00000490       ??0CallbackInfo@Napi@@QEAA@PEAUnapi_env__@@PEAUnapi_callback_info__@@@Z 0000000180001490 f i main_CPPconnector.obj
 0001:00000640       ?HelloWrapped@@YA?AVString@Napi@@AEBVCallbackInfo@2@@Z 0000000180001640 f   main_CPPconnector.obj
 0001:000007f0       ?InitAll@@YA?AVObject@Napi@@VEnv@2@V12@@Z 00000001800017f0 f   main_CPPconnector.obj
 0001:00000920       ?__napi_InitAll@@YAPEAUnapi_value__@@PEAUnapi_env__@@PEAU1@@Z 0000000180001920 f   main_CPPconnector.obj
 0001:00000980       ?assign@?$basic_string@DU?$char_traits@D@std@@V?$allocator@D@2@@std@@QEAAAEAV12@QEBD_K@Z 0000000180001980 f i main_CPPconnector.obj
 0001:00000af0       ??$New@P6A?AVString@Napi@@AEBVCallbackInfo@2@@Z@Function@Napi@@SA?AV01@PEAUnapi_env__@@P6A?AVString@1@AEBVCallbackInfo@1@@ZPEBDPEAX@Z 0000000180001af0 f i main_CPPconnector.obj
 0001:00000cc0       ?Wrapper@?$CallbackData@P6A?AVString@Napi@@AEBVCallbackInfo@2@@ZV12@@details@Napi@@SAPEAUnapi_value__@@PEAUnapi_env__@@PEAUnapi_callback_info__@@@Z 0000000180001cc0 f i main_CPPconnector.obj
 0001:00000d20       ?_Fail@?$_Default_allocate_traits@$00@std@@SAXXZ 0000000180001d20 f i main_CPPconnector.obj
 0001:00000d30       ?_Xlen@?$basic_string@DU?$char_traits@D@std@@V?$allocator@D@2@@std@@SAXXZ 0000000180001d30 f i main_CPPconnector.obj
 0001:00000dac       __imp_load_napi_create_function 0000000180001dac f   node:node.exe
 0001:00000db8       __tailMerge_node_exe       0000000180001db8     node:node.exe
 0001:00000e31       __imp_load_napi_open_handle_scope 0000000180001e31 f   node:node.exe
 0001:00000e3d       __imp_load_napi_get_last_error_info 0000000180001e3d f   node:node.exe
 0001:00000e49       __imp_load_napi_create_error 0000000180001e49 f   node:node.exe
 0001:00000e55       __imp_load_napi_delete_reference 0000000180001e55 f   node:node.exe
 0001:00000e61       __imp_load_napi_fatal_error 0000000180001e61 f   node:node.exe
 0001:00000e6d       __imp_load_napi_is_exception_pending 0000000180001e6d f   node:node.exe
 0001:00000e79       __imp_load_napi_create_symbol 0000000180001e79 f   node:node.exe
 0001:00000e85       __imp_load_napi_create_type_error 0000000180001e85 f   node:node.exe
 0001:00000e91       __imp_load_napi_create_external 0000000180001e91 f   node:node.exe
 0001:00000e9d       __imp_load_napi_create_string_utf8 0000000180001e9d f   node:node.exe
 0001:00000ea9       __imp_load_napi_module_register 0000000180001ea9 f   node:node.exe
 0001:00000eb5       __imp_load_napi_set_named_property 0000000180001eb5 f   node:node.exe
 0001:00000ec1       __imp_load_napi_define_properties 0000000180001ec1 f   node:node.exe
 0001:00000ecd       __imp_load_napi_throw      0000000180001ecd f   node:node.exe
 0001:00000ed9       __imp_load_napi_get_and_clear_last_exception 0000000180001ed9 f   node:node.exe
 0001:00000ee5       __imp_load_napi_get_cb_info 0000000180001ee5 f   node:node.exe
 0001:00000ef1       __imp_load_napi_create_reference 0000000180001ef1 f   node:node.exe
 0001:00000efd       __imp_load_napi_close_handle_scope 0000000180001efd f   node:node.exe
 0001:00000f09       __imp_load_napi_get_reference_value 0000000180001f09 f   node:node.exe
 0001:00000f18       ??0bad_alloc@std@@QEAA@AEBV01@@Z 0000000180001f18 f i libcpmt:xthrow.obj
 0001:00000f58       ??0bad_alloc@std@@QEAA@XZ  0000000180001f58 f i libcpmt:xthrow.obj
 0001:00000f78       ??0exception@std@@QEAA@AEBV01@@Z 0000000180001f78 f i libcpmt:xthrow.obj
 0001:00000fb0       ??0length_error@std@@QEAA@AEBV01@@Z 0000000180001fb0 f i libcpmt:xthrow.obj
 0001:00000ff0       ??0length_error@std@@QEAA@PEBD@Z 0000000180001ff0 f i libcpmt:xthrow.obj
 0001:0000103c       ??0logic_error@std@@QEAA@AEBV01@@Z 000000018000203c f i libcpmt:xthrow.obj
 0001:0000107c       ??_Elogic_error@std@@UEAAPEAXI@Z 000000018000207c f i libcpmt:xthrow.obj
 0001:0000107c       ??_Gexception@std@@UEAAPEAXI@Z 000000018000207c f i libcpmt:xthrow.obj
 0001:0000107c       ??_Elength_error@std@@UEAAPEAXI@Z 000000018000207c f i libcpmt:xthrow.obj
 0001:0000107c       ??_Gbad_alloc@std@@UEAAPEAXI@Z 000000018000207c f i libcpmt:xthrow.obj
 0001:0000107c       ??_Eexception@std@@UEAAPEAXI@Z 000000018000207c f i libcpmt:xthrow.obj
 0001:0000107c       ??_Glogic_error@std@@UEAAPEAXI@Z 000000018000207c f i libcpmt:xthrow.obj
 0001:0000107c       ??_Gbad_array_new_length@std@@UEAAPEAXI@Z 000000018000207c f i LIBCMT:throw_bad_alloc.obj
 0001:0000107c       ??_Glength_error@std@@UEAAPEAXI@Z 000000018000207c f i libcpmt:xthrow.obj
 0001:0000107c       ??_Ebad_alloc@std@@UEAAPEAXI@Z 000000018000207c f i libcpmt:xthrow.obj
 0001:0000107c       ??_Ebad_array_new_length@std@@UEAAPEAXI@Z 000000018000207c f i LIBCMT:throw_bad_alloc.obj
 0001:000010c0       ?_Xlength_error@std@@YAXPEBD@Z 00000001800020c0 f   libcpmt:xthrow.obj
 0001:000010e4       ?what@exception@std@@UEBAPEBDXZ 00000001800020e4 f i libcpmt:xthrow.obj
 0001:00001110       __security_check_cookie    0000000180002110 f   LIBCMT:_amdsecgs_.obj
 0001:00001134       ??2@YAPEAX_K@Z             0000000180002134 f   LIBCMT:new_scalar.obj
 0001:00001170       ??3@YAXPEAX_K@Z            0000000180002170 f   LIBCMT:delete_scalar_size.obj
 0001:00001170       ??_V@YAXPEAX@Z             0000000180002170 f   LIBCMT:delete_array.obj
 0001:00001178       ??_U@YAPEAX_K@Z            0000000180002178 f   LIBCMT:new_array.obj
 0001:000014c4       _DllMainCRTStartup         00000001800024c4 f   LIBCMT:dll_dllmain.obj
 0001:00001504       ??_Gtype_info@@UEAAPEAXI@Z 0000000180002504 f i LIBCMT:std_type_info_static.obj
 0001:00001504       ??_Etype_info@@UEAAPEAXI@Z 0000000180002504 f i LIBCMT:std_type_info_static.obj
 0001:00001530       __raise_securityfailure    0000000180002530 f   LIBCMT:gs_report.obj
 0001:00001564       __report_gsfailure         0000000180002564 f   LIBCMT:gs_report.obj
 0001:00001638       __report_rangecheckfailure 0000000180002638 f   LIBCMT:gs_report.obj
 0001:0000164c       __report_securityfailure   000000018000264c f   LIBCMT:gs_report.obj
 0001:000017cc       ??3@YAXPEAX@Z              00000001800027cc f   LIBCMT:delete_scalar.obj
 0001:000017d4       ??0bad_array_new_length@std@@QEAA@AEBV01@@Z 00000001800027d4 f i LIBCMT:throw_bad_alloc.obj
 0001:00001814       ??0bad_array_new_length@std@@QEAA@XZ 0000000180002814 f i LIBCMT:throw_bad_alloc.obj
 0001:00001834       ??1bad_array_new_length@std@@UEAA@XZ 0000000180002834 f i LIBCMT:throw_bad_alloc.obj
 0001:00001834       ??1bad_alloc@std@@UEAA@XZ  0000000180002834 f i libcpmt:xthrow.obj
 0001:00001834       ??1length_error@std@@UEAA@XZ 0000000180002834 f i libcpmt:xthrow.obj
 0001:00001848       ?__scrt_throw_std_bad_alloc@@YAXXZ 0000000180002848 f   LIBCMT:throw_bad_alloc.obj
 0001:00001848       ?_Xbad_alloc@std@@YAXXZ    0000000180002848 f   libcpmt:xthrow.obj
 0001:00001868       ?__scrt_throw_std_bad_array_new_length@@YAXXZ 0000000180002868 f   LIBCMT:throw_bad_alloc.obj
 0001:00001888       __security_init_cookie     0000000180002888 f   LIBCMT:gs_support.obj
 0001:00001938       ?__scrt_initialize_type_info@@YAXXZ 0000000180002938 f   LIBCMT:tncleanup.obj
 0001:00001948       ?__scrt_uninitialize_type_info@@YAXXZ 0000000180002948 f   LIBCMT:tncleanup.obj
 0001:00001954       __local_stdio_printf_options 0000000180002954 f i LIBCMT:default_local_stdio_options.obj
 0001:0000195c       __local_stdio_scanf_options 000000018000295c f i LIBCMT:default_local_stdio_options.obj
 0001:00001964       __scrt_initialize_default_local_stdio_options 0000000180002964 f   LIBCMT:default_local_stdio_options.obj
 0001:00001980       __scrt_acquire_startup_lock 0000000180002980 f   LIBCMT:utility.obj
 0001:000019bc       __scrt_dllmain_after_initialize_c 00000001800029bc f   LIBCMT:utility.obj
 0001:000019f0       __scrt_dllmain_before_initialize_c 00000001800029f0 f   LIBCMT:utility.obj
 0001:00001a08       __scrt_dllmain_crt_thread_attach 0000000180002a08 f   LIBCMT:utility.obj
 0001:00001a30       __scrt_dllmain_crt_thread_detach 0000000180002a30 f   LIBCMT:utility.obj
 0001:00001a48       __scrt_dllmain_exception_filter 0000000180002a48 f   LIBCMT:utility.obj
 0001:00001aac       __scrt_dllmain_uninitialize_c 0000000180002aac f   LIBCMT:utility.obj
 0001:00001adc       __scrt_dllmain_uninitialize_critical 0000000180002adc f   LIBCMT:utility.obj
 0001:00001af0       __scrt_initialize_crt      0000000180002af0 f   LIBCMT:utility.obj
 0001:00001b3c       __scrt_initialize_onexit_tables 0000000180002b3c f   LIBCMT:utility.obj
 0001:00001c1c       __scrt_is_nonwritable_in_current_image 0000000180002c1c f   LIBCMT:utility.obj
 0001:00001cb8       __scrt_release_startup_lock 0000000180002cb8 f   LIBCMT:utility.obj
 0001:00001cdc       __scrt_uninitialize_crt    0000000180002cdc f   LIBCMT:utility.obj
 0001:00001d08       __scrt_get_dyn_tls_init_callback 0000000180002d08 f   LIBCMT:dyn_tls_init.obj
 0001:00001d10       __crt_debugger_hook        0000000180002d10 f   LIBCMT:utility_desktop.obj
 0001:00001d18       __scrt_fastfail            0000000180002d18 f   LIBCMT:utility_desktop.obj
 0001:00001e64       _RTC_Initialize            0000000180002e64 f   LIBCMT:_initsect_.obj
 0001:00001eb0       _RTC_Terminate             0000000180002eb0 f   LIBCMT:_initsect_.obj
 0001:00001efc       _guard_check_icall         0000000180002efc f i LIBCMT:checkcfg.obj
 0001:00001f04       __isa_available_init       0000000180002f04 f   LIBCMT:_cpu_disp_.obj
 0001:000020c0       _get_startup_argv_mode     00000001800030c0 f   LIBCMT:argv_mode.obj
 0001:000020c0       DllMain                    00000001800030c0 f   LIBCMT:dll_dllmain_stub.obj
 0001:000020c8       __scrt_is_ucrt_dll_in_use  00000001800030c8 f   LIBCMT:ucrt_detection.obj
 0001:000020d4       _guard_check_icall_nop     00000001800030d4 f i LIBCMT:guard_support.obj
 0001:000020f0       memcpy                     00000001800030f0 f   libvcruntime:memcpy.obj
 0001:000020f0       memmove                    00000001800030f0 f   libvcruntime:memcpy.obj
 0001:00002538       __std_exception_copy       0000000180003538 f   libvcruntime:std_exception.obj
 0001:000025c8       __std_exception_destroy    00000001800035c8 f   libvcruntime:std_exception.obj
 0001:000025f0       _CxxThrowException         00000001800035f0 f   libvcruntime:throw.obj
 0001:000026c8       __C_specific_handler       00000001800036c8 f   libvcruntime:_riscchandler_.obj
 0001:000028d4       __std_type_info_destroy_list 00000001800038d4 f   libvcruntime:std_type_info.obj
 0001:00002900       __vcrt_initialize          0000000180003900 f   libvcruntime:initialization.obj
 0001:00002934       __vcrt_thread_attach       0000000180003934 f   libvcruntime:initialization.obj
 0001:00002948       __vcrt_thread_detach       0000000180003948 f   libvcruntime:initialization.obj
 0001:0000295c       __vcrt_uninitialize        000000018000395c f   libvcruntime:initialization.obj
 0001:0000297c       __vcrt_uninitialize_critical 000000018000397c f   libvcruntime:initialization.obj
 0001:000029a0       memset                     00000001800039a0 f   libvcruntime:memset.obj
 0001:00002b60       _local_unwind              0000000180003b60 f   libvcruntime:_jmpuwind_.obj
 0001:00002b90       _NLG_Notify                0000000180003b90 f   libvcruntime:_jmpuwind_.obj
 0001:00002bb0       __NLG_Dispatch2            0000000180003bb0 f   libvcruntime:_jmpuwind_.obj
 0001:00002bc0       __NLG_Return2              0000000180003bc0 f   libvcruntime:_jmpuwind_.obj
 0001:00002bc4       __except_validate_context_record 0000000180003bc4 f   libvcruntime:jbcxrval.obj
 0001:00002bfc       __vcrt_freefls             0000000180003bfc f   libvcruntime:per_thread_data.obj
 0001:00002c1c       __vcrt_freeptd             0000000180003c1c f   libvcruntime:per_thread_data.obj
 0001:00002c6c       __vcrt_getptd_noexit       0000000180003c6c f   libvcruntime:per_thread_data.obj
 0001:00002d24       __vcrt_initialize_ptd      0000000180003d24 f   libvcruntime:per_thread_data.obj
 0001:00002d78       __vcrt_uninitialize_ptd    0000000180003d78 f   libvcruntime:per_thread_data.obj
 0001:00002d9c       __vcrt_initialize_locks    0000000180003d9c f   libvcruntime:locks.obj
 0001:00002de4       __vcrt_uninitialize_locks  0000000180003de4 f   libvcruntime:locks.obj
 0001:00002ff4       __vcrt_FlsAlloc            0000000180003ff4 f   libvcruntime:winapi_downlevel.obj
 0001:00003048       __vcrt_FlsFree             0000000180004048 f   libvcruntime:winapi_downlevel.obj
 0001:0000309c       __vcrt_FlsGetValue         000000018000409c f   libvcruntime:winapi_downlevel.obj
 0001:000030f0       __vcrt_FlsSetValue         00000001800040f0 f   libvcruntime:winapi_downlevel.obj
 0001:00003158       __vcrt_InitializeCriticalSectionEx 0000000180004158 f   libvcruntime:winapi_downlevel.obj
 0001:000031d0       __vcrt_initialize_winapi_thunks 00000001800041d0 f   libvcruntime:winapi_downlevel.obj
 0001:00003214       __vcrt_uninitialize_winapi_thunks 0000000180004214 f   libvcruntime:winapi_downlevel.obj
 0001:00003254       __vcrt_initialize_pure_virtual_call_handler 0000000180004254 f   libvcruntime:purevirt_data.obj
 0001:00003278       __acrt_call_reportfault    0000000180004278 f   libucrt:invalid_parameter.obj
 0001:000033d4       __acrt_initialize_invalid_parameter_handler 00000001800043d4 f   libucrt:invalid_parameter.obj
 0001:000033dc       _invalid_parameter         00000001800043dc f   libucrt:invalid_parameter.obj
 0001:0000348c       _invalid_parameter_noinfo  000000018000448c f   libucrt:invalid_parameter.obj
 0001:000034ac       _invalid_parameter_noinfo_noreturn 00000001800044ac f   libucrt:invalid_parameter.obj
 0001:000034dc       _invoke_watson             00000001800044dc f   libucrt:invalid_parameter.obj
 0001:00003524       ??0_LocaleUpdate@@QEAA@QEAU__crt_locale_pointers@@@Z 0000000180004524 f i libucrt:stricmp.obj
 0001:000035b4       __ascii_stricmp            00000001800045b4 f   libucrt:stricmp.obj
 0001:000035f4       _stricmp                   00000001800045f4 f   libucrt:stricmp.obj
 0001:0000363c       _stricmp_l                 000000018000463c f   libucrt:stricmp.obj
 0001:000036f0       __acrt_initialize_new_handler 00000001800046f0 f   libucrt:new_handler.obj
 0001:000036f8       _callnewh                  00000001800046f8 f   libucrt:new_handler.obj
 0001:00003728       _query_new_handler         0000000180004728 f   libucrt:new_handler.obj
 0001:0000375c       malloc                     000000018000475c f   libucrt:malloc.obj
 0001:00003764       _initterm                  0000000180004764 f   libucrt:initterm.obj
 0001:000037c8       _initterm_e                00000001800047c8 f   libucrt:initterm.obj
 0001:00003808       free                       0000000180004808 f   libucrt:free.obj
 0001:0000381c       _seh_filter_dll            000000018000481c f   libucrt:exception_filter.obj
 0001:00003830       _seh_filter_exe            0000000180004830 f   libucrt:exception_filter.obj
 0001:00003c3c       __acrt_initialize_thread_local_exit_callback 0000000180004c3c f   libucrt:exit.obj
 0001:00003c44       _cexit                     0000000180004c44 f   libucrt:exit.obj
 0001:00003c54       _exit                      0000000180004c54 f   libucrt:exit.obj
 0001:00003c60       _is_c_termination_complete 0000000180004c60 f   libucrt:exit.obj
 0001:00003e24       __acrt_allocate_buffer_for_argv 0000000180004e24 f   libucrt:argv_parsing.obj
 0001:00003e84       _configure_narrow_argv     0000000180004e84 f   libucrt:argv_parsing.obj
 0001:00004200       __dcrt_uninitialize_environments_nolock 0000000180005200 f   libucrt:environment_initialization.obj
 0001:00004238       _initialize_narrow_environment 0000000180005238 f   libucrt:environment_initialization.obj
 0001:000043c8       _execute_onexit_table      00000001800053c8 f   libucrt:onexit.obj
 0001:00004404       _initialize_onexit_table   0000000180005404 f   libucrt:onexit.obj
 0001:0000448c       __acrt_uninitialize_command_line 000000018000548c f   libucrt:argv_data.obj
 0001:00004588       __acrt_initialize          0000000180005588 f   libucrt:initialization.obj
 0001:0000459c       __acrt_thread_attach       000000018000559c f   libucrt:initialization.obj
 0001:000045b0       __acrt_thread_detach       00000001800055b0 f   libucrt:initialization.obj
 0001:000045c0       __acrt_uninitialize        00000001800055c0 f   libucrt:initialization.obj
 0001:000045f8       __acrt_uninitialize_critical 00000001800055f8 f   libucrt:initialization.obj
 0001:00004608       terminate                  0000000180005608 f   libucrt:terminate.obj
 0001:00004628       strcpy_s                   0000000180005628 f   libucrt:strcpy_s.obj
 0001:00004688       _free_base                 0000000180005688 f   libucrt:free_base.obj
 0001:000046c8       _malloc_base               00000001800056c8 f   libucrt:malloc_base.obj
 0001:00004728       abort                      0000000180005728 f   libucrt:abort.obj
 0001:00004780       _calloc_base               0000000180005780 f   libucrt:calloc_base.obj
 0001:000047f8       wcsncmp                    00000001800057f8 f   libucrt:wcsncmp.obj
 0001:00004b9c       __acrt_freeptd             0000000180005b9c f   libucrt:per_thread_data.obj
 0001:00004be0       __acrt_getptd              0000000180005be0 f   libucrt:per_thread_data.obj
 0001:00004cac       __acrt_getptd_head         0000000180005cac f   libucrt:per_thread_data.obj
 0001:00004d54       __acrt_getptd_noexit       0000000180005d54 f   libucrt:per_thread_data.obj
 0001:00004e24       __acrt_initialize_ptd      0000000180005e24 f   libucrt:per_thread_data.obj
 0001:00004e60       __acrt_uninitialize_ptd    0000000180005e60 f   libucrt:per_thread_data.obj
 0001:00004e84       __acrt_errno_from_os_error 0000000180005e84 f   libucrt:errno.obj
 0001:00004ecc       __acrt_errno_map_os_error  0000000180005ecc f   libucrt:errno.obj
 0001:00004f1c       __doserrno                 0000000180005f1c f   libucrt:errno.obj
 0001:00004f3c       _errno                     0000000180005f3c f   libucrt:errno.obj
 0001:00004fa0       _tolower_l                 0000000180005fa0 f   libucrt:tolower_toupper.obj
 0001:000050e0       __acrt_update_locale_info  00000001800060e0 f   libucrt:locale_update.obj
 0001:00005114       __acrt_update_multibyte_info 0000000180006114 f   libucrt:locale_update.obj
 0001:000051b8       __acrt_set_locale_changed  00000001800061b8 f   libucrt:wsetlocale.obj
 0001:000051c4       __acrt_uninitialize_locale 00000001800061c4 f   libucrt:wsetlocale.obj
 0001:000051f4       __acrt_initialize_locks    00000001800061f4 f   libucrt:locks.obj
 0001:0000523c       __acrt_lock                000000018000623c f   libucrt:locks.obj
 0001:00005258       __acrt_uninitialize_locks  0000000180006258 f   libucrt:locks.obj
 0001:00005290       __acrt_unlock              0000000180006290 f   libucrt:locks.obj
 0001:000052ac       __acrt_get_process_end_policy 00000001800062ac f   libucrt:win_policies.obj
 0001:0000584c       __acrt_expand_narrow_argv_wildcards 000000018000684c f   libucrt:argv_wildcards.obj
 0001:00005f94       __acrt_initialize_multibyte 0000000180006f94 f   libucrt:mbctype.obj
 0001:00005ff4       __acrt_update_thread_multibyte_data 0000000180006ff4 f   libucrt:mbctype.obj
 0001:00006010       _setmbcp_nolock            0000000180007010 f   libucrt:mbctype.obj
 0001:00006348       _ismbblead                 0000000180007348 f   libucrt:ismbbyte.obj
 0001:0000635c       __acrt_initialize_command_line 000000018000735c f   libucrt:argv_data.obj
 0001:00006384       __dcrt_get_narrow_environment_from_os 0000000180007384 f   libucrt:get_environment_from_os.obj
 0001:00006488       _recalloc                  0000000180007488 f   libucrt:recalloc.obj
 0001:00006490       _recalloc_base             0000000180007490 f   libucrt:recalloc.obj
 0001:00006700       __acrt_AppPolicyGetProcessTerminationMethodInternal 0000000180007700 f   libucrt:winapi_thunks.obj
 0001:00006750       __acrt_FlsAlloc            0000000180007750 f   libucrt:winapi_thunks.obj
 0001:00006798       __acrt_FlsFree             0000000180007798 f   libucrt:winapi_thunks.obj
 0001:000067e0       __acrt_FlsGetValue         00000001800077e0 f   libucrt:winapi_thunks.obj
 0001:00006828       __acrt_FlsSetValue         0000000180007828 f   libucrt:winapi_thunks.obj
 0001:0000687c       __acrt_InitializeCriticalSectionEx 000000018000787c f   libucrt:winapi_thunks.obj
 0001:000068e0       __acrt_LCMapStringEx       00000001800078e0 f   libucrt:winapi_thunks.obj
 0001:000069bc       __acrt_LocaleNameToLCID    00000001800079bc f   libucrt:winapi_thunks.obj
 0001:00006a0c       __acrt_initialize_winapi_thunks 0000000180007a0c f   libucrt:winapi_thunks.obj
 0001:00006a54       __acrt_uninitialize_winapi_thunks 0000000180007a54 f   libucrt:winapi_thunks.obj
 0001:00006a98       __acrt_initialize_heap     0000000180007a98 f   libucrt:heap_handle.obj
 0001:00006ab4       __acrt_uninitialize_heap   0000000180007ab4 f   libucrt:heap_handle.obj
 0001:00006ca8       __acrt_initialize_lowio    0000000180007ca8 f   libucrt:ioinit.obj
 0001:00006ce4       __acrt_uninitialize_lowio  0000000180007ce4 f   libucrt:ioinit.obj
 0001:00006d24       __acrt_execute_initializers 0000000180007d24 f   libucrt:shared_initialization.obj
 0001:00006da4       __acrt_execute_uninitializers 0000000180007da4 f   libucrt:shared_initialization.obj
 0001:00006e28       __acrt_get_sigabrt_handler 0000000180007e28 f   libucrt:signal.obj
 0001:00006e58       __acrt_initialize_signal_handlers 0000000180007e58 f   libucrt:signal.obj
 0001:00006e78       raise                      0000000180007e78 f   libucrt:signal.obj
 0001:000070ec       __acrt_has_user_matherr    00000001800080ec f   libucrt:matherr.obj
 0001:0000710c       __acrt_initialize_user_matherr 000000018000810c f   libucrt:matherr.obj
 0001:00007114       __acrt_invoke_user_matherr 0000000180008114 f   libucrt:matherr.obj
 0001:00007328       __acrt_stdio_flush_nolock  0000000180008328 f   libucrt:fflush.obj
 0001:000073a4       _fflush_nolock             00000001800083a4 f   libucrt:fflush.obj
 0001:000073f0       _flushall                  00000001800083f0 f   libucrt:fflush.obj
 0001:000073f8       __acrt_initialize_stdio    00000001800083f8 f   libucrt:_file.obj
 0001:00007518       __acrt_uninitialize_stdio  0000000180008518 f   libucrt:_file.obj
 0001:00007574       _lock_file                 0000000180008574 f   libucrt:_file.obj
 0001:00007580       _unlock_file               0000000180008580 f   libucrt:_file.obj
 0001:0000758c       _query_new_mode            000000018000858c f   libucrt:new_mode.obj
 0001:00007594       _mbtowc_l                  0000000180008594 f   libucrt:mbtowc.obj
 0001:000076dc       mbtowc                     00000001800086dc f   libucrt:mbtowc.obj
 0001:000076e4       _fileno                    00000001800086e4 f   libucrt:fileno.obj
 0001:0000770c       __pctype_func              000000018000870c f   libucrt:ctype.obj
 0001:0000773c       _isctype_l                 000000018000873c f   libucrt:isctype.obj
 0001:0000784c       __acrt_add_locale_ref      000000018000884c f   libucrt:locale_refcounting.obj
 0001:000078d8       __acrt_free_locale         00000001800088d8 f   libucrt:locale_refcounting.obj
 0001:00007a50       __acrt_locale_add_lc_time_reference 0000000180008a50 f   libucrt:locale_refcounting.obj
 0001:00007a78       __acrt_locale_free_lc_time_if_unreferenced 0000000180008a78 f   libucrt:locale_refcounting.obj
 0001:00007ab0       __acrt_locale_release_lc_time_reference 0000000180008ab0 f   libucrt:locale_refcounting.obj
 0001:00007ad8       __acrt_release_locale_ref  0000000180008ad8 f   libucrt:locale_refcounting.obj
 0001:00007b80       __acrt_update_thread_locale_data 0000000180008b80 f   libucrt:locale_refcounting.obj
 0001:00007bf0       _updatetlocinfoEx_nolock   0000000180008bf0 f   libucrt:locale_refcounting.obj
 0001:00007c58       _isleadbyte_l              0000000180008c58 f i libucrt:_wctype.obj
 0001:00007fb0       __acrt_LCMapStringA        0000000180008fb0 f   libucrt:lcmapstringa.obj
 0001:00008048       __acrt_locale_free_monetary 0000000180009048 f   libucrt:initmon.obj
 0001:00008154       __acrt_locale_free_numeric 0000000180009154 f   libucrt:initnum.obj
 0001:00008214       __acrt_locale_free_time    0000000180009214 f   libucrt:inittime.obj
 0001:0000831c       __acrt_GetStringTypeA      000000018000931c f   libucrt:getstringtypea.obj
 0001:000084b0       qsort                      00000001800094b0 f   libucrt:qsort.obj
 0001:00008860       strncpy_s                  0000000180009860 f   libucrt:strncpy_s.obj
 0001:000089e0       strpbrk                    00000001800099e0 f   libucrt:strpbrk.obj
 0001:00008dc0       _mbsdec                    0000000180009dc0 f   libucrt:mbsdec.obj
 0001:00008dc8       _mbsdec_l                  0000000180009dc8 f   libucrt:mbsdec.obj
 0001:00008e70       _msize                     0000000180009e70 f   libucrt:msize.obj
 0001:00008e78       _msize_base                0000000180009e78 f   libucrt:msize.obj
 0001:00008eb4       _realloc_base              0000000180009eb4 f   libucrt:realloc_base.obj
 0001:00008ffc       __acrt_DownlevelLocaleNameToLCID 0000000180009ffc f   libucrt:lcidtoname_downlevel.obj
 0001:00009030       __acrt_lowio_create_handle_array 000000018000a030 f   libucrt:osfinfo.obj
 0001:000090c8       __acrt_lowio_destroy_handle_array 000000018000a0c8 f   libucrt:osfinfo.obj
 0001:00009118       __acrt_lowio_ensure_fh_exists 000000018000a118 f   libucrt:osfinfo.obj
 0001:000091c0       __acrt_lowio_lock_fh       000000018000a1c0 f   libucrt:osfinfo.obj
 0001:000091e4       __acrt_lowio_unlock_fh     000000018000a1e4 f   libucrt:osfinfo.obj
 0001:00009208       _free_osfhnd               000000018000a208 f   libucrt:osfinfo.obj
 0001:000092c4       _get_osfhandle             000000018000a2c4 f   libucrt:osfinfo.obj
 0001:000093c8       _commit                    000000018000a3c8 f   libucrt:commit.obj
 0001:00009a14       _write                     000000018000aa14 f   libucrt:write.obj
 0001:00009b00       _write_nolock              000000018000ab00 f   libucrt:write.obj
 0001:00009e44       _fcloseall                 000000018000ae44 f   libucrt:closeall.obj
 0001:00009ef8       __acrt_stdio_free_buffer_nolock 000000018000aef8 f   libucrt:_freebuf.obj
 0001:00009f38       _isatty                    000000018000af38 f   libucrt:isatty.obj
 0001:00009f98       __acrt_MultiByteToWideChar 000000018000af98 f   libucrt:multibytetowidechar.obj
 0001:00009fa0       __strncnt                  000000018000afa0 f   libucrt:strncnt.obj
 0001:00009fb8       _query_app_type            000000018000afb8 f   libucrt:report_runtime_error.obj
 0001:0000a05c       _lseeki64_nolock           000000018000b05c f   libucrt:lseek.obj
 0001:0000a064       _putwch_nolock             000000018000b064 f   libucrt:putwch.obj
 0001:0000a0a0       _fclose_nolock             000000018000b0a0 f   libucrt:fclose.obj
 0001:0000a124       fclose                     000000018000b124 f   libucrt:fclose.obj
 0001:0000a190       log10                      000000018000b190 f   libucrt:log10.obj
 0001:0000a73c       __dcrt_lowio_ensure_console_output_initialized 000000018000b73c f   libucrt:initcon.obj
 0001:0000a790       __dcrt_terminate_console_output 000000018000b790 f   libucrt:initcon.obj
 0001:0000a7ac       __dcrt_write_console_w     000000018000b7ac f   libucrt:initcon.obj
 0001:0000a8e0       _close                     000000018000b8e0 f   libucrt:close.obj
 0001:0000a984       _close_nolock              000000018000b984 f   libucrt:close.obj
 0001:0000aa40       ?__acrt_stdio_free_stream@@YAXV__crt_stdio_stream@@@Z 000000018000ba40 f   libucrt:stream.obj
 0001:0000ab80       _handle_error              000000018000bb80 f   libucrt:libm_error.obj
 0001:0000acb0       __acrt_initialize_fma3     000000018000bcb0 f   libucrt:fma3_available.obj
 0001:0000ad20       _log10_special             000000018000bd20 f   libucrt:log_special.obj
 0001:0000adf0       _get_fpsr                  000000018000bdf0 f   libucrt:fpsr.obj
 0001:0000ae00       _set_fpsr                  000000018000be00 f   libucrt:fpsr.obj
 0001:0000ae0a       _fclrf                     000000018000be0a f   libucrt:fpsr.obj
 0001:0000ae1e       _frnd                      000000018000be1e f   libucrt:fpsr.obj
 0001:0000ae40       _raise_exc                 000000018000be40 f   libucrt:fpexcept.obj
 0001:0000ae68       _raise_exc_ex              000000018000be68 f   libucrt:fpexcept.obj
 0001:0000b170       _set_errno_from_matherr    000000018000c170 f   libucrt:fpexcept.obj
 0001:0000b1a0       _clrfp                     000000018000c1a0 f   libucrt:fpctrl.obj
 0001:0000b1c0       _ctrlfp                    000000018000c1c0 f   libucrt:fpctrl.obj
 0001:0000b23c       _set_statfp                000000018000c23c f   libucrt:fpctrl.obj
 0001:0000b25c       _statfp                    000000018000c25c f   libucrt:fpctrl.obj
 0001:0000b26d       IsProcessorFeaturePresent  000000018000c26d f   kernel32:KERNEL32.dll
 0001:0000b273       RtlUnwindEx                000000018000c273 f   kernel32:KERNEL32.dll
 0001:0000b27c       ?DloadAcquireSectionWriteAccess@@YAXXZ 000000018000c27c f i DelayImp:delayhlp.obj
 0001:0000b338       ?DloadGetSRWLockFunctionPointers@@YAEXZ 000000018000c338 f i DelayImp:delayhlp.obj
 0001:0000b3d4       ?DloadMakePermanentImageCommit@@YAXPEAX_K@Z 000000018000c3d4 f i DelayImp:delayhlp.obj
 0001:0000b470       ?DloadObtainSection@@YAPEAXPEAK0@Z 000000018000c470 f i DelayImp:delayhlp.obj
 0001:0000b504       ?DloadProtectSection@@YAXKPEAK@Z 000000018000c504 f i DelayImp:delayhlp.obj
 0001:0000b594       ?DloadReleaseSectionWriteAccess@@YAXXZ 000000018000c594 f i DelayImp:delayhlp.obj
 0001:0000b638       __delayLoadHelper2         000000018000c638 f   DelayImp:delayhlp.obj
 0001:0000b930       _FindPESection             000000018000c930 f   LIBCMT:pesect.obj
 0001:0000b980       _IsNonwritableInCurrentImage 000000018000c980 f   LIBCMT:pesect.obj
 0001:0000b9d0       _ValidateImageBase         000000018000c9d0 f   LIBCMT:pesect.obj
 0001:0000ba00       __GSHandlerCheck           000000018000ca00 f   LIBCMT:_gshandler_.obj
 0001:0000ba20       __GSHandlerCheckCommon     000000018000ca20 f   LIBCMT:_gshandler_.obj
 0001:0000ba90       _alloca_probe              000000018000ca90 f   LIBCMT:_chkstk_.obj
 0001:0000ba90       __chkstk                   000000018000ca90 f   LIBCMT:_chkstk_.obj
 0001:0000bb00       memcmp                     000000018000cb00 f   libvcruntime:memcmp.obj
 0001:0000bbe0       _guard_dispatch_icall_nop  000000018000cbe0 f   LIBCMT:_guard_dispatch_.obj
 0001:0000bc00       __guard_ss_verify_failure  000000018000cc00 f   LIBCMT:_rfgfailure_.obj
 0001:0000bc0b       __guard_ss_verify_failure_rcx 000000018000cc0b     LIBCMT:_rfgfailure_.obj
 0001:0000bc11       __guard_ss_verify_failure_rdx 000000018000cc11     LIBCMT:_rfgfailure_.obj
 0001:0000bc17       __guard_ss_verify_failure_r8 000000018000cc17     LIBCMT:_rfgfailure_.obj
 0001:0000bc1d       __guard_ss_verify_failure_r9 000000018000cc1d     LIBCMT:_rfgfailure_.obj
 0001:0000bc23       __guard_ss_verify_failure_r10 000000018000cc23     LIBCMT:_rfgfailure_.obj
 0001:0000bc30       __guard_ss_verify_failure_default 000000018000cc30 f   LIBCMT:_rfgfailure_.obj
 0001:0000bc90       __guard_ss_verify_sp       000000018000cc90 f   LIBCMT:_rfgfailure_.obj
 0001:0000bca0       __guard_ss_verify_sp_default 000000018000cca0 f   LIBCMT:_rfgfailure_.obj
 0002:00000000       __imp_GetModuleHandleA     000000018000d000     kernel32:KERNEL32.dll
 0002:00000008       __imp_VirtualQuery         000000018000d008     kernel32:KERNEL32.dll
 0002:00000010       __imp_RtlCaptureContext    000000018000d010     kernel32:KERNEL32.dll
 0002:00000018       __imp_RtlLookupFunctionEntry 000000018000d018     kernel32:KERNEL32.dll
 0002:00000020       __imp_RtlVirtualUnwind     000000018000d020     kernel32:KERNEL32.dll
 0002:00000028       __imp_UnhandledExceptionFilter 000000018000d028     kernel32:KERNEL32.dll
 0002:00000030       __imp_SetUnhandledExceptionFilter 000000018000d030     kernel32:KERNEL32.dll
 0002:00000038       __imp_GetCurrentProcess    000000018000d038     kernel32:KERNEL32.dll
 0002:00000040       __imp_TerminateProcess     000000018000d040     kernel32:KERNEL32.dll
 0002:00000048       __imp_IsProcessorFeaturePresent 000000018000d048     kernel32:KERNEL32.dll
 0002:00000050       __imp_QueryPerformanceCounter 000000018000d050     kernel32:KERNEL32.dll
 0002:00000058       __imp_GetCurrentProcessId  000000018000d058     kernel32:KERNEL32.dll
 0002:00000060       __imp_GetCurrentThreadId   000000018000d060     kernel32:KERNEL32.dll
 0002:00000068       __imp_GetSystemTimeAsFileTime 000000018000d068     kernel32:KERNEL32.dll
 0002:00000070       __imp_InitializeSListHead  000000018000d070     kernel32:KERNEL32.dll
 0002:00000078       __imp_IsDebuggerPresent    000000018000d078     kernel32:KERNEL32.dll
 0002:00000080       __imp_GetStartupInfoW      000000018000d080     kernel32:KERNEL32.dll
 0002:00000088       __imp_GetModuleHandleW     000000018000d088     kernel32:KERNEL32.dll
 0002:00000090       __imp_RtlPcToFileHeader    000000018000d090     kernel32:KERNEL32.dll
 0002:00000098       __imp_RaiseException       000000018000d098     kernel32:KERNEL32.dll
 0002:000000a0       __imp_RtlUnwindEx          000000018000d0a0     kernel32:KERNEL32.dll
 0002:000000a8       __imp_InterlockedFlushSList 000000018000d0a8     kernel32:KERNEL32.dll
 0002:000000b0       __imp_GetLastError         000000018000d0b0     kernel32:KERNEL32.dll
 0002:000000b8       __imp_SetLastError         000000018000d0b8     kernel32:KERNEL32.dll
 0002:000000c0       __imp_EnterCriticalSection 000000018000d0c0     kernel32:KERNEL32.dll
 0002:000000c8       __imp_LeaveCriticalSection 000000018000d0c8     kernel32:KERNEL32.dll
 0002:000000d0       __imp_DeleteCriticalSection 000000018000d0d0     kernel32:KERNEL32.dll
 0002:000000d8       __imp_InitializeCriticalSectionAndSpinCount 000000018000d0d8     kernel32:KERNEL32.dll
 0002:000000e0       __imp_TlsAlloc             000000018000d0e0     kernel32:KERNEL32.dll
 0002:000000e8       __imp_TlsGetValue          000000018000d0e8     kernel32:KERNEL32.dll
 0002:000000f0       __imp_TlsSetValue          000000018000d0f0     kernel32:KERNEL32.dll
 0002:000000f8       __imp_TlsFree              000000018000d0f8     kernel32:KERNEL32.dll
 0002:00000100       __imp_FreeLibrary          000000018000d100     kernel32:KERNEL32.dll
 0002:00000108       __imp_GetProcAddress       000000018000d108     kernel32:KERNEL32.dll
 0002:00000110       __imp_LoadLibraryExW       000000018000d110     kernel32:KERNEL32.dll
 0002:00000118       __imp_ExitProcess          000000018000d118     kernel32:KERNEL32.dll
 0002:00000120       __imp_GetModuleHandleExW   000000018000d120     kernel32:KERNEL32.dll
 0002:00000128       __imp_GetModuleFileNameA   000000018000d128     kernel32:KERNEL32.dll
 0002:00000130       __imp_MultiByteToWideChar  000000018000d130     kernel32:KERNEL32.dll
 0002:00000138       __imp_WideCharToMultiByte  000000018000d138     kernel32:KERNEL32.dll
 0002:00000140       __imp_HeapFree             000000018000d140     kernel32:KERNEL32.dll
 0002:00000148       __imp_HeapAlloc            000000018000d148     kernel32:KERNEL32.dll
 0002:00000150       __imp_GetACP               000000018000d150     kernel32:KERNEL32.dll
 0002:00000158       __imp_FindClose            000000018000d158     kernel32:KERNEL32.dll
 0002:00000160       __imp_FindFirstFileExA     000000018000d160     kernel32:KERNEL32.dll
 0002:00000168       __imp_FindNextFileA        000000018000d168     kernel32:KERNEL32.dll
 0002:00000170       __imp_IsValidCodePage      000000018000d170     kernel32:KERNEL32.dll
 0002:00000178       __imp_GetOEMCP             000000018000d178     kernel32:KERNEL32.dll
 0002:00000180       __imp_GetCPInfo            000000018000d180     kernel32:KERNEL32.dll
 0002:00000188       __imp_GetCommandLineA      000000018000d188     kernel32:KERNEL32.dll
 0002:00000190       __imp_GetCommandLineW      000000018000d190     kernel32:KERNEL32.dll
 0002:00000198       __imp_GetEnvironmentStringsW 000000018000d198     kernel32:KERNEL32.dll
 0002:000001a0       __imp_FreeEnvironmentStringsW 000000018000d1a0     kernel32:KERNEL32.dll
 0002:000001a8       __imp_LCMapStringW         000000018000d1a8     kernel32:KERNEL32.dll
 0002:000001b0       __imp_GetProcessHeap       000000018000d1b0     kernel32:KERNEL32.dll
 0002:000001b8       __imp_GetStdHandle         000000018000d1b8     kernel32:KERNEL32.dll
 0002:000001c0       __imp_GetFileType          000000018000d1c0     kernel32:KERNEL32.dll
 0002:000001c8       __imp_GetStringTypeW       000000018000d1c8     kernel32:KERNEL32.dll
 0002:000001d0       __imp_HeapSize             000000018000d1d0     kernel32:KERNEL32.dll
 0002:000001d8       __imp_HeapReAlloc          000000018000d1d8     kernel32:KERNEL32.dll
 0002:000001e0       __imp_SetStdHandle         000000018000d1e0     kernel32:KERNEL32.dll
 0002:000001e8       __imp_FlushFileBuffers     000000018000d1e8     kernel32:KERNEL32.dll
 0002:000001f0       __imp_WriteFile            000000018000d1f0     kernel32:KERNEL32.dll
 0002:000001f8       __imp_GetConsoleCP         000000018000d1f8     kernel32:KERNEL32.dll
 0002:00000200       __imp_GetConsoleMode       000000018000d200     kernel32:KERNEL32.dll
 0002:00000208       __imp_SetFilePointerEx     000000018000d208     kernel32:KERNEL32.dll
 0002:00000210       __imp_CreateFileW          000000018000d210     kernel32:KERNEL32.dll
 0002:00000218       __imp_CloseHandle          000000018000d218     kernel32:KERNEL32.dll
 0002:00000220       __imp_WriteConsoleW        000000018000d220     kernel32:KERNEL32.dll
 0002:00000228       __imp_GetSystemInfo        000000018000d228     kernel32:KERNEL32.dll
 0002:00000230       __imp_VirtualProtect       000000018000d230     kernel32:KERNEL32.dll
 0002:00000238       __imp_LoadLibraryExA       000000018000d238     kernel32:KERNEL32.dll
 0002:00000240       \177KERNEL32_NULL_THUNK_DATA 000000018000d240     kernel32:KERNEL32.dll
 0002:00000248       __guard_check_icall_fptr   000000018000d248     LIBCMT:guard_support.obj
 0002:00000250       __guard_dispatch_icall_fptr 000000018000d250     LIBCMT:guard_support.obj
 0002:00000258       __guard_ss_verify_failure_fptr 000000018000d258     LIBCMT:guard_support.obj
 0002:00000260       __guard_ss_verify_sp_fptr  000000018000d260     LIBCMT:guard_support.obj
 0002:00000268       __xc_a                     000000018000d268     LIBCMT:initializers.obj
 0002:00000270       _register_testaddon_       000000018000d270     main_CPPconnector.obj
 0002:00000278       __xc_z                     000000018000d278     LIBCMT:initializers.obj
 0002:00000280       __xi_a                     000000018000d280     LIBCMT:initializers.obj
 0002:00000288       __acrt_multibyte_initializer 000000018000d288     libucrt:multibyte_initializer.obj
 0002:00000290       __acrt_stdio_initializer   000000018000d290     libucrt:stdio_initializer.obj
 0002:00000298       __acrt_tran_fma3_initializer 000000018000d298     libucrt:fma3_initializer.obj
 0002:000002a0       __xi_z                     000000018000d2a0     LIBCMT:initializers.obj
 0002:000002a8       __xp_a                     000000018000d2a8     LIBCMT:initializers.obj
 0002:000002b0       __acrt_locale_terminator   000000018000d2b0     libucrt:locale_initializer.obj
 0002:000002b8       __dcrt_console_output_terminator 000000018000d2b8     libucrt:console_output_initializer.obj
 0002:000002c0       __acrt_stdio_terminator    000000018000d2c0     libucrt:stdio_initializer.obj
 0002:000002c8       __xp_z                     000000018000d2c8     LIBCMT:initializers.obj
 0002:000002d0       __xt_a                     000000018000d2d0     LIBCMT:initializers.obj
 0002:000002d8       __xt_z                     000000018000d2d8     LIBCMT:initializers.obj
 0002:000002e0       __sz_node_exe              000000018000d2e0     node:node.exe
 0002:000002f8       ??_7exception@std@@6B@     000000018000d2f8     libcpmt:xthrow.obj
 0002:00000308       ??_C@_0BC@EOODALEL@Unknown?5exception?$AA@ 000000018000d308     libcpmt:xthrow.obj
 0002:00000328       ??_7bad_alloc@std@@6B@     000000018000d328     libcpmt:xthrow.obj
 0002:00000338       ??_C@_0P@GHFPNOJB@bad?5allocation?$AA@ 000000018000d338     libcpmt:xthrow.obj
 0002:00000350       ??_7logic_error@std@@6B@   000000018000d350     libcpmt:xthrow.obj
 0002:00000368       ??_7length_error@std@@6B@  000000018000d368     libcpmt:xthrow.obj
 0002:00000378       _pRawDllMain               000000018000d378     LIBCMT:dll_dllmain.obj
 0002:00000378       _pDefaultRawDllMain        000000018000d378     LIBCMT:dll_dllmain.obj
 0002:00000388       ??_7type_info@@6B@         000000018000d388     LIBCMT:std_type_info_static.obj
 0002:000003a8       ??_7bad_array_new_length@std@@6B@ 000000018000d3a8     LIBCMT:throw_bad_alloc.obj
 0002:000003b8       ??_C@_0BF@KINCDENJ@bad?5array?5new?5length?$AA@ 000000018000d3b8     LIBCMT:throw_bad_alloc.obj
 0002:00000738       ??_C@_08EHJDFFNH@__based?$CI?$AA@ 000000018000d738     libvcruntime:undname.obj
 0002:00000748       ??_C@_07KOLFKCDI@__cdecl?$AA@ 000000018000d748     libvcruntime:undname.obj
 0002:00000750       ??_C@_08GHMPAG@__pascal?$AA@ 000000018000d750     libvcruntime:undname.obj
 0002:00000760       ??_C@_09IFJBGAPI@__stdcall?$AA@ 000000018000d760     libvcruntime:undname.obj
 0002:00000770       ??_C@_0L@NPHFGOKO@__thiscall?$AA@ 000000018000d770     libvcruntime:undname.obj
 0002:00000780       ??_C@_0L@JMKHOMEK@__fastcall?$AA@ 000000018000d780     libvcruntime:undname.obj
 0002:00000790       ??_C@_0N@BCKKPABJ@__vectorcall?$AA@ 000000018000d790     libvcruntime:undname.obj
 0002:000007a0       ??_C@_09HIJEGCPM@__clrcall?$AA@ 000000018000d7a0     libvcruntime:undname.obj
 0002:000007ac       ??_C@_06GHPCKEAG@__eabi?$AA@ 000000018000d7ac     libvcruntime:undname.obj
 0002:000007b8       ??_C@_07JOMMBBKO@__ptr64?$AA@ 000000018000d7b8     libvcruntime:undname.obj
 0002:000007c0       ??_C@_0L@PILCLIHE@__restrict?$AA@ 000000018000d7c0     libvcruntime:undname.obj
 0002:000007d0       ??_C@_0M@GFIIJFMG@__unaligned?$AA@ 000000018000d7d0     libvcruntime:undname.obj
 0002:000007e0       ??_C@_09DHDLOLLB@restrict?$CI?$AA@ 000000018000d7e0     libvcruntime:undname.obj
 0002:000007ea       ??_C@_00CNPNBAHC@?$AA@     000000018000d7ea     libvcruntime:undname.obj
 0002:000007ec       ??_C@_04NIHEBCM@?5new?$AA@ 000000018000d7ec     libvcruntime:undname.obj
 0002:000007f8       ??_C@_07FPCDHGMM@?5delete?$AA@ 000000018000d7f8     libvcruntime:undname.obj
 0002:00000800       ??_C@_01NEMOKFLO@?$DN?$AA@ 000000018000d800     libvcruntime:undname.obj
 0002:00000804       ??_C@_02GPIOPFAK@?$DO?$DO?$AA@ 000000018000d804     libvcruntime:undname.obj
 0002:00000808       ??_C@_02FODMEDOG@?$DM?$DM?$AA@ 000000018000d808     libvcruntime:undname.obj
 0002:0000080c       ??_C@_01DCLJPIOD@?$CB?$AA@ 000000018000d80c     libvcruntime:undname.obj
 0002:00000810       ??_C@_02EGOFBIJA@?$DN?$DN?$AA@ 000000018000d810     libvcruntime:undname.obj
 0002:00000814       ??_C@_02FDNJECIE@?$CB?$DN?$AA@ 000000018000d814     libvcruntime:undname.obj
 0002:00000818       ??_C@_02GPECMEKF@?$FL?$FN?$AA@ 000000018000d818     libvcruntime:undname.obj
 0002:00000820       ??_C@_08LHJFAFGD@operator?$AA@ 000000018000d820     libvcruntime:undname.obj
 0002:0000082c       ??_C@_02HBOOOICD@?9?$DO?$AA@ 000000018000d82c     libvcruntime:undname.obj
 0002:00000830       ??_C@_01NBENCBCI@?$CK?$AA@ 000000018000d830     libvcruntime:undname.obj
 0002:00000834       ??_C@_02ECNGHCIF@?$CL?$CL?$AA@ 000000018000d834     libvcruntime:undname.obj
 0002:00000838       ??_C@_02BAABKJLB@?9?9?$AA@ 000000018000d838     libvcruntime:undname.obj
 0002:0000083c       ??_C@_01JOAMLHOP@?9?$AA@   000000018000d83c     libvcruntime:undname.obj
 0002:00000840       ??_C@_01MIFGBAGJ@?$CL?$AA@ 000000018000d840     libvcruntime:undname.obj
 0002:00000844       ??_C@_01HNPIGOCE@?$CG?$AA@ 000000018000d844     libvcruntime:undname.obj
 0002:00000848       ??_C@_03MNHNFDLC@?9?$DO?$CK?$AA@ 000000018000d848     libvcruntime:undname.obj
 0002:0000084c       ??_C@_01KMDKNFGN@?1?$AA@   000000018000d84c     libvcruntime:undname.obj
 0002:00000850       ??_C@_01FGNFDNOH@?$CF?$AA@ 000000018000d850     libvcruntime:undname.obj
 0002:00000854       ??_C@_01MNNFJEPP@?$DM?$AA@ 000000018000d854     libvcruntime:undname.obj
 0002:00000858       ??_C@_02EHCHHCKH@?$DM?$DN?$AA@ 000000018000d858     libvcruntime:undname.obj
 0002:0000085c       ??_C@_01PPODPGHN@?$DO?$AA@ 000000018000d85c     libvcruntime:undname.obj
 0002:00000860       ??_C@_02EEKDKGMJ@?$DO?$DN?$AA@ 000000018000d860     libvcruntime:undname.obj
 0002:00000864       ??_C@_01IHBHIGKO@?0?$AA@   000000018000d864     libvcruntime:undname.obj
 0002:00000868       ??_C@_02HCKGKOFO@?$CI?$CJ?$AA@ 000000018000d868     libvcruntime:undname.obj
 0002:0000086c       ??_C@_01PJKLJHI@?$HO?$AA@  000000018000d86c     libvcruntime:undname.obj
 0002:00000870       ??_C@_01JKBOJNNK@?$FO?$AA@ 000000018000d870     libvcruntime:undname.obj
 0002:00000874       ??_C@_01DNKMNLPK@?$HM?$AA@ 000000018000d874     libvcruntime:undname.obj
 0002:00000878       ??_C@_02PPKAJPJL@?$CG?$CG?$AA@ 000000018000d878     libvcruntime:undname.obj
 0002:0000087c       ??_C@_02NONPIBCD@?$HM?$HM?$AA@ 000000018000d87c     libvcruntime:undname.obj
 0002:00000880       ??_C@_02FPIMKNGF@?$CK?$DN?$AA@ 000000018000d880     libvcruntime:undname.obj
 0002:00000884       ??_C@_02FOEOMHFC@?$CL?$DN?$AA@ 000000018000d884     libvcruntime:undname.obj
 0002:00000888       ??_C@_02FKMDLLOA@?9?$DN?$AA@ 000000018000d888     libvcruntime:undname.obj
 0002:0000088c       ??_C@_02FJEHGPIO@?1?$DN?$AA@ 000000018000d88c     libvcruntime:undname.obj
 0002:00000890       ??_C@_02FENAOKFI@?$CF?$DN?$AA@ 000000018000d890     libvcruntime:undname.obj
 0002:00000894       ??_C@_03IKFCCPFF@?$DO?$DO?$DN?$AA@ 000000018000d894     libvcruntime:undname.obj
 0002:00000898       ??_C@_03CDNPDDLA@?$DM?$DM?$DN?$AA@ 000000018000d898     libvcruntime:undname.obj
 0002:0000089c       ??_C@_02FGJGFEAB@?$CG?$DN?$AA@ 000000018000d89c     libvcruntime:undname.obj
 0002:000008a0       ??_C@_02DHLNPPGH@?$HM?$DN?$AA@ 000000018000d8a0     libvcruntime:undname.obj
 0002:000008a4       ??_C@_02MHEGNOJ@?$FO?$DN?$AA@ 000000018000d8a4     libvcruntime:undname.obj
 0002:000008a8       ??_C@_09IFPLHPGF@?$GAvftable?8?$AA@ 000000018000d8a8     libvcruntime:undname.obj
 0002:000008b8       ??_C@_09BLBHBJP@?$GAvbtable?8?$AA@ 000000018000d8b8     libvcruntime:undname.obj
 0002:000008c8       ??_C@_07FEEIOKP@?$GAvcall?8?$AA@ 000000018000d8c8     libvcruntime:undname.obj
 0002:000008d0       ??_C@_08LLFFHHDJ@?$GAtypeof?8?$AA@ 000000018000d8d0     libvcruntime:undname.obj
 0002:000008e0       ??_C@_0BF@KDPPACIK@?$GAlocal?5static?5guard?8?$AA@ 000000018000d8e0     libvcruntime:undname.obj
 0002:000008f8       ??_C@_08OBABFOLI@?$GAstring?8?$AA@ 000000018000d8f8     libvcruntime:undname.obj
 0002:00000908       ??_C@_0BD@JDLKDPAB@?$GAvbase?5destructor?8?$AA@ 000000018000d908     libvcruntime:undname.obj
 0002:00000920       ??_C@_0BN@DEGPLNFK@?$GAvector?5deleting?5destructor?8?$AA@ 000000018000d920     libvcruntime:undname.obj
 0002:00000940       ??_C@_0BO@OBMKPJIG@?$GAdefault?5constructor?5closure?8?$AA@ 000000018000d940     libvcruntime:undname.obj
 0002:00000960       ??_C@_0BN@IMDCHIKM@?$GAscalar?5deleting?5destructor?8?$AA@ 000000018000d960     libvcruntime:undname.obj
 0002:00000980       ??_C@_0BO@PFGOCPJJ@?$GAvector?5constructor?5iterator?8?$AA@ 000000018000d980     libvcruntime:undname.obj
 0002:000009a0       ??_C@_0BN@LFPFMEDL@?$GAvector?5destructor?5iterator?8?$AA@ 000000018000d9a0     libvcruntime:undname.obj
 0002:000009c0       ??_C@_0CE@IKBNEHA@?$GAvector?5vbase?5constructor?5iterat@ 000000018000d9c0     libvcruntime:undname.obj
 0002:000009e8       ??_C@_0BL@NILFHHPC@?$GAvirtual?5displacement?5map?8?$AA@ 000000018000d9e8     libvcruntime:undname.obj
 0002:00000a08       ??_C@_0CB@JONCMFFK@?$GAeh?5vector?5constructor?5iterator?8@ 000000018000da08     libvcruntime:undname.obj
 0002:00000a30       ??_C@_0CA@GCEOPDGL@?$GAeh?5vector?5destructor?5iterator?8?$AA@ 000000018000da30     libvcruntime:undname.obj
 0002:00000a50       ??_C@_0CH@OOJPLCPH@?$GAeh?5vector?5vbase?5constructor?5ite@ 000000018000da50     libvcruntime:undname.obj
 0002:00000a78       ??_C@_0BL@LLKPOHJI@?$GAcopy?5constructor?5closure?8?$AA@ 000000018000da78     libvcruntime:undname.obj
 0002:00000a98       ??_C@_0BA@KBCDOMBN@?$GAudt?5returning?8?$AA@ 000000018000da98     libvcruntime:undname.obj
 0002:00000aa8       ??_C@_03KLGMFNMG@?$GAEH?$AA@ 000000018000daa8     libvcruntime:undname.obj
 0002:00000aac       ??_C@_05KHLCHHI@?$GARTTI?$AA@ 000000018000daac     libvcruntime:undname.obj
 0002:00000ab8       ??_C@_0BA@KKLDJDLB@?$GAlocal?5vftable?8?$AA@ 000000018000dab8     libvcruntime:undname.obj
 0002:00000ac8       ??_C@_0CE@IIHCMGGL@?$GAlocal?5vftable?5constructor?5closu@ 000000018000dac8     libvcruntime:undname.obj
 0002:00000aec       ??_C@_06FHBGPFGH@?5new?$FL?$FN?$AA@ 000000018000daec     libvcruntime:undname.obj
 0002:00000af8       ??_C@_09LBNFPBCA@?5delete?$FL?$FN?$AA@ 000000018000daf8     libvcruntime:undname.obj
 0002:00000b08       ??_C@_0P@HJKNJFNN@?$GAomni?5callsig?8?$AA@ 000000018000db08     libvcruntime:undname.obj
 0002:00000b18       ??_C@_0BL@CNOONJFP@?$GAplacement?5delete?5closure?8?$AA@ 000000018000db18     libvcruntime:undname.obj
 0002:00000b38       ??_C@_0BN@CKNJLHMB@?$GAplacement?5delete?$FL?$FN?5closure?8?$AA@ 000000018000db38     libvcruntime:undname.obj
 0002:00000b58       ??_C@_0CG@CFDHKGGD@?$GAmanaged?5vector?5constructor?5iter@ 000000018000db58     libvcruntime:undname.obj
 0002:00000b80       ??_C@_0CF@IMGKMJNO@?$GAmanaged?5vector?5destructor?5itera@ 000000018000db80     libvcruntime:undname.obj
 0002:00000ba8       ??_C@_0CG@HLDDJMAG@?$GAeh?5vector?5copy?5constructor?5iter@ 000000018000dba8     libvcruntime:undname.obj
 0002:00000bd0       ??_C@_0CM@FCBBDIGB@?$GAeh?5vector?5vbase?5copy?5constructo@ 000000018000dbd0     libvcruntime:undname.obj
 0002:00000c00       ??_C@_0BL@CLIPGLGB@?$GAdynamic?5initializer?5for?5?8?$AA@ 000000018000dc00     libvcruntime:undname.obj
 0002:00000c20       ??_C@_0CB@PDBIFEP@?$GAdynamic?5atexit?5destructor?5for?5?8@ 000000018000dc20     libvcruntime:undname.obj
 0002:00000c48       ??_C@_0CD@CGAJBKEJ@?$GAvector?5copy?5constructor?5iterato@ 000000018000dc48     libvcruntime:undname.obj
 0002:00000c70       ??_C@_0CJ@GJELGAMM@?$GAvector?5vbase?5copy?5constructor?5i@ 000000018000dc70     libvcruntime:undname.obj
 0002:00000ca0       ??_C@_0CL@FGIJHLCE@?$GAmanaged?5vector?5copy?5constructor@ 000000018000dca0     libvcruntime:undname.obj
 0002:00000cd0       ??_C@_0BM@PMGGMLDN@?$GAlocal?5static?5thread?5guard?8?$AA@ 000000018000dcd0     libvcruntime:undname.obj
 0002:00000cf0       ??_C@_0N@BDNMDMOL@operator?5?$CC?$CC?5?$AA@ 000000018000dcf0     libvcruntime:undname.obj
 0002:00000d00       ??_C@_0BC@GGEBGALA@operator?5co_await?$AA@ 000000018000dd00     libvcruntime:undname.obj
 0002:00000d18       ??_C@_0BC@DAFEJGAK@?5Type?5Descriptor?8?$AA@ 000000018000dd18     libvcruntime:undname.obj
 0002:00000d30       ??_C@_0BM@LDKODKLH@?5Base?5Class?5Descriptor?5at?5?$CI?$AA@ 000000018000dd30     libvcruntime:undname.obj
 0002:00000d50       ??_C@_0BD@LGICGFMM@?5Base?5Class?5Array?8?$AA@ 000000018000dd50     libvcruntime:undname.obj
 0002:00000d68       ??_C@_0BN@MECKDCOJ@?5Class?5Hierarchy?5Descriptor?8?$AA@ 000000018000dd68     libvcruntime:undname.obj
 0002:00000d88       ??_C@_0BK@CFCOFLF@?5Complete?5Object?5Locator?8?$AA@ 000000018000dd88     libvcruntime:undname.obj
 0002:00000dc0       ??_C@_1DM@KHCHBNEB@?$AAa?$AAp?$AAi?$AA?9?$AAm?$AAs?$AA?9?$AAw?$AAi?$AAn?$AA?9?$AAc?$AAo?$AAr?$AAe?$AA?9?$AAf?$AAi?$AAb?$AAe?$AAr?$AAs?$AA?9?$AAl?$AA1?$AA?9?$AA1?$AA?9?$AA1?$AA?$AA@ 000000018000ddc0     libvcruntime:winapi_downlevel.obj
 0002:00000e00       ??_C@_1DK@LPPGFMPP@?$AAa?$AAp?$AAi?$AA?9?$AAm?$AAs?$AA?9?$AAw?$AAi?$AAn?$AA?9?$AAc?$AAo?$AAr?$AAe?$AA?9?$AAs?$AAy?$AAn?$AAc?$AAh?$AA?9?$AAl?$AA1?$AA?9?$AA2?$AA?9?$AA0?$AA?$AA@ 000000018000de00     libvcruntime:winapi_downlevel.obj
 0002:00000e40       ??_C@_1BC@GDMECMAK@?$AAk?$AAe?$AAr?$AAn?$AAe?$AAl?$AA3?$AA2?$AA?$AA@ 000000018000de40     libvcruntime:winapi_downlevel.obj
 0002:00000e58       ??_C@_1BA@PFFKHIOG@?$AAa?$AAp?$AAi?$AA?9?$AAm?$AAs?$AA?9?$AA?$AA@ 000000018000de58     libvcruntime:winapi_downlevel.obj
 0002:00000e68       ??_C@_1BA@IAIFMGEF@?$AAe?$AAx?$AAt?$AA?9?$AAm?$AAs?$AA?9?$AA?$AA@ 000000018000de68     libvcruntime:winapi_downlevel.obj
 0002:00000e80       ??_C@_08KNHFBNJ@FlsAlloc?$AA@ 000000018000de80     libvcruntime:winapi_downlevel.obj
 0002:00000e98       ??_C@_07PEJMOBNF@FlsFree?$AA@ 000000018000de98     libvcruntime:winapi_downlevel.obj
 0002:00000ea8       ??_C@_0M@GDNOONDI@FlsGetValue?$AA@ 000000018000dea8     libvcruntime:winapi_downlevel.obj
 0002:00000ec0       ??_C@_0M@JCPCPOEF@FlsSetValue?$AA@ 000000018000dec0     libvcruntime:winapi_downlevel.obj
 0002:00000ed8       ??_C@_0BM@HCFOFFN@InitializeCriticalSectionEx?$AA@ 000000018000ded8     libvcruntime:winapi_downlevel.obj
 0002:00000f00       __acrt_exception_action_table 000000018000df00     libucrt:exception_filter.obj
 0002:00000fc0       __acrt_signal_action_table_count 000000018000dfc0     libucrt:exception_filter.obj
 0002:00000fc8       __acrt_signal_action_first_fpe_index 000000018000dfc8     libucrt:exception_filter.obj
 0002:00000fd0       __acrt_signal_action_fpe_count 000000018000dfd0     libucrt:exception_filter.obj
 0002:00000fd8       ??_C@_1BI@BGOHAHKC@?$AAm?$AAs?$AAc?$AAo?$AAr?$AAe?$AAe?$AA?4?$AAd?$AAl?$AAl?$AA?$AA@ 000000018000dfd8     libucrt:exit.obj
 0002:00000ff0       ??_C@_0P@MIGLKIOC@CorExitProcess?$AA@ 000000018000dff0     libucrt:exit.obj
 0002:00001260       __lc_time_c                000000018000e260     libucrt:nlsdata.obj
 0002:00001520       ??_C@_03KOEHGMDN@Sun?$AA@  000000018000e520     libucrt:nlsdata.obj
 0002:00001524       ??_C@_03PDAGKDH@Mon?$AA@   000000018000e524     libucrt:nlsdata.obj
 0002:00001528       ??_C@_03NAGEINEP@Tue?$AA@  000000018000e528     libucrt:nlsdata.obj
 0002:0000152c       ??_C@_03MHOMLAJA@Wed?$AA@  000000018000e52c     libucrt:nlsdata.obj
 0002:00001530       ??_C@_03IOFIKPDN@Thu?$AA@  000000018000e530     libucrt:nlsdata.obj
 0002:00001534       ??_C@_03IDIOELNC@Fri?$AA@  000000018000e534     libucrt:nlsdata.obj
 0002:00001538       ??_C@_03FEFJNEK@Sat?$AA@   000000018000e538     libucrt:nlsdata.obj
 0002:0000153c       ??_C@_06OOPIFAJ@Sunday?$AA@ 000000018000e53c     libucrt:nlsdata.obj
 0002:00001544       ??_C@_06JLEDEDGH@Monday?$AA@ 000000018000e544     libucrt:nlsdata.obj
 0002:00001550       ??_C@_07BAAGCFCM@Tuesday?$AA@ 000000018000e550     libucrt:nlsdata.obj
 0002:00001558       ??_C@_09DLIGFAKA@Wednesday?$AA@ 000000018000e558     libucrt:nlsdata.obj
 0002:00001568       ??_C@_08HACCIKIA@Thursday?$AA@ 000000018000e568     libucrt:nlsdata.obj
 0002:00001574       ??_C@_06JECMNKMI@Friday?$AA@ 000000018000e574     libucrt:nlsdata.obj
 0002:00001580       ??_C@_08INBOOONO@Saturday?$AA@ 000000018000e580     libucrt:nlsdata.obj
 0002:0000158c       ??_C@_03JIHJHPIE@Jan?$AA@  000000018000e58c     libucrt:nlsdata.obj
 0002:00001590       ??_C@_03HJBDCHOM@Feb?$AA@  000000018000e590     libucrt:nlsdata.obj
 0002:00001594       ??_C@_03ODNJBKGA@Mar?$AA@  000000018000e594     libucrt:nlsdata.obj
 0002:00001598       ??_C@_03LEOLGMJP@Apr?$AA@  000000018000e598     libucrt:nlsdata.obj
 0002:0000159c       ??_C@_03CNMDKL@May?$AA@    000000018000e59c     libucrt:nlsdata.obj
 0002:000015a0       ??_C@_03IDFGHECI@Jun?$AA@  000000018000e5a0     libucrt:nlsdata.obj
 0002:000015a4       ??_C@_03LBGABGKK@Jul?$AA@  000000018000e5a4     libucrt:nlsdata.obj
 0002:000015a8       ??_C@_03IFJFEIGA@Aug?$AA@  000000018000e5a8     libucrt:nlsdata.obj
 0002:000015ac       ??_C@_03GGCAPAJC@Sep?$AA@  000000018000e5ac     libucrt:nlsdata.obj
 0002:000015b0       ??_C@_03BMAOKBAD@Oct?$AA@  000000018000e5b0     libucrt:nlsdata.obj
 0002:000015b4       ??_C@_03JPJOFNIA@Nov?$AA@  000000018000e5b4     libucrt:nlsdata.obj
 0002:000015b8       ??_C@_03MKABNOCG@Dec?$AA@  000000018000e5b8     libucrt:nlsdata.obj
 0002:000015c0       ??_C@_07CGJPFGJA@January?$AA@ 000000018000e5c0     libucrt:nlsdata.obj
 0002:000015c8       ??_C@_08GNJGEPFN@February?$AA@ 000000018000e5c8     libucrt:nlsdata.obj
 0002:000015d4       ??_C@_05HPCKOFNC@March?$AA@ 000000018000e5d4     libucrt:nlsdata.obj
 0002:000015dc       ??_C@_05DMJDNLEJ@April?$AA@ 000000018000e5dc     libucrt:nlsdata.obj
 0002:000015e4       ??_C@_04CNLMGBGM@June?$AA@ 000000018000e5e4     libucrt:nlsdata.obj
 0002:000015ec       ??_C@_04MIEPOIFP@July?$AA@ 000000018000e5ec     libucrt:nlsdata.obj
 0002:000015f4       ??_C@_06LBBHFDDG@August?$AA@ 000000018000e5f4     libucrt:nlsdata.obj
 0002:00001600       ??_C@_09BHHEALKD@September?$AA@ 000000018000e600     libucrt:nlsdata.obj
 0002:00001610       ??_C@_07JJNFCEND@October?$AA@ 000000018000e610     libucrt:nlsdata.obj
 0002:00001618       ??_C@_08HCHEGEOA@November?$AA@ 000000018000e618     libucrt:nlsdata.obj
 0002:00001628       ??_C@_08EDHMEBNP@December?$AA@ 000000018000e628     libucrt:nlsdata.obj
 0002:00001634       ??_C@_02DEDBPAFC@AM?$AA@   000000018000e634     libucrt:nlsdata.obj
 0002:00001638       ??_C@_02CJNFDJBF@PM?$AA@   000000018000e638     libucrt:nlsdata.obj
 0002:00001640       ??_C@_08BPBNCDIB@MM?1dd?1yy?$AA@ 000000018000e640     libucrt:nlsdata.obj
 0002:00001650       ??_C@_0BE@CKGJFCPC@dddd?0?5MMMM?5dd?0?5yyyy?$AA@ 000000018000e650     libucrt:nlsdata.obj
 0002:00001668       ??_C@_08JCCMCCIL@HH?3mm?3ss?$AA@ 000000018000e668     libucrt:nlsdata.obj
 0002:00001678       ??_C@_17MBGCMIPB@?$AAS?$AAu?$AAn?$AA?$AA@ 000000018000e678     libucrt:nlsdata.obj
 0002:00001680       ??_C@_17KBOMKBF@?$AAM?$AAo?$AAn?$AA?$AA@ 000000018000e680     libucrt:nlsdata.obj
 0002:00001688       ??_C@_17BMKGEGOJ@?$AAT?$AAu?$AAe?$AA?$AA@ 000000018000e688     libucrt:nlsdata.obj
 0002:00001690       ??_C@_17CJEDCEPE@?$AAW?$AAe?$AAd?$AA?$AA@ 000000018000e690     libucrt:nlsdata.obj
 0002:00001698       ??_C@_17PDPHAADD@?$AAT?$AAh?$AAu?$AA?$AA@ 000000018000e698     libucrt:nlsdata.obj
 0002:000016a0       ??_C@_17HFOLPPLP@?$AAF?$AAr?$AAi?$AA?$AA@ 000000018000e6a0     libucrt:nlsdata.obj
 0002:000016a8       ??_C@_17GGIBDPIH@?$AAS?$AAa?$AAt?$AA?$AA@ 000000018000e6a8     libucrt:nlsdata.obj
 0002:000016b0       ??_C@_1O@IHNHDHPB@?$AAS?$AAu?$AAn?$AAd?$AAa?$AAy?$AA?$AA@ 000000018000e6b0     libucrt:nlsdata.obj
 0002:000016c0       ??_C@_1O@MMNBFLIA@?$AAM?$AAo?$AAn?$AAd?$AAa?$AAy?$AA?$AA@ 000000018000e6c0     libucrt:nlsdata.obj
 0002:000016d0       ??_C@_1BA@ENFBFFEK@?$AAT?$AAu?$AAe?$AAs?$AAd?$AAa?$AAy?$AA?$AA@ 000000018000e6d0     libucrt:nlsdata.obj
 0002:000016e0       ??_C@_1BE@EBOGMDOH@?$AAW?$AAe?$AAd?$AAn?$AAe?$AAs?$AAd?$AAa?$AAy?$AA?$AA@ 000000018000e6e0     libucrt:nlsdata.obj
 0002:000016f8       ??_C@_1BC@HHMNLIHE@?$AAT?$AAh?$AAu?$AAr?$AAs?$AAd?$AAa?$AAy?$AA?$AA@ 000000018000e6f8     libucrt:nlsdata.obj
 0002:00001710       ??_C@_1O@PDICJHAG@?$AAF?$AAr?$AAi?$AAd?$AAa?$AAy?$AA?$AA@ 000000018000e710     libucrt:nlsdata.obj
 0002:00001720       ??_C@_1BC@ENMNNPAJ@?$AAS?$AAa?$AAt?$AAu?$AAr?$AAd?$AAa?$AAy?$AA?$AA@ 000000018000e720     libucrt:nlsdata.obj
 0002:00001738       ??_C@_17DKNBKCHM@?$AAJ?$AAa?$AAn?$AA?$AA@ 000000018000e738     libucrt:nlsdata.obj
 0002:00001740       ??_C@_17LMDJEKJN@?$AAF?$AAe?$AAb?$AA?$AA@ 000000018000e740     libucrt:nlsdata.obj
 0002:00001748       ??_C@_17CKNLEDEC@?$AAM?$AAa?$AAr?$AA?$AA@ 000000018000e748     libucrt:nlsdata.obj
 0002:00001750       ??_C@_17LFPOIHDD@?$AAA?$AAp?$AAr?$AA?$AA@ 000000018000e750     libucrt:nlsdata.obj
 0002:00001758       ??_C@_17PNNKMEED@?$AAM?$AAa?$AAy?$AA?$AA@ 000000018000e758     libucrt:nlsdata.obj
 0002:00001760       ??_C@_17KCJGOCPB@?$AAJ?$AAu?$AAn?$AA?$AA@ 000000018000e760     libucrt:nlsdata.obj
 0002:00001768       ??_C@_17IJPCKHK@?$AAJ?$AAu?$AAl?$AA?$AA@ 000000018000e768     libucrt:nlsdata.obj
 0002:00001770       ??_C@_17ICPELBCN@?$AAA?$AAu?$AAg?$AA?$AA@ 000000018000e770     libucrt:nlsdata.obj
 0002:00001778       ??_C@_17HCHCOKMG@?$AAS?$AAe?$AAp?$AA?$AA@ 000000018000e778     libucrt:nlsdata.obj
 0002:00001780       ??_C@_17FNLKOI@?$AAO?$AAc?$AAt?$AA?$AA@ 000000018000e780     libucrt:nlsdata.obj
 0002:00001788       ??_C@_17BBDMLCIG@?$AAN?$AAo?$AAv?$AA?$AA@ 000000018000e788     libucrt:nlsdata.obj
 0002:00001790       ??_C@_17EGKACKIF@?$AAD?$AAe?$AAc?$AA?$AA@ 000000018000e790     libucrt:nlsdata.obj
 0002:00001798       ??_C@_1BA@EFMEIEBA@?$AAJ?$AAa?$AAn?$AAu?$AAa?$AAr?$AAy?$AA?$AA@ 000000018000e798     libucrt:nlsdata.obj
 0002:000017a8       ??_C@_1BC@JGDDFFAM@?$AAF?$AAe?$AAb?$AAr?$AAu?$AAa?$AAr?$AAy?$AA?$AA@ 000000018000e7a8     libucrt:nlsdata.obj
 0002:000017c0       ??_C@_1M@IKEENEDF@?$AAM?$AAa?$AAr?$AAc?$AAh?$AA?$AA@ 000000018000e7c0     libucrt:nlsdata.obj
 0002:000017d0       ??_C@_1M@GJNLMHFD@?$AAA?$AAp?$AAr?$AAi?$AAl?$AA?$AA@ 000000018000e7d0     libucrt:nlsdata.obj
 0002:000017e0       ??_C@_19EPFLPGAP@?$AAJ?$AAu?$AAn?$AAe?$AA?$AA@ 000000018000e7e0     libucrt:nlsdata.obj
 0002:000017f0       ??_C@_19BIFMLPCD@?$AAJ?$AAu?$AAl?$AAy?$AA?$AA@ 000000018000e7f0     libucrt:nlsdata.obj
 0002:00001800       ??_C@_1O@PAHLKOAC@?$AAA?$AAu?$AAg?$AAu?$AAs?$AAt?$AA?$AA@ 000000018000e800     libucrt:nlsdata.obj
 0002:00001810       ??_C@_1BE@DKAAMBJL@?$AAS?$AAe?$AAp?$AAt?$AAe?$AAm?$AAb?$AAe?$AAr?$AA?$AA@ 000000018000e810     libucrt:nlsdata.obj
 0002:00001828       ??_C@_1BA@EPANDLNG@?$AAO?$AAc?$AAt?$AAo?$AAb?$AAe?$AAr?$AA?$AA@ 000000018000e828     libucrt:nlsdata.obj
 0002:00001838       ??_C@_1BC@BGLIFPF@?$AAN?$AAo?$AAv?$AAe?$AAm?$AAb?$AAe?$AAr?$AA?$AA@ 000000018000e838     libucrt:nlsdata.obj
 0002:00001850       ??_C@_1BC@FEMKIFH@?$AAD?$AAe?$AAc?$AAe?$AAm?$AAb?$AAe?$AAr?$AA?$AA@ 000000018000e850     libucrt:nlsdata.obj
 0002:00001864       ??_C@_15ODEHAHHF@?$AAA?$AAM?$AA?$AA@ 000000018000e864     libucrt:nlsdata.obj
 0002:0000186c       ??_C@_15CLMNNGEL@?$AAP?$AAM?$AA?$AA@ 000000018000e86c     libucrt:nlsdata.obj
 0002:00001878       ??_C@_1BC@IEBCMHCM@?$AAM?$AAM?$AA?1?$AAd?$AAd?$AA?1?$AAy?$AAy?$AA?$AA@ 000000018000e878     libucrt:nlsdata.obj
 0002:00001890       ??_C@_1CI@KNAKOEBC@?$AAd?$AAd?$AAd?$AAd?$AA?0?$AA?5?$AAM?$AAM?$AAM?$AAM?$AA?5?$AAd?$AAd?$AA?0?$AA?5?$AAy?$AAy?$AAy?$AAy?$AA?$AA@ 000000018000e890     libucrt:nlsdata.obj
 0002:000018b8       ??_C@_1BC@GDGBMEMK@?$AAH?$AAH?$AA?3?$AAm?$AAm?$AA?3?$AAs?$AAs?$AA?$AA@ 000000018000e8b8     libucrt:nlsdata.obj
 0002:000018d0       ??_C@_1M@BMHNFIME@?$AAe?$AAn?$AA?9?$AAU?$AAS?$AA?$AA@ 000000018000e8d0     libucrt:nlsdata.obj
 0002:00001900       ??_C@_1M@HPNHIDJI@?$AAj?$AAa?$AA?9?$AAJ?$AAP?$AA?$AA@ 000000018000e900     libucrt:mbctype.obj
 0002:00001910       ??_C@_1M@BIBDDEMK@?$AAz?$AAh?$AA?9?$AAC?$AAN?$AA?$AA@ 000000018000e910     libucrt:mbctype.obj
 0002:00001920       ??_C@_1M@JLOOOEGK@?$AAk?$AAo?$AA?9?$AAK?$AAR?$AA?$AA@ 000000018000e920     libucrt:mbctype.obj
 0002:00001930       ??_C@_1M@CLNBBOPM@?$AAz?$AAh?$AA?9?$AAT?$AAW?$AA?$AA@ 000000018000e930     libucrt:mbctype.obj
 0002:000019e0       ??_C@_1EA@JGEFHKEI@?$AAa?$AAp?$AAi?$AA?9?$AAm?$AAs?$AA?9?$AAw?$AAi?$AAn?$AA?9?$AAc?$AAo?$AAr?$AAe?$AA?9?$AAd?$AAa?$AAt?$AAe?$AAt?$AAi?$AAm?$AAe?$AA?9?$AAl?$AA1?$AA?9?$AA1?$AA?9?$AA1?$AA?$AA@ 000000018000e9e0     libucrt:winapi_thunks.obj
 0002:00001a20       ??_C@_1DI@IJCEHOCB@?$AAa?$AAp?$AAi?$AA?9?$AAm?$AAs?$AA?9?$AAw?$AAi?$AAn?$AA?9?$AAc?$AAo?$AAr?$AAe?$AA?9?$AAf?$AAi?$AAl?$AAe?$AA?9?$AAl?$AA1?$AA?9?$AA2?$AA?9?$AA2?$AA?$AA@ 000000018000ea20     libucrt:winapi_thunks.obj
 0002:00001a60       ??_C@_1EI@MPIAOHOC@?$AAa?$AAp?$AAi?$AA?9?$AAm?$AAs?$AA?9?$AAw?$AAi?$AAn?$AA?9?$AAc?$AAo?$AAr?$AAe?$AA?9?$AAl?$AAo?$AAc?$AAa?$AAl?$AAi?$AAz?$AAa?$AAt?$AAi?$AAo?$AAn?$AA?9?$AAl?$AA1?$AA?9@ 000000018000ea60     libucrt:winapi_thunks.obj
 0002:00001ab0       ??_C@_1FK@FPHCKFIE@?$AAa?$AAp?$AAi?$AA?9?$AAm?$AAs?$AA?9?$AAw?$AAi?$AAn?$AA?9?$AAc?$AAo?$AAr?$AAe?$AA?9?$AAl?$AAo?$AAc?$AAa?$AAl?$AAi?$AAz?$AAa?$AAt?$AAi?$AAo?$AAn?$AA?9?$AAo?$AAb?$AAs@ 000000018000eab0     libucrt:winapi_thunks.obj
 0002:00001b10       ??_C@_1EM@DILCGIIO@?$AAa?$AAp?$AAi?$AA?9?$AAm?$AAs?$AA?9?$AAw?$AAi?$AAn?$AA?9?$AAc?$AAo?$AAr?$AAe?$AA?9?$AAp?$AAr?$AAo?$AAc?$AAe?$AAs?$AAs?$AAt?$AAh?$AAr?$AAe?$AAa?$AAd?$AAs?$AA?9?$AAl@ 000000018000eb10     libucrt:winapi_thunks.obj
 0002:00001b60       ??_C@_1DM@LNCGDDPN@?$AAa?$AAp?$AAi?$AA?9?$AAm?$AAs?$AA?9?$AAw?$AAi?$AAn?$AA?9?$AAc?$AAo?$AAr?$AAe?$AA?9?$AAs?$AAt?$AAr?$AAi?$AAn?$AAg?$AA?9?$AAl?$AA1?$AA?9?$AA1?$AA?9?$AA0?$AA?$AA@ 000000018000eb60     libucrt:winapi_thunks.obj
 0002:00001ba0       ??_C@_1DO@FPAPJEMD@?$AAa?$AAp?$AAi?$AA?9?$AAm?$AAs?$AA?9?$AAw?$AAi?$AAn?$AA?9?$AAc?$AAo?$AAr?$AAe?$AA?9?$AAs?$AAy?$AAs?$AAi?$AAn?$AAf?$AAo?$AA?9?$AAl?$AA1?$AA?9?$AA2?$AA?9?$AA1?$AA?$AA@ 000000018000eba0     libucrt:winapi_thunks.obj
 0002:00001be0       ??_C@_1DK@NDHNAHIO@?$AAa?$AAp?$AAi?$AA?9?$AAm?$AAs?$AA?9?$AAw?$AAi?$AAn?$AA?9?$AAc?$AAo?$AAr?$AAe?$AA?9?$AAw?$AAi?$AAn?$AAr?$AAt?$AA?9?$AAl?$AA1?$AA?9?$AA1?$AA?9?$AA0?$AA?$AA@ 000000018000ebe0     libucrt:winapi_thunks.obj
 0002:00001c20       ??_C@_1DM@KGHDGBCM@?$AAa?$AAp?$AAi?$AA?9?$AAm?$AAs?$AA?9?$AAw?$AAi?$AAn?$AA?9?$AAc?$AAo?$AAr?$AAe?$AA?9?$AAx?$AAs?$AAt?$AAa?$AAt?$AAe?$AA?9?$AAl?$AA2?$AA?9?$AA1?$AA?9?$AA0?$AA?$AA@ 000000018000ec20     libucrt:winapi_thunks.obj
 0002:00001c60       ??_C@_1EO@IJIOEFOH@?$AAa?$AAp?$AAi?$AA?9?$AAm?$AAs?$AA?9?$AAw?$AAi?$AAn?$AA?9?$AAr?$AAt?$AAc?$AAo?$AAr?$AAe?$AA?9?$AAn?$AAt?$AAu?$AAs?$AAe?$AAr?$AA?9?$AAw?$AAi?$AAn?$AAd?$AAo?$AAw?$AA?9@ 000000018000ec60     libucrt:winapi_thunks.obj
 0002:00001cb0       ??_C@_1FG@HHGEKANL@?$AAa?$AAp?$AAi?$AA?9?$AAm?$AAs?$AA?9?$AAw?$AAi?$AAn?$AA?9?$AAs?$AAe?$AAc?$AAu?$AAr?$AAi?$AAt?$AAy?$AA?9?$AAs?$AAy?$AAs?$AAt?$AAe?$AAm?$AAf?$AAu?$AAn?$AAc?$AAt?$AAi@ 000000018000ecb0     libucrt:winapi_thunks.obj
 0002:00001d10       ??_C@_1EG@DBIOJECG@?$AAe?$AAx?$AAt?$AA?9?$AAm?$AAs?$AA?9?$AAw?$AAi?$AAn?$AA?9?$AAn?$AAt?$AAu?$AAs?$AAe?$AAr?$AA?9?$AAd?$AAi?$AAa?$AAl?$AAo?$AAg?$AAb?$AAo?$AAx?$AA?9?$AAl?$AA1?$AA?9?$AA1@ 000000018000ed10     libucrt:winapi_thunks.obj
 0002:00001d60       ??_C@_1EO@FIHMJCLF@?$AAe?$AAx?$AAt?$AA?9?$AAm?$AAs?$AA?9?$AAw?$AAi?$AAn?$AA?9?$AAn?$AAt?$AAu?$AAs?$AAe?$AAr?$AA?9?$AAw?$AAi?$AAn?$AAd?$AAo?$AAw?$AAs?$AAt?$AAa?$AAt?$AAi?$AAo?$AAn?$AA?9@ 000000018000ed60     libucrt:winapi_thunks.obj
 0002:00001db0       ??_C@_1BC@DNHGCMLG@?$AAa?$AAd?$AAv?$AAa?$AAp?$AAi?$AA3?$AA2?$AA?$AA@ 000000018000edb0     libucrt:winapi_thunks.obj
 0002:00001dc8       ??_C@_1M@OAIMIKLP@?$AAn?$AAt?$AAd?$AAl?$AAl?$AA?$AA@ 000000018000edc8     libucrt:winapi_thunks.obj
 0002:00001de0       ??_C@_1EG@DPGNFKGC@?$AAa?$AAp?$AAi?$AA?9?$AAm?$AAs?$AA?9?$AAw?$AAi?$AAn?$AA?9?$AAa?$AAp?$AAp?$AAm?$AAo?$AAd?$AAe?$AAl?$AA?9?$AAr?$AAu?$AAn?$AAt?$AAi?$AAm?$AAe?$AA?9?$AAl?$AA1?$AA?9?$AA1@ 000000018000ede0     libucrt:winapi_thunks.obj
 0002:00001e28       ??_C@_1O@BCCLBEOE@?$AAu?$AAs?$AAe?$AAr?$AA3?$AA2?$AA?$AA@ 000000018000ee28     libucrt:winapi_thunks.obj
 0002:00001e68       ??_C@_0O@KKBNKAPF@LCMapStringEx?$AA@ 000000018000ee68     libucrt:winapi_thunks.obj
 0002:00001e80       ??_C@_0BB@HBDEELFH@LocaleNameToLCID?$AA@ 000000018000ee80     libucrt:winapi_thunks.obj
 0002:00001e98       ??_C@_0CF@OJOFEIGO@AppPolicyGetProcessTerminationMe@ 000000018000ee98     libucrt:winapi_thunks.obj
 0002:00001ec0       __newctype                 000000018000eec0     libucrt:ctype.obj
 0002:000021c0       __newclmap                 000000018000f1c0     libucrt:ctype.obj
 0002:00002340       __newcumap                 000000018000f340     libucrt:ctype.obj
 0002:000024c0       ??_C@_15PJPFLCCM@?$AAu?$AAk?$AA?$AA@ 000000018000f4c0     libucrt:get_qualified_locale.obj
 0002:000024c8       ??_C@_1M@BJNKEDC@?$AAc?$AAa?$AA?9?$AAE?$AAS?$AA?$AA@ 000000018000f4c8     libucrt:lcidtoname_downlevel.obj
 0002:000024d8       ??_C@_1M@IJJHFJHA@?$AAc?$AAs?$AA?9?$AAC?$AAZ?$AA?$AA@ 000000018000f4d8     libucrt:lcidtoname_downlevel.obj
 0002:000024e8       ??_C@_1M@CLPEOBGI@?$AAd?$AAa?$AA?9?$AAD?$AAK?$AA?$AA@ 000000018000f4e8     libucrt:lcidtoname_downlevel.obj
 0002:000024f8       ??_C@_1M@MCMADGCB@?$AAd?$AAe?$AA?9?$AAD?$AAE?$AA?$AA@ 000000018000f4f8     libucrt:lcidtoname_downlevel.obj
 0002:00002508       ??_C@_1M@OOCKEMAM@?$AAe?$AAl?$AA?9?$AAG?$AAR?$AA?$AA@ 000000018000f508     libucrt:lcidtoname_downlevel.obj
 0002:00002518       ??_C@_1M@DDNJFGID@?$AAf?$AAi?$AA?9?$AAF?$AAI?$AA?$AA@ 000000018000f518     libucrt:lcidtoname_downlevel.obj
 0002:00002528       ??_C@_1M@GLIPPMAC@?$AAf?$AAr?$AA?9?$AAF?$AAR?$AA?$AA@ 000000018000f528     libucrt:lcidtoname_downlevel.obj
 0002:00002538       ??_C@_1M@GFMCHPE@?$AAh?$AAe?$AA?9?$AAI?$AAL?$AA?$AA@ 000000018000f538     libucrt:lcidtoname_downlevel.obj
 0002:00002548       ??_C@_1M@MHLPGNKM@?$AAh?$AAu?$AA?9?$AAH?$AAU?$AA?$AA@ 000000018000f548     libucrt:lcidtoname_downlevel.obj
 0002:00002558       ??_C@_1M@LPDDNNPN@?$AAi?$AAs?$AA?9?$AAI?$AAS?$AA?$AA@ 000000018000f558     libucrt:lcidtoname_downlevel.obj
 0002:00002568       ??_C@_1M@MADIPODN@?$AAi?$AAt?$AA?9?$AAI?$AAT?$AA?$AA@ 000000018000f568     libucrt:lcidtoname_downlevel.obj
 0002:00002578       ??_C@_1M@IHBJJGG@?$AAn?$AAl?$AA?9?$AAN?$AAL?$AA?$AA@ 000000018000f578     libucrt:lcidtoname_downlevel.obj
 0002:00002588       ??_C@_1M@EANAGDL@?$AAn?$AAb?$AA?9?$AAN?$AAO?$AA?$AA@ 000000018000f588     libucrt:lcidtoname_downlevel.obj
 0002:00002598       ??_C@_1M@NEIEMEGP@?$AAp?$AAl?$AA?9?$AAP?$AAL?$AA?$AA@ 000000018000f598     libucrt:lcidtoname_downlevel.obj
 0002:000025a8       ??_C@_1M@BOCFIGEP@?$AAp?$AAt?$AA?9?$AAB?$AAR?$AA?$AA@ 000000018000f5a8     libucrt:lcidtoname_downlevel.obj
 0002:000025b8       ??_C@_1M@IMPFOPBG@?$AAr?$AAo?$AA?9?$AAR?$AAO?$AA?$AA@ 000000018000f5b8     libucrt:lcidtoname_downlevel.obj
 0002:000025c8       ??_C@_1M@IDNNEJMM@?$AAr?$AAu?$AA?9?$AAR?$AAU?$AA?$AA@ 000000018000f5c8     libucrt:lcidtoname_downlevel.obj
 0002:000025d8       ??_C@_1M@LILEEOGM@?$AAh?$AAr?$AA?9?$AAH?$AAR?$AA?$AA@ 000000018000f5d8     libucrt:lcidtoname_downlevel.obj
 0002:000025e8       ??_C@_1M@FKIFEHPB@?$AAs?$AAk?$AA?9?$AAS?$AAK?$AA?$AA@ 000000018000f5e8     libucrt:lcidtoname_downlevel.obj
 0002:000025f8       ??_C@_1M@LJMAMNPJ@?$AAs?$AAq?$AA?9?$AAA?$AAL?$AA?$AA@ 000000018000f5f8     libucrt:lcidtoname_downlevel.obj
 0002:00002608       ??_C@_1M@GIAKDKJK@?$AAs?$AAv?$AA?9?$AAS?$AAE?$AA?$AA@ 000000018000f608     libucrt:lcidtoname_downlevel.obj
 0002:00002618       ??_C@_1M@MKJKIKCL@?$AAt?$AAh?$AA?9?$AAT?$AAH?$AA?$AA@ 000000018000f618     libucrt:lcidtoname_downlevel.obj
 0002:00002628       ??_C@_1M@MFLCCMPB@?$AAt?$AAr?$AA?9?$AAT?$AAR?$AA?$AA@ 000000018000f628     libucrt:lcidtoname_downlevel.obj
 0002:00002638       ??_C@_1M@OIJHDKJN@?$AAu?$AAr?$AA?9?$AAP?$AAK?$AA?$AA@ 000000018000f638     libucrt:lcidtoname_downlevel.obj
 0002:00002648       ??_C@_1M@LHIPCIEK@?$AAi?$AAd?$AA?9?$AAI?$AAD?$AA?$AA@ 000000018000f648     libucrt:lcidtoname_downlevel.obj
 0002:00002658       ??_C@_1M@MFMOBGI@?$AAu?$AAk?$AA?9?$AAU?$AAA?$AA?$AA@ 000000018000f658     libucrt:lcidtoname_downlevel.obj
 0002:00002668       ??_C@_1M@OBGLJIPL@?$AAb?$AAe?$AA?9?$AAB?$AAY?$AA?$AA@ 000000018000f668     libucrt:lcidtoname_downlevel.obj
 0002:00002678       ??_C@_1M@BCFAJEAD@?$AAs?$AAl?$AA?9?$AAS?$AAI?$AA?$AA@ 000000018000f678     libucrt:lcidtoname_downlevel.obj
 0002:00002688       ??_C@_1M@FKFFEDDN@?$AAe?$AAt?$AA?9?$AAE?$AAE?$AA?$AA@ 000000018000f688     libucrt:lcidtoname_downlevel.obj
 0002:00002698       ??_C@_1M@KGKKAACI@?$AAl?$AAv?$AA?9?$AAL?$AAV?$AA?$AA@ 000000018000f698     libucrt:lcidtoname_downlevel.obj
 0002:000026a8       ??_C@_1M@IFGBIJO@?$AAl?$AAt?$AA?9?$AAL?$AAT?$AA?$AA@ 000000018000f6a8     libucrt:lcidtoname_downlevel.obj
 0002:000026b8       ??_C@_1M@FGEAHEDM@?$AAf?$AAa?$AA?9?$AAI?$AAR?$AA?$AA@ 000000018000f6b8     libucrt:lcidtoname_downlevel.obj
 0002:000026c8       ??_C@_1M@KBMAIBFN@?$AAv?$AAi?$AA?9?$AAV?$AAN?$AA?$AA@ 000000018000f6c8     libucrt:lcidtoname_downlevel.obj
 0002:000026d8       ??_C@_1M@GPCBKDJK@?$AAh?$AAy?$AA?9?$AAA?$AAM?$AA?$AA@ 000000018000f6d8     libucrt:lcidtoname_downlevel.obj
 0002:000026e8       ??_C@_1BG@BECMDDJB@?$AAa?$AAz?$AA?9?$AAA?$AAZ?$AA?9?$AAL?$AAa?$AAt?$AAn?$AA?$AA@ 000000018000f6e8     libucrt:lcidtoname_downlevel.obj
 0002:00002700       ??_C@_1M@MAOFCAEA@?$AAe?$AAu?$AA?9?$AAE?$AAS?$AA?$AA@ 000000018000f700     libucrt:lcidtoname_downlevel.obj
 0002:00002710       ??_C@_1M@IGHABKPI@?$AAm?$AAk?$AA?9?$AAM?$AAK?$AA?$AA@ 000000018000f710     libucrt:lcidtoname_downlevel.obj
 0002:00002720       ??_C@_1M@IAIGNEJG@?$AAt?$AAn?$AA?9?$AAZ?$AAA?$AA?$AA@ 000000018000f720     libucrt:lcidtoname_downlevel.obj
 0002:00002730       ??_C@_1M@IIJCOJFA@?$AAx?$AAh?$AA?9?$AAZ?$AAA?$AA?$AA@ 000000018000f730     libucrt:lcidtoname_downlevel.obj
 0002:00002740       ??_C@_1M@LGPJHNJH@?$AAz?$AAu?$AA?9?$AAZ?$AAA?$AA?$AA@ 000000018000f740     libucrt:lcidtoname_downlevel.obj
 0002:00002750       ??_C@_1M@HOKAOIO@?$AAa?$AAf?$AA?9?$AAZ?$AAA?$AA?$AA@ 000000018000f750     libucrt:lcidtoname_downlevel.obj
 0002:00002760       ??_C@_1M@DPCLHLIE@?$AAk?$AAa?$AA?9?$AAG?$AAE?$AA?$AA@ 000000018000f760     libucrt:lcidtoname_downlevel.obj
 0002:00002770       ??_C@_1M@BLKMHJBI@?$AAf?$AAo?$AA?9?$AAF?$AAO?$AA?$AA@ 000000018000f770     libucrt:lcidtoname_downlevel.obj
 0002:00002780       ??_C@_1M@LGGJAPPB@?$AAh?$AAi?$AA?9?$AAI?$AAN?$AA?$AA@ 000000018000f780     libucrt:lcidtoname_downlevel.obj
 0002:00002790       ??_C@_1M@FIKPIHFE@?$AAm?$AAt?$AA?9?$AAM?$AAT?$AA?$AA@ 000000018000f790     libucrt:lcidtoname_downlevel.obj
 0002:000027a0       ??_C@_1M@HEGGPBFA@?$AAs?$AAe?$AA?9?$AAN?$AAO?$AA?$AA@ 000000018000f7a0     libucrt:lcidtoname_downlevel.obj
 0002:000027b0       ??_C@_1M@EIBJEEPA@?$AAm?$AAs?$AA?9?$AAM?$AAY?$AA?$AA@ 000000018000f7b0     libucrt:lcidtoname_downlevel.obj
 0002:000027c0       ??_C@_1M@FHLBGMPP@?$AAk?$AAk?$AA?9?$AAK?$AAZ?$AA?$AA@ 000000018000f7c0     libucrt:lcidtoname_downlevel.obj
 0002:000027d0       ??_C@_1M@NGJJLCGI@?$AAk?$AAy?$AA?9?$AAK?$AAG?$AA?$AA@ 000000018000f7d0     libucrt:lcidtoname_downlevel.obj
 0002:000027e0       ??_C@_1M@GIENNBFC@?$AAs?$AAw?$AA?9?$AAK?$AAE?$AA?$AA@ 000000018000f7e0     libucrt:lcidtoname_downlevel.obj
 0002:000027f0       ??_C@_1BG@NDGMJIMJ@?$AAu?$AAz?$AA?9?$AAU?$AAZ?$AA?9?$AAL?$AAa?$AAt?$AAn?$AA?$AA@ 000000018000f7f0     libucrt:lcidtoname_downlevel.obj
 0002:00002808       ??_C@_1M@IDCCIHBC@?$AAt?$AAt?$AA?9?$AAR?$AAU?$AA?$AA@ 000000018000f808     libucrt:lcidtoname_downlevel.obj
 0002:00002818       ??_C@_1M@LOICPMOJ@?$AAb?$AAn?$AA?9?$AAI?$AAN?$AA?$AA@ 000000018000f818     libucrt:lcidtoname_downlevel.obj
 0002:00002828       ??_C@_1M@KPKKNEAH@?$AAp?$AAa?$AA?9?$AAI?$AAN?$AA?$AA@ 000000018000f828     libucrt:lcidtoname_downlevel.obj
 0002:00002838       ??_C@_1M@PJGPPBOG@?$AAg?$AAu?$AA?9?$AAI?$AAN?$AA?$AA@ 000000018000f838     libucrt:lcidtoname_downlevel.obj
 0002:00002848       ??_C@_1M@KMKMOPHI@?$AAt?$AAa?$AA?9?$AAI?$AAN?$AA?$AA@ 000000018000f848     libucrt:lcidtoname_downlevel.obj
 0002:00002858       ??_C@_1M@KFEHEPAC@?$AAt?$AAe?$AA?9?$AAI?$AAN?$AA?$AA@ 000000018000f858     libucrt:lcidtoname_downlevel.obj
 0002:00002868       ??_C@_1M@CDCLMGHI@?$AAk?$AAn?$AA?9?$AAI?$AAN?$AA?$AA@ 000000018000f868     libucrt:lcidtoname_downlevel.obj
 0002:00002878       ??_C@_1M@MIODLDKF@?$AAm?$AAl?$AA?9?$AAI?$AAN?$AA?$AA@ 000000018000f878     libucrt:lcidtoname_downlevel.obj
 0002:00002888       ??_C@_1M@PBIEACPO@?$AAm?$AAr?$AA?9?$AAI?$AAN?$AA?$AA@ 000000018000f888     libucrt:lcidtoname_downlevel.obj
[...]
 0004:0000084c       $pdata$__acrt_update_thread_multibyte_data 000000018001984c     libucrt:mbctype.obj
 0004:00000858       $pdata$_setmbcp_nolock     0000000180019858     libucrt:mbctype.obj
 0004:00000864       $pdata$?x_ismbbtype_l@@YAHPEAU__crt_locale_pointers@@IHH@Z 0000000180019864     libucrt:ismbbyte.obj
 0004:00000870       $pdata$__acrt_initialize_command_line 0000000180019870     libucrt:argv_data.obj
 0004:0000087c       $pdata$__dcrt_get_narrow_environment_from_os 000000018001987c     libucrt:get_environment_from_os.obj
 0004:00000888       $pdata$_recalloc_base      0000000180019888     libucrt:recalloc.obj
 0004:00000894       $pdata$?try_get_function@@YAPEAXW4function_id@?A0x391cf84c@@QEBDQEBW4module_id@2@2@Z 0000000180019894     libucrt:winapi_thunks.obj
 0004:000008a0       $pdata$__acrt_AppPolicyGetProcessTerminationMethodInternal 00000001800198a0     libucrt:winapi_thunks.obj
 0004:000008ac       $pdata$__acrt_FlsAlloc     00000001800198ac     libucrt:winapi_thunks.obj
 0004:000008b8       $pdata$__acrt_FlsFree      00000001800198b8     libucrt:winapi_thunks.obj
 0004:000008c4       $pdata$__acrt_FlsGetValue  00000001800198c4     libucrt:winapi_thunks.obj
 0004:000008d0       $pdata$__acrt_FlsSetValue  00000001800198d0     libucrt:winapi_thunks.obj
 0004:000008dc       $pdata$__acrt_InitializeCriticalSectionEx 00000001800198dc     libucrt:winapi_thunks.obj
 0004:000008e8       $pdata$__acrt_LCMapStringEx 00000001800198e8     libucrt:winapi_thunks.obj
 0004:000008f4       $pdata$__acrt_LocaleNameToLCID 00000001800198f4     libucrt:winapi_thunks.obj
 0004:00000900       $pdata$__acrt_initialize_winapi_thunks 0000000180019900     libucrt:winapi_thunks.obj
 0004:0000090c       $pdata$__acrt_uninitialize_winapi_thunks 000000018001990c     libucrt:winapi_thunks.obj
 0004:00000918       $pdata$__acrt_initialize_heap 0000000180019918     libucrt:heap_handle.obj
 0004:00000924       $pdata$?initialize_inherited_file_handles_nolock@@YAXXZ 0000000180019924     libucrt:ioinit.obj
 0004:00000930       $pdata$?initialize_stdio_handles_nolock@@YAXXZ 0000000180019930     libucrt:ioinit.obj
 0004:0000093c       $pdata$__acrt_initialize_lowio 000000018001993c     libucrt:ioinit.obj
 0004:00000948       $pdata$__acrt_uninitialize_lowio 0000000180019948     libucrt:ioinit.obj
 0004:00000954       $pdata$__acrt_execute_initializers 0000000180019954     libucrt:shared_initialization.obj
 0004:00000960       $pdata$__acrt_execute_uninitializers 0000000180019960     libucrt:shared_initialization.obj
 0004:0000096c       $pdata$??$?RV<lambda_450d765d439847d4c735a33c368b5fc0>@@AEAV<lambda_44731a7d0e6d81c3e6aa82d741081786>@@V<lambda_601a2a7da3b7a96e9554ac7215c4b07c>@@@?$__crt_seh_guarded_call@P6AXH@Z@@QEAAP6AXH@Z$$QEAV<lambda_450d765d439847d4c735a33c368b5fc0>@@AEAV<lambda_44731a7d0e6d81c3e6aa82d741081786>@@$$QEAV<lambda_601a2a7da3b7a96e9554ac7215c4b07c>@@@Z 000000018001996c     libucrt:signal.obj
 0004:00000978       $pdata$__acrt_get_sigabrt_handler 0000000180019978     libucrt:signal.obj
 0004:00000984       $pdata$raise               0000000180019984     libucrt:signal.obj
 0004:00000990       $pdata$??$?RV<lambda_842d9ff0dc9ef11c61343bbaebe7f885>@@AEAV<lambda_c5860995281e5c4ce005b3de8f5874ee>@@V<lambda_d90129c13df834fdcbf8d2b88dafcf2d>@@@?$__crt_seh_guarded_call@X@@QEAAX$$QEAV<lambda_842d9ff0dc9ef11c61343bbaebe7f885>@@AEAV<lambda_c5860995281e5c4ce005b3de8f5874ee>@@$$QEAV<lambda_d90129c13df834fdcbf8d2b88dafcf2d>@@@Z 0000000180019990     libucrt:fflush.obj
 0004:0000099c       $pdata$??$?RV<lambda_886d6c58226a84441f68b9f2b8217b83>@@AEAV<lambda_ab61a845afdef5b7c387490eaf3616ee>@@V<lambda_f7f22ab5edc0698d5f6905b0d3f44752>@@@?$__crt_seh_guarded_call@X@@QEAAX$$QEAV<lambda_886d6c58226a84441f68b9f2b8217b83>@@AEAV<lambda_ab61a845afdef5b7c387490eaf3616ee>@@$$QEAV<lambda_f7f22ab5edc0698d5f6905b0d3f44752>@@@Z 000000018001999c     libucrt:fflush.obj
 0004:000009a8       $pdata$?common_flush_all@@YAH_N@Z 00000001800199a8     libucrt:fflush.obj
 0004:000009b4       $pdata$__acrt_stdio_flush_nolock 00000001800199b4     libucrt:fflush.obj
 0004:000009c0       $pdata$_fflush_nolock      00000001800199c0     libucrt:fflush.obj
 0004:000009cc       $pdata$__acrt_initialize_stdio 00000001800199cc     libucrt:_file.obj
 0004:000009d8       $pdata$__acrt_uninitialize_stdio 00000001800199d8     libucrt:_file.obj
 0004:000009e4       $pdata$_mbtowc_l           00000001800199e4     libucrt:mbtowc.obj
 0004:000009f0       $pdata$_fileno             00000001800199f0     libucrt:fileno.obj
 0004:000009fc       $pdata$__pctype_func       00000001800199fc     libucrt:ctype.obj
 0004:00000a08       $pdata$_isctype_l          0000000180019a08     libucrt:isctype.obj
 0004:00000a14       $pdata$__acrt_free_locale  0000000180019a14     libucrt:locale_refcounting.obj
 0004:00000a20       $pdata$__acrt_locale_free_lc_time_if_unreferenced 0000000180019a20     libucrt:locale_refcounting.obj
 0004:00000a2c       $pdata$__acrt_release_locale_ref 0000000180019a2c     libucrt:locale_refcounting.obj
 0004:00000a38       $pdata$__acrt_update_thread_locale_data 0000000180019a38     libucrt:locale_refcounting.obj
 0004:00000a44       $pdata$_updatetlocinfoEx_nolock 0000000180019a44     libucrt:locale_refcounting.obj
 0004:00000a50       $pdata$_isleadbyte_l       0000000180019a50     libucrt:_wctype.obj
 0004:00000a5c       $pdata$?__acrt_LCMapStringA_stat@@YAHPEAU__crt_locale_pointers@@PEB_WKPEBDHPEADHHH@Z 0000000180019a5c     libucrt:lcmapstringa.obj
 0004:00000a68       $pdata$__acrt_LCMapStringA 0000000180019a68     libucrt:lcmapstringa.obj
 0004:00000a74       $pdata$__acrt_locale_free_monetary 0000000180019a74     libucrt:initmon.obj
 0004:00000a80       $pdata$__acrt_locale_free_numeric 0000000180019a80     libucrt:initnum.obj
 0004:00000a8c       $pdata$?free_crt_array_internal@@YAXQEAPEBX_K@Z 0000000180019a8c     libucrt:inittime.obj
 0004:00000a98       $pdata$__acrt_locale_free_time 0000000180019a98     libucrt:inittime.obj
 0004:00000aa4       $pdata$__acrt_GetStringTypeA 0000000180019aa4     libucrt:getstringtypea.obj
 0004:00000ab0       $pdata$qsort               0000000180019ab0     libucrt:qsort.obj
 0004:00000abc       $pdata$4$qsort             0000000180019abc     libucrt:qsort.obj
 0004:00000ac8       $pdata$5$qsort             0000000180019ac8     libucrt:qsort.obj
 0004:00000ad4       $pdata$strncpy_s           0000000180019ad4     libucrt:strncpy_s.obj
 0004:00000ae0       $pdata$fallbackMethod      0000000180019ae0     libucrt:strpbrk.obj
 0004:00000aec       $pdata$strpbrk             0000000180019aec     libucrt:strpbrk.obj
 0004:00000af8       $pdata$_mbsdec_l           0000000180019af8     libucrt:mbsdec.obj
 0004:00000b04       $pdata$?initialize_multibyte@@YAHXZ 0000000180019b04     libucrt:multibyte_initializer.obj
 0004:00000b10       $pdata$_msize_base         0000000180019b10     libucrt:msize.obj
 0004:00000b1c       $pdata$_realloc_base       0000000180019b1c     libucrt:realloc_base.obj
 0004:00000b28       $pdata$?GetTableIndexFromLocaleName@@YAHPEB_W@Z 0000000180019b28     libucrt:lcidtoname_downlevel.obj
 0004:00000b34       $pdata$__acrt_DownlevelLocaleNameToLCID 0000000180019b34     libucrt:lcidtoname_downlevel.obj
 0004:00000b40       $pdata$__acrt_lowio_create_handle_array 0000000180019b40     libucrt:osfinfo.obj
 0004:00000b4c       $pdata$__acrt_lowio_destroy_handle_array 0000000180019b4c     libucrt:osfinfo.obj
 0004:00000b58       $pdata$__acrt_lowio_ensure_fh_exists 0000000180019b58     libucrt:osfinfo.obj
 0004:00000b64       $pdata$_free_osfhnd        0000000180019b64     libucrt:osfinfo.obj
 0004:00000b70       $pdata$_get_osfhandle      0000000180019b70     libucrt:osfinfo.obj
 0004:00000b7c       $pdata$??$?RV<lambda_a37b2b86f63e897a80ea819b0eb08c01>@@AEAV<lambda_38ce7e780aa69e748d6df282ebc68efe>@@V<lambda_99fb1378e971ab6e7edea83e3a7a83a2>@@@?$__crt_seh_guarded_call@H@@QEAAH$$QEAV<lambda_a37b2b86f63e897a80ea819b0eb08c01>@@AEAV<lambda_38ce7e780aa69e748d6df282ebc68efe>@@$$QEAV<lambda_99fb1378e971ab6e7edea83e3a7a83a2>@@@Z 0000000180019b7c     libucrt:commit.obj
 0004:00000b88       $pdata$_commit             0000000180019b88     libucrt:commit.obj
 0004:00000b94       $pdata$?write_double_translated_ansi_nolock@@YA?AUwrite_result@?A0x17268360@@HQEBDI@Z 0000000180019b94     libucrt:write.obj
 0004:00000ba0       $pdata$?write_text_ansi_nolock@@YA?AUwrite_result@?A0x17268360@@HQEBDI@Z 0000000180019ba0     libucrt:write.obj
 0004:00000bac       $pdata$?write_text_utf16le_nolock@@YA?AUwrite_result@?A0x17268360@@HQEBDI@Z 0000000180019bac     libucrt:write.obj
 0004:00000bb8       $pdata$?write_text_utf8_nolock@@YA?AUwrite_result@?A0x17268360@@HQEBDI@Z 0000000180019bb8     libucrt:write.obj
 0004:00000bc4       $pdata$_write              0000000180019bc4     libucrt:write.obj
 0004:00000bd0       $pdata$_write_nolock       0000000180019bd0     libucrt:write.obj
 0004:00000bdc       $pdata$_fcloseall          0000000180019bdc     libucrt:closeall.obj
 0004:00000be8       $pdata$__acrt_stdio_free_buffer_nolock 0000000180019be8     libucrt:_freebuf.obj
 0004:00000bf4       $pdata$_isatty             0000000180019bf4     libucrt:isatty.obj
 0004:00000c00       $pdata$??$common_lseek_nolock@_J@@YA_JH_JH@Z 0000000180019c00     libucrt:lseek.obj
 0004:00000c0c       $pdata$_putwch_nolock      0000000180019c0c     libucrt:putwch.obj
 0004:00000c18       $pdata$_fclose_nolock      0000000180019c18     libucrt:fclose.obj
 0004:00000c24       $pdata$fclose              0000000180019c24     libucrt:fclose.obj
 0004:00000c3c       $pdata$__dcrt_lowio_ensure_console_output_initialized 0000000180019c3c     libucrt:initcon.obj
 0004:00000c48       $pdata$__dcrt_terminate_console_output 0000000180019c48     libucrt:initcon.obj
 0004:00000c54       $pdata$__dcrt_write_console_w 0000000180019c54     libucrt:initcon.obj
 0004:00000c60       $pdata$??$?RV<lambda_751a882b2c74d4b022dec766aa51a29a>@@AEAV<lambda_628dfdc04ba53c8bfc02c9951375f3f5>@@V<lambda_f6c7be5f7998530c34de24c7437d6b54>@@@?$__crt_seh_guarded_call@H@@QEAAH$$QEAV<lambda_751a882b2c74d4b022dec766aa51a29a>@@AEAV<lambda_628dfdc04ba53c8bfc02c9951375f3f5>@@$$QEAV<lambda_f6c7be5f7998530c34de24c7437d6b54>@@@Z 0000000180019c60     libucrt:close.obj
 0004:00000c6c       $pdata$_close              0000000180019c6c     libucrt:close.obj
 0004:00000c78       $pdata$_close_nolock       0000000180019c78     libucrt:close.obj
 0004:00000c84       $pdata$_call_matherr       0000000180019c84     libucrt:libm_error.obj
 0004:00000c90       $pdata$_exception_enabled  0000000180019c90     libucrt:libm_error.obj
 0004:00000c9c       $pdata$_handle_error       0000000180019c9c     libucrt:libm_error.obj
 0004:00000ca8       $pdata$__acrt_initialize_fma3 0000000180019ca8     libucrt:fma3_available.obj
 0004:00000cb4       $pdata$_log10_special      0000000180019cb4     libucrt:log_special.obj
 0004:00000cc0       $pdata$_log_special_common 0000000180019cc0     libucrt:log_special.obj
 0004:00000cd8       $pdata$_raise_exc          0000000180019cd8     libucrt:fpexcept.obj
 0004:00000ce4       $pdata$_raise_exc_ex       0000000180019ce4     libucrt:fpexcept.obj
 0004:00000cf0       $pdata$_set_errno_from_matherr 0000000180019cf0     libucrt:fpexcept.obj
 0004:00000cfc       $pdata$_clrfp              0000000180019cfc     libucrt:fpctrl.obj
 0004:00000d08       $pdata$_ctrlfp             0000000180019d08     libucrt:fpctrl.obj
 0004:00000d14       $pdata$_set_statfp         0000000180019d14     libucrt:fpctrl.obj
 0004:00000d20       $pdata$_statfp             0000000180019d20     libucrt:fpctrl.obj
 0004:00000d2c       $pdata$?DloadAcquireSectionWriteAccess@@YAXXZ 0000000180019d2c     DelayImp:delayhlp.obj
 0004:00000d38       $pdata$?DloadGetSRWLockFunctionPointers@@YAEXZ 0000000180019d38     DelayImp:delayhlp.obj
 0004:00000d44       $pdata$?DloadMakePermanentImageCommit@@YAXPEAX_K@Z 0000000180019d44     DelayImp:delayhlp.obj
 0004:00000d50       $pdata$?DloadObtainSection@@YAPEAXPEAK0@Z 0000000180019d50     DelayImp:delayhlp.obj
 0004:00000d5c       $pdata$?DloadProtectSection@@YAXKPEAK@Z 0000000180019d5c     DelayImp:delayhlp.obj
 0004:00000d68       $pdata$?DloadReleaseSectionWriteAccess@@YAXXZ 0000000180019d68     DelayImp:delayhlp.obj
 0004:00000d74       $pdata$__delayLoadHelper2  0000000180019d74     DelayImp:delayhlp.obj
 0004:00000d80       $pdata$_IsNonwritableInCurrentImage 0000000180019d80     LIBCMT:pesect.obj
 0004:00000d8c       $pdata$__GSHandlerCheck    0000000180019d8c     LIBCMT:_gshandler_.obj
 0004:00000d98       $pdata$__GSHandlerCheckCommon 0000000180019d98     LIBCMT:_gshandler_.obj
 0004:00000df8       $pdata$?fin$0@?0??dllmain_crt_process_attach@@YAHQEAUHINSTANCE__@@QEAX@Z@4HA 0000000180019df8     LIBCMT:dll_dllmain.obj
 0004:00000e04       $pdata$?fin$0@?0??dllmain_crt_process_detach@@YAH_N@Z@4HA 0000000180019e04     LIBCMT:dll_dllmain.obj
 0004:00000e10       $pdata$?filt$0@?0??dllmain_dispatch@@YAHQEAUHINSTANCE__@@KQEAX@Z@4HA 0000000180019e10     LIBCMT:dll_dllmain.obj
 0004:00000e1c       $pdata$__scrt_is_nonwritable_in_current_image$filt$0 0000000180019e1c     LIBCMT:utility.obj
 0004:00000e28       $pdata$_query_new_handler$fin$0 0000000180019e28     libucrt:new_handler.obj
 0004:00000e34       $pdata$?filt$0@?0???R<lambda_6e4b09c48022b2350581041d5f6b0c4c>@@QEBA@XZ@4HA 0000000180019e34     libucrt:exit.obj
 0004:00000e40       $pdata$?fin$0@?0???$?RV<lambda_aa87e3671a710a21b5dc78c0bdf72e11>@@AEAV<lambda_92619d2358a28f41a33ba319515a20b9>@@V<lambda_6992ecaafeb10aed2b74cb1fae11a551>@@@?$__crt_seh_guarded_call@X@@QEAAX$$QEAV<lambda_aa87e3671a710a21b5dc78c0bdf72e11>@@AEAV<lambda_92619d2358a28f41a33ba319515a20b9>@@$$QEAV<lambda_6992ecaafeb10aed2b74cb1fae11a551>@@@Z@4HA 0000000180019e40     libucrt:per_thread_data.obj
 0004:00000e40       $pdata$?fin$0@?0???$?RV<lambda_2d41944a1d46af3157314b8a01080d33>@@AEAV<lambda_8f455de75cd7d7f24b4096f044d8b9e6>@@V<lambda_aa500f224e6afead328df44964fe2772>@@@?$__crt_seh_guarded_call@X@@QEAAX$$QEAV<lambda_2d41944a1d46af3157314b8a01080d33>@@AEAV<lambda_8f455de75cd7d7f24b4096f044d8b9e6>@@$$QEAV<lambda_aa500f224e6afead328df44964fe2772>@@@Z@4HA 0000000180019e40     libucrt:per_thread_data.obj
 0004:00000e40       $pdata$?fin$0@?0???$?RV<lambda_0ae27a3a962d80f24befdcbee591983d>@@AEAV<lambda_8d0ee55de4b1038c4002e0adecdf1839>@@V<lambda_dc504788e8f1664fe9b84e20bfb512f2>@@@?$__crt_seh_guarded_call@X@@QEAAX$$QEAV<lambda_0ae27a3a962d80f24befdcbee591983d>@@AEAV<lambda_8d0ee55de4b1038c4002e0adecdf1839>@@$$QEAV<lambda_dc504788e8f1664fe9b84e20bfb512f2>@@@Z@4HA 0000000180019e40     libucrt:per_thread_data.obj
 0004:00000e40       $pdata$?fin$0@?0???$?RV<lambda_d80eeec6fff315bfe5c115232f3240e3>@@AEAV<lambda_6e4b09c48022b2350581041d5f6b0c4c>@@V<lambda_2358e3775559c9db80273638284d5e45>@@@?$__crt_seh_guarded_call@X@@QEAAX$$QEAV<lambda_d80eeec6fff315bfe5c115232f3240e3>@@AEAV<lambda_6e4b09c48022b2350581041d5f6b0c4c>@@$$QEAV<lambda_2358e3775559c9db80273638284d5e45>@@@Z@4HA 0000000180019e40     libucrt:exit.obj
 0004:00000e40       $pdata$?fin$0@?0???$?RV<lambda_7777bce6b2f8c936911f934f8298dc43>@@AEAV<lambda_f03950bc5685219e0bcd2087efbe011e>@@V<lambda_3883c3dff614d5e0c5f61bb1ac94921c>@@@?$__crt_seh_guarded_call@H@@QEAAH$$QEAV<lambda_7777bce6b2f8c936911f934f8298dc43>@@AEAV<lambda_f03950bc5685219e0bcd2087efbe011e>@@$$QEAV<lambda_3883c3dff614d5e0c5f61bb1ac94921c>@@@Z@4HA 0000000180019e40     libucrt:onexit.obj
 0004:00000e40       $pdata$?fin$0@?0???$?RV<lambda_f2e299630e499de9f9a165e60fcd3db5>@@AEAV<lambda_2ae9d31cdba2644fcbeaf08da7c24588>@@V<lambda_40d01ff24d0e7b3814fdbdcee8eab3c7>@@@?$__crt_seh_guarded_call@X@@QEAAX$$QEAV<lambda_f2e299630e499de9f9a165e60fcd3db5>@@AEAV<lambda_2ae9d31cdba2644fcbeaf08da7c24588>@@$$QEAV<lambda_40d01ff24d0e7b3814fdbdcee8eab3c7>@@@Z@4HA 0000000180019e40     libucrt:per_thread_data.obj
 0004:00000e40       $pdata$?fin$0@?0???$?RV<lambda_450d765d439847d4c735a33c368b5fc0>@@AEAV<lambda_44731a7d0e6d81c3e6aa82d741081786>@@V<lambda_601a2a7da3b7a96e9554ac7215c4b07c>@@@?$__crt_seh_guarded_call@P6AXH@Z@@QEAAP6AXH@Z$$QEAV<lambda_450d765d439847d4c735a33c368b5fc0>@@AEAV<lambda_44731a7d0e6d81c3e6aa82d741081786>@@$$QEAV<lambda_601a2a7da3b7a96e9554ac7215c4b07c>@@@Z@4HA 0000000180019e40     libucrt:signal.obj
 0004:00000e40       $pdata$?fin$0@?0???$?RV<lambda_efdfa57d1f175319df784efa44bb7b81>@@AEAV<lambda_5f0a4c1567f8adc6734073e5d1e1b35c>@@V<lambda_2e8a7d3640ea6ccb4c2413664c2db6fd>@@@?$__crt_seh_guarded_call@X@@QEAAX$$QEAV<lambda_efdfa57d1f175319df784efa44bb7b81>@@AEAV<lambda_5f0a4c1567f8adc6734073e5d1e1b35c>@@$$QEAV<lambda_2e8a7d3640ea6ccb4c2413664c2db6fd>@@@Z@4HA 0000000180019e40     libucrt:mbctype.obj
 0004:00000e4c       $pdata$?fin$0@?0???$?RV<lambda_410d79af7f07d98d83a3f525b3859a53>@@AEAV<lambda_3e16ef9562a7dcce91392c22ab16ea36>@@V<lambda_38119f0e861e05405d8a144b9b982f0a>@@@?$__crt_seh_guarded_call@X@@QEAAX$$QEAV<lambda_410d79af7f07d98d83a3f525b3859a53>@@AEAV<lambda_3e16ef9562a7dcce91392c22ab16ea36>@@$$QEAV<lambda_38119f0e861e05405d8a144b9b982f0a>@@@Z@4HA 0000000180019e4c     libucrt:wsetlocale.obj
 0004:00000e58       $pdata$?fin$0@?0??update_thread_multibyte_data_internal@@YAPEAU__crt_multibyte_data@@QEAU__acrt_ptd@@QEAPEAU1@@Z@4HA 0000000180019e58     libucrt:mbctype.obj
 0004:00000e64       $pdata$raise$fin$0         0000000180019e64     libucrt:signal.obj
 0004:00000e70       $pdata$?fin$0@?0???$?RV<lambda_842d9ff0dc9ef11c61343bbaebe7f885>@@AEAV<lambda_c5860995281e5c4ce005b3de8f5874ee>@@V<lambda_d90129c13df834fdcbf8d2b88dafcf2d>@@@?$__crt_seh_guarded_call@X@@QEAAX$$QEAV<lambda_842d9ff0dc9ef11c61343bbaebe7f885>@@AEAV<lambda_c5860995281e5c4ce005b3de8f5874ee>@@$$QEAV<lambda_d90129c13df834fdcbf8d2b88dafcf2d>@@@Z@4HA 0000000180019e70     libucrt:fflush.obj
 0004:00000e7c       $pdata$?fin$0@?0???$?RV<lambda_886d6c58226a84441f68b9f2b8217b83>@@AEAV<lambda_ab61a845afdef5b7c387490eaf3616ee>@@V<lambda_f7f22ab5edc0698d5f6905b0d3f44752>@@@?$__crt_seh_guarded_call@X@@QEAAX$$QEAV<lambda_886d6c58226a84441f68b9f2b8217b83>@@AEAV<lambda_ab61a845afdef5b7c387490eaf3616ee>@@$$QEAV<lambda_f7f22ab5edc0698d5f6905b0d3f44752>@@@Z@4HA 0000000180019e7c     libucrt:fflush.obj
 0004:00000e88       $pdata$__acrt_update_thread_locale_data$fin$0 0000000180019e88     libucrt:locale_refcounting.obj
 0004:00000e94       $pdata$__acrt_initialize_lowio$fin$0 0000000180019e94     libucrt:ioinit.obj
 0004:00000e94       $pdata$__acrt_lowio_ensure_fh_exists$fin$0 0000000180019e94     libucrt:osfinfo.obj
 0004:00000ea0       $pdata$_write$fin$0        0000000180019ea0     libucrt:write.obj
 0004:00000eac       $pdata$_fcloseall$fin$0    0000000180019eac     libucrt:closeall.obj
 0004:00000eb8       $pdata$fclose$fin$0        0000000180019eb8     libucrt:fclose.obj
 0004:00000ec4       $pdata$?fin$0@?0???$?RV<lambda_751a882b2c74d4b022dec766aa51a29a>@@AEAV<lambda_628dfdc04ba53c8bfc02c9951375f3f5>@@V<lambda_f6c7be5f7998530c34de24c7437d6b54>@@@?$__crt_seh_guarded_call@H@@QEAAH$$QEAV<lambda_751a882b2c74d4b022dec766aa51a29a>@@AEAV<lambda_628dfdc04ba53c8bfc02c9951375f3f5>@@$$QEAV<lambda_f6c7be5f7998530c34de24c7437d6b54>@@@Z@4HA 0000000180019ec4     libucrt:close.obj
 0004:00000ec4       $pdata$?fin$0@?0???$?RV<lambda_a37b2b86f63e897a80ea819b0eb08c01>@@AEAV<lambda_38ce7e780aa69e748d6df282ebc68efe>@@V<lambda_99fb1378e971ab6e7edea83e3a7a83a2>@@@?$__crt_seh_guarded_call@H@@QEAAH$$QEAV<lambda_a37b2b86f63e897a80ea819b0eb08c01>@@AEAV<lambda_38ce7e780aa69e748d6df282ebc68efe>@@$$QEAV<lambda_99fb1378e971ab6e7edea83e3a7a83a2>@@@Z@4HA 0000000180019ec4     libucrt:commit.obj
 0004:00000ed0       $pdata$_ctrlfp$filt$0      0000000180019ed0     libucrt:fpctrl.obj
 0004:00000edc       $pdata$_IsNonwritableInCurrentImage$filt$0 0000000180019edc     LIBCMT:pesect.obj
 0005:00000060       $R000000                   000000018001a060     * linker generated manifest res *

 Exports

  ordinal    name

        1    _register_testaddon_
