 CPPconnector

 Timestamp is 5d23bc06 (Mon Jul  8 16:56:22 2019)

 Preferred load address is 0000000180000000

 Start         Length     Name                   Class
 0001:00000000 0000a920H .text$mn                CODE
 0001:0000a920 000000e0H .text$mn$00             CODE
 0001:0000aa00 00000240H .text$x                 CODE
 0002:00000000 00000240H .idata$5                DATA
 0002:00000240 00000020H .00cfg                  DATA
 0002:00000260 00000008H .CRT$XCA                DATA
 0002:00000268 00000008H .CRT$XCU                DATA
 0002:00000270 00000008H .CRT$XCZ                DATA
 0002:00000278 00000008H .CRT$XIA                DATA
 0002:00000280 00000018H .CRT$XIC                DATA
 0002:00000298 00000008H .CRT$XIZ                DATA
 0002:000002a0 00000008H .CRT$XPA                DATA
 0002:000002a8 00000010H .CRT$XPX                DATA
 0002:000002b8 00000008H .CRT$XPXA               DATA
 0002:000002c0 00000008H .CRT$XPZ                DATA
 0002:000002c8 00000008H .CRT$XTA                DATA
 0002:000002d0 00000010H .CRT$XTZ                DATA
 0002:000002d8 00000000H .gfids$y                DATA
 0002:000002e0 000070d0H .rdata                  DATA
 0002:000073b0 00000000H .rdata$r                DATA
 0002:000073b0 000003b0H .rdata$zzzdbg           DATA
 0002:00007760 00000008H .rtc$IAA                DATA
 0002:00007768 00000008H .rtc$IZZ                DATA
 0002:00007770 00000008H .rtc$TAA                DATA
 0002:00007778 00000008H .rtc$TZZ                DATA
 0002:00007780 00000a94H .xdata                  DATA
 0002:00008214 00000020H .didat$2                DATA
 0002:00008234 00000024H .didat$3                DATA
 0002:00008258 00000010H .didat$4                DATA
 0002:00008268 00000018H .didat$6                DATA
 0002:00008280 00000010H .didat$7                DATA
 0002:00008290 0000005cH .edata                  DATA
 0002:000082ec 00000014H .idata$2                DATA
 0002:00008300 00000018H .idata$3                DATA
 0002:00008318 00000240H .idata$4                DATA
 0002:00008558 0000053aH .idata$6                DATA
 0003:00000000 00000928H .data                   DATA
 0003:00000928 00000000H .data$r                 DATA
 0003:00000928 00000018H .didat$5                DATA
 0003:00000940 000011e0H .bss                    DATA
 0004:00000000 00000d44H .pdata                  DATA
 0005:00000000 00000060H .rsrc$01                DATA
 0005:00000060 00000180H .rsrc$02                DATA

  Address         Publics by Value              Rva+Base               Lib:Object

 0000:00000000       __guard_iat_count          0000000000000000     <absolute>
 0000:00000000       __dynamic_value_reloc_table 0000000000000000     <absolute>
 0000:00000000       __hybrid_code_map          0000000000000000     <absolute>
 0000:00000000       __hybrid_code_map_count    0000000000000000     <absolute>
 0000:00000000       __guard_iat_table          0000000000000000     <absolute>
 0000:00000000       __hybrid_auxiliary_iat     0000000000000000     <absolute>
 0000:00000000       __guard_longjmp_table      0000000000000000     <absolute>
 0000:00000000       __guard_longjmp_count      0000000000000000     <absolute>
 0000:00000000       __guard_fids_count         0000000000000000     <absolute>
 0000:00000000       __enclave_config           0000000000000000     <absolute>
 0000:00000000       ___safe_se_handler_table   0000000000000000     <absolute>
 0000:00000000       ___safe_se_handler_count   0000000000000000     <absolute>
 0000:00000000       __guard_fids_table         0000000000000000     <absolute>
 0000:00000100       __guard_flags              0000000000000100     <absolute>
 0000:00000000       __ImageBase                0000000180000000     <linker-defined>
 0001:00000000       ?InitAll@@YA?AVObject@Napi@@VEnv@2@V12@@Z 0000000180001000 f   main_CPPconnector.obj
 0001:00000010       ?__napi_InitAll@@YAPEAUnapi_value__@@PEAUnapi_env__@@PEAU1@@Z 0000000180001010 f   main_CPPconnector.obj
 0001:000000bc       __imp_load_napi_module_register 00000001800010bc f   node:node.exe
 0001:000000c8       __tailMerge_node_exe       00000001800010c8     node:node.exe
 0001:00000160       __security_check_cookie    0000000180001160 f   LIBCMT:_amdsecgs_.obj
 0001:000004c8       _DllMainCRTStartup         00000001800014c8 f   LIBCMT:dll_dllmain.obj
 0001:00000508       __raise_securityfailure    0000000180001508 f   LIBCMT:gs_report.obj
 0001:0000053c       __report_gsfailure         000000018000153c f   LIBCMT:gs_report.obj
 0001:00000610       __report_rangecheckfailure 0000000180001610 f   LIBCMT:gs_report.obj
 0001:00000624       __report_securityfailure   0000000180001624 f   LIBCMT:gs_report.obj
 0001:000007a4       __security_init_cookie     00000001800017a4 f   LIBCMT:gs_support.obj
 0001:00000854       DllMain                    0000000180001854 f   LIBCMT:dll_dllmain_stub.obj
 0001:00000854       _get_startup_argv_mode     0000000180001854 f   LIBCMT:argv_mode.obj
 0001:0000085c       ?__scrt_initialize_type_info@@YAXXZ 000000018000185c f   LIBCMT:tncleanup.obj
 0001:0000086c       ?__scrt_uninitialize_type_info@@YAXXZ 000000018000186c f   LIBCMT:tncleanup.obj
 0001:00000878       __local_stdio_printf_options 0000000180001878 f i LIBCMT:default_local_stdio_options.obj
 0001:00000880       __local_stdio_scanf_options 0000000180001880 f i LIBCMT:default_local_stdio_options.obj
 0001:00000888       __scrt_initialize_default_local_stdio_options 0000000180001888 f   LIBCMT:default_local_stdio_options.obj
 0001:000008a4       __scrt_acquire_startup_lock 00000001800018a4 f   LIBCMT:utility.obj
 0001:000008e0       __scrt_dllmain_after_initialize_c 00000001800018e0 f   LIBCMT:utility.obj
 0001:00000914       __scrt_dllmain_before_initialize_c 0000000180001914 f   LIBCMT:utility.obj
 0001:0000092c       __scrt_dllmain_crt_thread_attach 000000018000192c f   LIBCMT:utility.obj
 0001:00000954       __scrt_dllmain_crt_thread_detach 0000000180001954 f   LIBCMT:utility.obj
 0001:0000096c       __scrt_dllmain_exception_filter 000000018000196c f   LIBCMT:utility.obj
 0001:000009d0       __scrt_dllmain_uninitialize_c 00000001800019d0 f   LIBCMT:utility.obj
 0001:00000a00       __scrt_dllmain_uninitialize_critical 0000000180001a00 f   LIBCMT:utility.obj
 0001:00000a14       __scrt_initialize_crt      0000000180001a14 f   LIBCMT:utility.obj
 0001:00000a60       __scrt_initialize_onexit_tables 0000000180001a60 f   LIBCMT:utility.obj
 0001:00000b40       __scrt_is_nonwritable_in_current_image 0000000180001b40 f   LIBCMT:utility.obj
 0001:00000bdc       __scrt_release_startup_lock 0000000180001bdc f   LIBCMT:utility.obj
 0001:00000c00       __scrt_uninitialize_crt    0000000180001c00 f   LIBCMT:utility.obj
 0001:00000c2c       __scrt_get_dyn_tls_init_callback 0000000180001c2c f   LIBCMT:dyn_tls_init.obj
 0001:00000c34       __crt_debugger_hook        0000000180001c34 f   LIBCMT:utility_desktop.obj
 0001:00000c3c       __scrt_fastfail            0000000180001c3c f   LIBCMT:utility_desktop.obj
 0001:00000d88       _RTC_Initialize            0000000180001d88 f   LIBCMT:_initsect_.obj
 0001:00000dd4       _RTC_Terminate             0000000180001dd4 f   LIBCMT:_initsect_.obj
 0001:00000e20       _guard_check_icall         0000000180001e20 f i LIBCMT:checkcfg.obj
 0001:00000e28       __isa_available_init       0000000180001e28 f   LIBCMT:_cpu_disp_.obj
 0001:00000fe4       __scrt_is_ucrt_dll_in_use  0000000180001fe4 f   LIBCMT:ucrt_detection.obj
 0001:00000ff0       _guard_check_icall_nop     0000000180001ff0 f i LIBCMT:guard_support.obj
 0001:00001000       __C_specific_handler       0000000180002000 f   libvcruntime:_riscchandler_.obj
 0001:0000120c       __std_type_info_destroy_list 000000018000220c f   libvcruntime:std_type_info.obj
 0001:00001238       __vcrt_initialize          0000000180002238 f   libvcruntime:initialization.obj
 0001:0000126c       __vcrt_thread_attach       000000018000226c f   libvcruntime:initialization.obj
 0001:00001280       __vcrt_thread_detach       0000000180002280 f   libvcruntime:initialization.obj
 0001:00001294       __vcrt_uninitialize        0000000180002294 f   libvcruntime:initialization.obj
 0001:000012b4       __vcrt_uninitialize_critical 00000001800022b4 f   libvcruntime:initialization.obj
 0001:000012e0       memset                     00000001800022e0 f   libvcruntime:memset.obj
 0001:000014a0       _local_unwind              00000001800024a0 f   libvcruntime:_jmpuwind_.obj
 0001:000014d0       _NLG_Notify                00000001800024d0 f   libvcruntime:_jmpuwind_.obj
 0001:000014f0       __NLG_Dispatch2            00000001800024f0 f   libvcruntime:_jmpuwind_.obj
 0001:00001500       __NLG_Return2              0000000180002500 f   libvcruntime:_jmpuwind_.obj
 0001:00001504       __except_validate_context_record 0000000180002504 f   libvcruntime:jbcxrval.obj
 0001:0000153c       __vcrt_freefls             000000018000253c f   libvcruntime:per_thread_data.obj
 0001:0000155c       __vcrt_freeptd             000000018000255c f   libvcruntime:per_thread_data.obj
 0001:000015ac       __vcrt_getptd_noexit       00000001800025ac f   libvcruntime:per_thread_data.obj
 0001:00001664       __vcrt_initialize_ptd      0000000180002664 f   libvcruntime:per_thread_data.obj
 0001:000016b8       __vcrt_uninitialize_ptd    00000001800026b8 f   libvcruntime:per_thread_data.obj
 0001:000016dc       __vcrt_initialize_locks    00000001800026dc f   libvcruntime:locks.obj
 0001:00001724       __vcrt_uninitialize_locks  0000000180002724 f   libvcruntime:locks.obj
 0001:00001934       __vcrt_FlsAlloc            0000000180002934 f   libvcruntime:winapi_downlevel.obj
 0001:00001988       __vcrt_FlsFree             0000000180002988 f   libvcruntime:winapi_downlevel.obj
 0001:000019dc       __vcrt_FlsGetValue         00000001800029dc f   libvcruntime:winapi_downlevel.obj
 0001:00001a30       __vcrt_FlsSetValue         0000000180002a30 f   libvcruntime:winapi_downlevel.obj
 0001:00001a98       __vcrt_InitializeCriticalSectionEx 0000000180002a98 f   libvcruntime:winapi_downlevel.obj
 0001:00001b10       __vcrt_initialize_winapi_thunks 0000000180002b10 f   libvcruntime:winapi_downlevel.obj
 0001:00001b54       __vcrt_uninitialize_winapi_thunks 0000000180002b54 f   libvcruntime:winapi_downlevel.obj
 0001:00001b94       __vcrt_initialize_pure_virtual_call_handler 0000000180002b94 f   libvcruntime:purevirt_data.obj
 0001:00001bb8       ??0_LocaleUpdate@@QEAA@QEAU__crt_locale_pointers@@@Z 0000000180002bb8 f i libucrt:stricmp.obj
 0001:00001c48       __ascii_stricmp            0000000180002c48 f   libucrt:stricmp.obj
 0001:00001c88       _stricmp                   0000000180002c88 f   libucrt:stricmp.obj
 0001:00001cd0       _stricmp_l                 0000000180002cd0 f   libucrt:stricmp.obj
 0001:00001d84       _initterm                  0000000180002d84 f   libucrt:initterm.obj
 0001:00001de8       _initterm_e                0000000180002de8 f   libucrt:initterm.obj
 0001:00001e28       _seh_filter_dll            0000000180002e28 f   libucrt:exception_filter.obj
 0001:00001e3c       _seh_filter_exe            0000000180002e3c f   libucrt:exception_filter.obj
 0001:00002248       __acrt_initialize_thread_local_exit_callback 0000000180003248 f   libucrt:exit.obj
 0001:00002250       _cexit                     0000000180003250 f   libucrt:exit.obj
 0001:00002260       _exit                      0000000180003260 f   libucrt:exit.obj
 0001:0000226c       _is_c_termination_complete 000000018000326c f   libucrt:exit.obj
 0001:00002430       __acrt_allocate_buffer_for_argv 0000000180003430 f   libucrt:argv_parsing.obj
 0001:00002490       _configure_narrow_argv     0000000180003490 f   libucrt:argv_parsing.obj
 0001:0000280c       __dcrt_uninitialize_environments_nolock 000000018000380c f   libucrt:environment_initialization.obj
 0001:00002844       _initialize_narrow_environment 0000000180003844 f   libucrt:environment_initialization.obj
 0001:000029d4       _execute_onexit_table      00000001800039d4 f   libucrt:onexit.obj
 0001:00002a10       _initialize_onexit_table   0000000180003a10 f   libucrt:onexit.obj
 0001:00002b90       __acrt_initialize          0000000180003b90 f   libucrt:initialization.obj
 0001:00002ba4       __acrt_thread_attach       0000000180003ba4 f   libucrt:initialization.obj
 0001:00002bb8       __acrt_thread_detach       0000000180003bb8 f   libucrt:initialization.obj
 0001:00002bc8       __acrt_uninitialize        0000000180003bc8 f   libucrt:initialization.obj
 0001:00002c00       __acrt_uninitialize_critical 0000000180003c00 f   libucrt:initialization.obj
 0001:00002c10       terminate                  0000000180003c10 f   libucrt:terminate.obj
 0001:00002c30       _free_base                 0000000180003c30 f   libucrt:free_base.obj
 0001:00002c70       _malloc_base               0000000180003c70 f   libucrt:malloc_base.obj
 0001:00002cd0       strcpy_s                   0000000180003cd0 f   libucrt:strcpy_s.obj
 0001:00002d30       abort                      0000000180003d30 f   libucrt:abort.obj
 0001:00002d88       _calloc_base               0000000180003d88 f   libucrt:calloc_base.obj
 0001:00002e00       wcsncmp                    0000000180003e00 f   libucrt:wcsncmp.obj
 0001:00002e2c       __acrt_call_reportfault    0000000180003e2c f   libucrt:invalid_parameter.obj
 0001:00002f88       __acrt_initialize_invalid_parameter_handler 0000000180003f88 f   libucrt:invalid_parameter.obj
 0001:00002f90       _invalid_parameter         0000000180003f90 f   libucrt:invalid_parameter.obj
 0001:00003040       _invalid_parameter_noinfo  0000000180004040 f   libucrt:invalid_parameter.obj
 0001:00003060       _invoke_watson             0000000180004060 f   libucrt:invalid_parameter.obj
 0001:000030a8       __acrt_errno_from_os_error 00000001800040a8 f   libucrt:errno.obj
 0001:000030f0       __acrt_errno_map_os_error  00000001800040f0 f   libucrt:errno.obj
 0001:00003140       __doserrno                 0000000180004140 f   libucrt:errno.obj
 0001:00003160       _errno                     0000000180004160 f   libucrt:errno.obj
 0001:000031c4       _tolower_l                 00000001800041c4 f   libucrt:tolower_toupper.obj
 0001:0000367c       __acrt_freeptd             000000018000467c f   libucrt:per_thread_data.obj
 0001:000036c0       __acrt_getptd              00000001800046c0 f   libucrt:per_thread_data.obj
 0001:0000378c       __acrt_getptd_head         000000018000478c f   libucrt:per_thread_data.obj
 0001:00003834       __acrt_getptd_noexit       0000000180004834 f   libucrt:per_thread_data.obj
 0001:00003904       __acrt_initialize_ptd      0000000180004904 f   libucrt:per_thread_data.obj
 0001:00003940       __acrt_uninitialize_ptd    0000000180004940 f   libucrt:per_thread_data.obj
 0001:00003964       __acrt_update_locale_info  0000000180004964 f   libucrt:locale_update.obj
 0001:00003998       __acrt_update_multibyte_info 0000000180004998 f   libucrt:locale_update.obj
 0001:00003a3c       __acrt_set_locale_changed  0000000180004a3c f   libucrt:wsetlocale.obj
 0001:00003a48       __acrt_uninitialize_locale 0000000180004a48 f   libucrt:wsetlocale.obj
 0001:00003a78       __acrt_initialize_locks    0000000180004a78 f   libucrt:locks.obj
 0001:00003ac0       __acrt_lock                0000000180004ac0 f   libucrt:locks.obj
 0001:00003adc       __acrt_uninitialize_locks  0000000180004adc f   libucrt:locks.obj
 0001:00003b14       __acrt_unlock              0000000180004b14 f   libucrt:locks.obj
 0001:00003b30       __acrt_get_process_end_policy 0000000180004b30 f   libucrt:win_policies.obj
 0001:000040d0       __acrt_expand_narrow_argv_wildcards 00000001800050d0 f   libucrt:argv_wildcards.obj
 0001:00004818       __acrt_initialize_multibyte 0000000180005818 f   libucrt:mbctype.obj
 0001:00004878       __acrt_update_thread_multibyte_data 0000000180005878 f   libucrt:mbctype.obj
 0001:00004894       _setmbcp_nolock            0000000180005894 f   libucrt:mbctype.obj
 0001:00004bcc       _ismbblead                 0000000180005bcc f   libucrt:ismbbyte.obj
 0001:00004be0       __acrt_initialize_command_line 0000000180005be0 f   libucrt:argv_data.obj
 0001:00004c08       __acrt_uninitialize_command_line 0000000180005c08 f   libucrt:argv_data.obj
 0001:00004c0c       __dcrt_get_narrow_environment_from_os 0000000180005c0c f   libucrt:get_environment_from_os.obj
 0001:00004d10       _recalloc                  0000000180005d10 f   libucrt:recalloc.obj
 0001:00004d18       _recalloc_base             0000000180005d18 f   libucrt:recalloc.obj
 0001:00004f88       __acrt_AppPolicyGetProcessTerminationMethodInternal 0000000180005f88 f   libucrt:winapi_thunks.obj
 0001:00004fd8       __acrt_FlsAlloc            0000000180005fd8 f   libucrt:winapi_thunks.obj
 0001:00005020       __acrt_FlsFree             0000000180006020 f   libucrt:winapi_thunks.obj
 0001:00005068       __acrt_FlsGetValue         0000000180006068 f   libucrt:winapi_thunks.obj
 0001:000050b0       __acrt_FlsSetValue         00000001800060b0 f   libucrt:winapi_thunks.obj
 0001:00005104       __acrt_InitializeCriticalSectionEx 0000000180006104 f   libucrt:winapi_thunks.obj
 0001:00005168       __acrt_LCMapStringEx       0000000180006168 f   libucrt:winapi_thunks.obj
 0001:00005244       __acrt_LocaleNameToLCID    0000000180006244 f   libucrt:winapi_thunks.obj
 0001:00005294       __acrt_initialize_winapi_thunks 0000000180006294 f   libucrt:winapi_thunks.obj
 0001:000052dc       __acrt_uninitialize_winapi_thunks 00000001800062dc f   libucrt:winapi_thunks.obj
 0001:00005320       __acrt_initialize_heap     0000000180006320 f   libucrt:heap_handle.obj
 0001:0000533c       __acrt_uninitialize_heap   000000018000633c f   libucrt:heap_handle.obj
 0001:00005530       __acrt_initialize_lowio    0000000180006530 f   libucrt:ioinit.obj
 0001:0000556c       __acrt_uninitialize_lowio  000000018000656c f   libucrt:ioinit.obj
 0001:000055ac       __acrt_execute_initializers 00000001800065ac f   libucrt:shared_initialization.obj
 0001:0000562c       __acrt_execute_uninitializers 000000018000662c f   libucrt:shared_initialization.obj
 0001:00005668       __acrt_initialize_new_handler 0000000180006668 f   libucrt:new_handler.obj
 0001:00005670       _callnewh                  0000000180006670 f   libucrt:new_handler.obj
 0001:000056a0       _query_new_handler         00000001800066a0 f   libucrt:new_handler.obj
 0001:0000571c       __acrt_get_sigabrt_handler 000000018000671c f   libucrt:signal.obj
 0001:0000574c       __acrt_initialize_signal_handlers 000000018000674c f   libucrt:signal.obj
 0001:0000576c       raise                      000000018000676c f   libucrt:signal.obj
 0001:000059e0       __acrt_has_user_matherr    00000001800069e0 f   libucrt:matherr.obj
 0001:00005a00       __acrt_initialize_user_matherr 0000000180006a00 f   libucrt:matherr.obj
 0001:00005a08       __acrt_invoke_user_matherr 0000000180006a08 f   libucrt:matherr.obj
 0001:00005c1c       __acrt_stdio_flush_nolock  0000000180006c1c f   libucrt:fflush.obj
 0001:00005c98       _fflush_nolock             0000000180006c98 f   libucrt:fflush.obj
 0001:00005ce4       _flushall                  0000000180006ce4 f   libucrt:fflush.obj
 0001:00005cec       __acrt_initialize_stdio    0000000180006cec f   libucrt:_file.obj
 0001:00005e0c       __acrt_uninitialize_stdio  0000000180006e0c f   libucrt:_file.obj
 0001:00005e68       _lock_file                 0000000180006e68 f   libucrt:_file.obj
 0001:00005e74       _unlock_file               0000000180006e74 f   libucrt:_file.obj
 0001:00005e80       _query_new_mode            0000000180006e80 f   libucrt:new_mode.obj
 0001:00005e88       _mbtowc_l                  0000000180006e88 f   libucrt:mbtowc.obj
 0001:00005fd0       mbtowc                     0000000180006fd0 f   libucrt:mbtowc.obj
 0001:00005fd8       _fileno                    0000000180006fd8 f   libucrt:fileno.obj
 0001:00006000       __pctype_func              0000000180007000 f   libucrt:ctype.obj
 0001:00006030       _isctype_l                 0000000180007030 f   libucrt:isctype.obj
 0001:00006140       _isleadbyte_l              0000000180007140 f i libucrt:_wctype.obj
 0001:00006498       __acrt_LCMapStringA        0000000180007498 f   libucrt:lcmapstringa.obj
 0001:00006530       __acrt_add_locale_ref      0000000180007530 f   libucrt:locale_refcounting.obj
 0001:000065bc       __acrt_free_locale         00000001800075bc f   libucrt:locale_refcounting.obj
 0001:00006734       __acrt_locale_add_lc_time_reference 0000000180007734 f   libucrt:locale_refcounting.obj
 0001:0000675c       __acrt_locale_free_lc_time_if_unreferenced 000000018000775c f   libucrt:locale_refcounting.obj
 0001:00006794       __acrt_locale_release_lc_time_reference 0000000180007794 f   libucrt:locale_refcounting.obj
 0001:000067bc       __acrt_release_locale_ref  00000001800077bc f   libucrt:locale_refcounting.obj
 0001:00006864       __acrt_update_thread_locale_data 0000000180007864 f   libucrt:locale_refcounting.obj
 0001:000068d4       _updatetlocinfoEx_nolock   00000001800078d4 f   libucrt:locale_refcounting.obj
 0001:0000693c       __acrt_locale_free_monetary 000000018000793c f   libucrt:initmon.obj
 0001:00006a48       __acrt_locale_free_numeric 0000000180007a48 f   libucrt:initnum.obj
 0001:00006b08       __acrt_locale_free_time    0000000180007b08 f   libucrt:inittime.obj
 0001:00006c10       __acrt_GetStringTypeA      0000000180007c10 f   libucrt:getstringtypea.obj
 0001:00006da0       qsort                      0000000180007da0 f   libucrt:qsort.obj
 0001:00007150       strncpy_s                  0000000180008150 f   libucrt:strncpy_s.obj
 0001:000072d0       strpbrk                    00000001800082d0 f   libucrt:strpbrk.obj
 0001:000076b0       _mbsdec                    00000001800086b0 f   libucrt:mbsdec.obj
 0001:000076b8       _mbsdec_l                  00000001800086b8 f   libucrt:mbsdec.obj
 0001:00007760       _msize                     0000000180008760 f   libucrt:msize.obj
 0001:00007768       _msize_base                0000000180008768 f   libucrt:msize.obj
 0001:000077a4       _realloc_base              00000001800087a4 f   libucrt:realloc_base.obj
 0001:000078ec       __acrt_DownlevelLocaleNameToLCID 00000001800088ec f   libucrt:lcidtoname_downlevel.obj
 0001:00007920       __acrt_lowio_create_handle_array 0000000180008920 f   libucrt:osfinfo.obj
 0001:000079b8       __acrt_lowio_destroy_handle_array 00000001800089b8 f   libucrt:osfinfo.obj
 0001:00007a08       __acrt_lowio_ensure_fh_exists 0000000180008a08 f   libucrt:osfinfo.obj
 0001:00007ab0       __acrt_lowio_lock_fh       0000000180008ab0 f   libucrt:osfinfo.obj
 0001:00007ad4       __acrt_lowio_unlock_fh     0000000180008ad4 f   libucrt:osfinfo.obj
 0001:00007af8       _free_osfhnd               0000000180008af8 f   libucrt:osfinfo.obj
 0001:00007bb4       _get_osfhandle             0000000180008bb4 f   libucrt:osfinfo.obj
 0001:00007cb8       _commit                    0000000180008cb8 f   libucrt:commit.obj
 0001:00008304       _write                     0000000180009304 f   libucrt:write.obj
 0001:000083f0       _write_nolock              00000001800093f0 f   libucrt:write.obj
 0001:00008734       _fcloseall                 0000000180009734 f   libucrt:closeall.obj
 0001:000087e8       __acrt_stdio_free_buffer_nolock 00000001800097e8 f   libucrt:_freebuf.obj
 0001:00008828       _isatty                    0000000180009828 f   libucrt:isatty.obj
 0001:00008888       __acrt_MultiByteToWideChar 0000000180009888 f   libucrt:multibytetowidechar.obj
 0001:00008890       __strncnt                  0000000180009890 f   libucrt:strncnt.obj
 0001:000088a8       _query_app_type            00000001800098a8 f   libucrt:report_runtime_error.obj
 0001:0000894c       _lseeki64_nolock           000000018000994c f   libucrt:lseek.obj
 0001:00008954       _putwch_nolock             0000000180009954 f   libucrt:putwch.obj
 0001:00008990       _fclose_nolock             0000000180009990 f   libucrt:fclose.obj
 0001:00008a14       fclose                     0000000180009a14 f   libucrt:fclose.obj
 0001:00008a80       log10                      0000000180009a80 f   libucrt:log10.obj
 0001:0000902c       __dcrt_lowio_ensure_console_output_initialized 000000018000a02c f   libucrt:initcon.obj
 0001:00009080       __dcrt_terminate_console_output 000000018000a080 f   libucrt:initcon.obj
 0001:0000909c       __dcrt_write_console_w     000000018000a09c f   libucrt:initcon.obj
 0001:000091d0       _close                     000000018000a1d0 f   libucrt:close.obj
 0001:00009274       _close_nolock              000000018000a274 f   libucrt:close.obj
 0001:00009330       ?__acrt_stdio_free_stream@@YAXV__crt_stdio_stream@@@Z 000000018000a330 f   libucrt:stream.obj
 0001:00009470       _handle_error              000000018000a470 f   libucrt:libm_error.obj
 0001:000095a0       __acrt_initialize_fma3     000000018000a5a0 f   libucrt:fma3_available.obj
 0001:00009610       _log10_special             000000018000a610 f   libucrt:log_special.obj
 0001:000096e0       _get_fpsr                  000000018000a6e0 f   libucrt:fpsr.obj
 0001:000096f0       _set_fpsr                  000000018000a6f0 f   libucrt:fpsr.obj
 0001:000096fa       _fclrf                     000000018000a6fa f   libucrt:fpsr.obj
 0001:0000970e       _frnd                      000000018000a70e f   libucrt:fpsr.obj
 0001:00009730       _raise_exc                 000000018000a730 f   libucrt:fpexcept.obj
 0001:00009758       _raise_exc_ex              000000018000a758 f   libucrt:fpexcept.obj
 0001:00009a60       _set_errno_from_matherr    000000018000aa60 f   libucrt:fpexcept.obj
 0001:00009a90       _clrfp                     000000018000aa90 f   libucrt:fpctrl.obj
 0001:00009ab0       _ctrlfp                    000000018000aab0 f   libucrt:fpctrl.obj
 0001:00009b2c       _set_statfp                000000018000ab2c f   libucrt:fpctrl.obj
 0001:00009b4c       _statfp                    000000018000ab4c f   libucrt:fpctrl.obj
 0001:00009b5d       IsProcessorFeaturePresent  000000018000ab5d f   kernel32:KERNEL32.dll
 0001:00009b63       RtlUnwindEx                000000018000ab63 f   kernel32:KERNEL32.dll
 0001:00009b6c       ?DloadAcquireSectionWriteAccess@@YAXXZ 000000018000ab6c f i DelayImp:delayhlp.obj
 0001:00009c28       ?DloadGetSRWLockFunctionPointers@@YAEXZ 000000018000ac28 f i DelayImp:delayhlp.obj
 0001:00009cc4       ?DloadMakePermanentImageCommit@@YAXPEAX_K@Z 000000018000acc4 f i DelayImp:delayhlp.obj
 0001:00009d60       ?DloadObtainSection@@YAPEAXPEAK0@Z 000000018000ad60 f i DelayImp:delayhlp.obj
 0001:00009df4       ?DloadProtectSection@@YAXKPEAK@Z 000000018000adf4 f i DelayImp:delayhlp.obj
 0001:00009e84       ?DloadReleaseSectionWriteAccess@@YAXXZ 000000018000ae84 f i DelayImp:delayhlp.obj
 0001:00009f28       __delayLoadHelper2         000000018000af28 f   DelayImp:delayhlp.obj
 0001:0000a220       _FindPESection             000000018000b220 f   LIBCMT:pesect.obj
 0001:0000a270       _IsNonwritableInCurrentImage 000000018000b270 f   LIBCMT:pesect.obj
 0001:0000a2c0       _ValidateImageBase         000000018000b2c0 f   LIBCMT:pesect.obj
 0001:0000a2f0       __GSHandlerCheck           000000018000b2f0 f   LIBCMT:_gshandler_.obj
 0001:0000a310       __GSHandlerCheckCommon     000000018000b310 f   LIBCMT:_gshandler_.obj
 0001:0000a380       _alloca_probe              000000018000b380 f   LIBCMT:_chkstk_.obj
 0001:0000a380       __chkstk                   000000018000b380 f   LIBCMT:_chkstk_.obj
 0001:0000a3f0       memmove                    000000018000b3f0 f   libvcruntime:memcpy.obj
 0001:0000a3f0       memcpy                     000000018000b3f0 f   libvcruntime:memcpy.obj
 0001:0000a850       memcmp                     000000018000b850 f   libvcruntime:memcmp.obj
 0001:0000a930       _guard_dispatch_icall_nop  000000018000b930 f   LIBCMT:_guard_dispatch_.obj
 0001:0000a950       __guard_ss_verify_failure  000000018000b950 f   LIBCMT:_rfgfailure_.obj
 0001:0000a95b       __guard_ss_verify_failure_rcx 000000018000b95b     LIBCMT:_rfgfailure_.obj
 0001:0000a961       __guard_ss_verify_failure_rdx 000000018000b961     LIBCMT:_rfgfailure_.obj
 0001:0000a967       __guard_ss_verify_failure_r8 000000018000b967     LIBCMT:_rfgfailure_.obj
 0001:0000a96d       __guard_ss_verify_failure_r9 000000018000b96d     LIBCMT:_rfgfailure_.obj
 0001:0000a973       __guard_ss_verify_failure_r10 000000018000b973     LIBCMT:_rfgfailure_.obj
 0001:0000a980       __guard_ss_verify_failure_default 000000018000b980 f   LIBCMT:_rfgfailure_.obj
 0001:0000a9e0       __guard_ss_verify_sp       000000018000b9e0 f   LIBCMT:_rfgfailure_.obj
 0001:0000a9f0       __guard_ss_verify_sp_default 000000018000b9f0 f   LIBCMT:_rfgfailure_.obj
 0002:00000000       __imp_GetModuleHandleA     000000018000c000     kernel32:KERNEL32.dll
 0002:00000008       __imp_VirtualQuery         000000018000c008     kernel32:KERNEL32.dll
 0002:00000010       __imp_RtlCaptureContext    000000018000c010     kernel32:KERNEL32.dll
 0002:00000018       __imp_RtlLookupFunctionEntry 000000018000c018     kernel32:KERNEL32.dll
 0002:00000020       __imp_RtlVirtualUnwind     000000018000c020     kernel32:KERNEL32.dll
 0002:00000028       __imp_UnhandledExceptionFilter 000000018000c028     kernel32:KERNEL32.dll
 0002:00000030       __imp_SetUnhandledExceptionFilter 000000018000c030     kernel32:KERNEL32.dll
 0002:00000038       __imp_GetCurrentProcess    000000018000c038     kernel32:KERNEL32.dll
 0002:00000040       __imp_TerminateProcess     000000018000c040     kernel32:KERNEL32.dll
 0002:00000048       __imp_IsProcessorFeaturePresent 000000018000c048     kernel32:KERNEL32.dll
 0002:00000050       __imp_QueryPerformanceCounter 000000018000c050     kernel32:KERNEL32.dll
 0002:00000058       __imp_GetCurrentProcessId  000000018000c058     kernel32:KERNEL32.dll
 0002:00000060       __imp_GetCurrentThreadId   000000018000c060     kernel32:KERNEL32.dll
 0002:00000068       __imp_GetSystemTimeAsFileTime 000000018000c068     kernel32:KERNEL32.dll
 0002:00000070       __imp_InitializeSListHead  000000018000c070     kernel32:KERNEL32.dll
 0002:00000078       __imp_IsDebuggerPresent    000000018000c078     kernel32:KERNEL32.dll
 0002:00000080       __imp_GetStartupInfoW      000000018000c080     kernel32:KERNEL32.dll
 0002:00000088       __imp_GetModuleHandleW     000000018000c088     kernel32:KERNEL32.dll
 0002:00000090       __imp_RtlUnwindEx          000000018000c090     kernel32:KERNEL32.dll
 0002:00000098       __imp_InterlockedFlushSList 000000018000c098     kernel32:KERNEL32.dll
 0002:000000a0       __imp_GetLastError         000000018000c0a0     kernel32:KERNEL32.dll
 0002:000000a8       __imp_SetLastError         000000018000c0a8     kernel32:KERNEL32.dll
 0002:000000b0       __imp_EnterCriticalSection 000000018000c0b0     kernel32:KERNEL32.dll
 0002:000000b8       __imp_LeaveCriticalSection 000000018000c0b8     kernel32:KERNEL32.dll
 0002:000000c0       __imp_DeleteCriticalSection 000000018000c0c0     kernel32:KERNEL32.dll
 0002:000000c8       __imp_InitializeCriticalSectionAndSpinCount 000000018000c0c8     kernel32:KERNEL32.dll
 0002:000000d0       __imp_TlsAlloc             000000018000c0d0     kernel32:KERNEL32.dll
 0002:000000d8       __imp_TlsGetValue          000000018000c0d8     kernel32:KERNEL32.dll
 0002:000000e0       __imp_TlsSetValue          000000018000c0e0     kernel32:KERNEL32.dll
 0002:000000e8       __imp_TlsFree              000000018000c0e8     kernel32:KERNEL32.dll
 0002:000000f0       __imp_FreeLibrary          000000018000c0f0     kernel32:KERNEL32.dll
 0002:000000f8       __imp_GetProcAddress       000000018000c0f8     kernel32:KERNEL32.dll
 0002:00000100       __imp_LoadLibraryExW       000000018000c100     kernel32:KERNEL32.dll
 0002:00000108       __imp_ExitProcess          000000018000c108     kernel32:KERNEL32.dll
 0002:00000110       __imp_GetModuleHandleExW   000000018000c110     kernel32:KERNEL32.dll
 0002:00000118       __imp_GetModuleFileNameA   000000018000c118     kernel32:KERNEL32.dll
 0002:00000120       __imp_MultiByteToWideChar  000000018000c120     kernel32:KERNEL32.dll
 0002:00000128       __imp_WideCharToMultiByte  000000018000c128     kernel32:KERNEL32.dll
 0002:00000130       __imp_HeapFree             000000018000c130     kernel32:KERNEL32.dll
 0002:00000138       __imp_HeapAlloc            000000018000c138     kernel32:KERNEL32.dll
 0002:00000140       __imp_GetACP               000000018000c140     kernel32:KERNEL32.dll
 0002:00000148       __imp_FindClose            000000018000c148     kernel32:KERNEL32.dll
 0002:00000150       __imp_FindFirstFileExA     000000018000c150     kernel32:KERNEL32.dll
 0002:00000158       __imp_FindNextFileA        000000018000c158     kernel32:KERNEL32.dll
 0002:00000160       __imp_IsValidCodePage      000000018000c160     kernel32:KERNEL32.dll
 0002:00000168       __imp_GetOEMCP             000000018000c168     kernel32:KERNEL32.dll
 0002:00000170       __imp_GetCPInfo            000000018000c170     kernel32:KERNEL32.dll
 0002:00000178       __imp_GetCommandLineA      000000018000c178     kernel32:KERNEL32.dll
 0002:00000180       __imp_GetCommandLineW      000000018000c180     kernel32:KERNEL32.dll
 0002:00000188       __imp_GetEnvironmentStringsW 000000018000c188     kernel32:KERNEL32.dll
 0002:00000190       __imp_FreeEnvironmentStringsW 000000018000c190     kernel32:KERNEL32.dll
 0002:00000198       __imp_LCMapStringW         000000018000c198     kernel32:KERNEL32.dll
 0002:000001a0       __imp_GetProcessHeap       000000018000c1a0     kernel32:KERNEL32.dll
 0002:000001a8       __imp_GetStdHandle         000000018000c1a8     kernel32:KERNEL32.dll
 0002:000001b0       __imp_GetFileType          000000018000c1b0     kernel32:KERNEL32.dll
 0002:000001b8       __imp_GetStringTypeW       000000018000c1b8     kernel32:KERNEL32.dll
 0002:000001c0       __imp_HeapSize             000000018000c1c0     kernel32:KERNEL32.dll
 0002:000001c8       __imp_HeapReAlloc          000000018000c1c8     kernel32:KERNEL32.dll
 0002:000001d0       __imp_SetStdHandle         000000018000c1d0     kernel32:KERNEL32.dll
 0002:000001d8       __imp_FlushFileBuffers     000000018000c1d8     kernel32:KERNEL32.dll
 0002:000001e0       __imp_WriteFile            000000018000c1e0     kernel32:KERNEL32.dll
 0002:000001e8       __imp_GetConsoleCP         000000018000c1e8     kernel32:KERNEL32.dll
 0002:000001f0       __imp_GetConsoleMode       000000018000c1f0     kernel32:KERNEL32.dll
 0002:000001f8       __imp_SetFilePointerEx     000000018000c1f8     kernel32:KERNEL32.dll
 0002:00000200       __imp_CreateFileW          000000018000c200     kernel32:KERNEL32.dll
 0002:00000208       __imp_CloseHandle          000000018000c208     kernel32:KERNEL32.dll
 0002:00000210       __imp_WriteConsoleW        000000018000c210     kernel32:KERNEL32.dll
 0002:00000218       __imp_RaiseException       000000018000c218     kernel32:KERNEL32.dll
 0002:00000220       __imp_GetSystemInfo        000000018000c220     kernel32:KERNEL32.dll
 0002:00000228       __imp_VirtualProtect       000000018000c228     kernel32:KERNEL32.dll
 0002:00000230       __imp_LoadLibraryExA       000000018000c230     kernel32:KERNEL32.dll
 0002:00000238       \177KERNEL32_NULL_THUNK_DATA 000000018000c238     kernel32:KERNEL32.dll
 0002:00000240       __guard_check_icall_fptr   000000018000c240     LIBCMT:guard_support.obj
 0002:00000248       __guard_dispatch_icall_fptr 000000018000c248     LIBCMT:guard_support.obj
 0002:00000250       __guard_ss_verify_failure_fptr 000000018000c250     LIBCMT:guard_support.obj
 0002:00000258       __guard_ss_verify_sp_fptr  000000018000c258     LIBCMT:guard_support.obj
 0002:00000260       __xc_a                     000000018000c260     LIBCMT:initializers.obj
 0002:00000268       _register_testaddon_       000000018000c268     main_CPPconnector.obj
 0002:00000270       __xc_z                     000000018000c270     LIBCMT:initializers.obj
 0002:00000278       __xi_a                     000000018000c278     LIBCMT:initializers.obj
 0002:00000280       __acrt_multibyte_initializer 000000018000c280     libucrt:multibyte_initializer.obj
 0002:00000288       __acrt_stdio_initializer   000000018000c288     libucrt:stdio_initializer.obj
 0002:00000290       __acrt_tran_fma3_initializer 000000018000c290     libucrt:fma3_initializer.obj
 0002:00000298       __xi_z                     000000018000c298     LIBCMT:initializers.obj
 0002:000002a0       __xp_a                     000000018000c2a0     LIBCMT:initializers.obj
 0002:000002a8       __acrt_locale_terminator   000000018000c2a8     libucrt:locale_initializer.obj
 0002:000002b0       __dcrt_console_output_terminator 000000018000c2b0     libucrt:console_output_initializer.obj
 0002:000002b8       __acrt_stdio_terminator    000000018000c2b8     libucrt:stdio_initializer.obj
 0002:000002c0       __xp_z                     000000018000c2c0     LIBCMT:initializers.obj
 0002:000002c8       __xt_a                     000000018000c2c8     LIBCMT:initializers.obj
 0002:000002d0       __xt_z                     000000018000c2d0     LIBCMT:initializers.obj
 0002:000002e0       __sz_node_exe              000000018000c2e0     node:node.exe
 0002:000002f0       _pDefaultRawDllMain        000000018000c2f0     LIBCMT:dll_dllmain.obj
 0002:000002f0       _pRawDllMain               000000018000c2f0     LIBCMT:dll_dllmain.obj
 0002:00000638       ??_C@_08EHJDFFNH@__based?$CI?$AA@ 000000018000c638     libvcruntime:undname.obj
 0002:00000648       ??_C@_07KOLFKCDI@__cdecl?$AA@ 000000018000c648     libvcruntime:undname.obj
 0002:00000650       ??_C@_08GHMPAG@__pascal?$AA@ 000000018000c650     libvcruntime:undname.obj
 0002:00000660       ??_C@_09IFJBGAPI@__stdcall?$AA@ 000000018000c660     libvcruntime:undname.obj
 0002:00000670       ??_C@_0L@NPHFGOKO@__thiscall?$AA@ 000000018000c670     libvcruntime:undname.obj
 0002:00000680       ??_C@_0L@JMKHOMEK@__fastcall?$AA@ 000000018000c680     libvcruntime:undname.obj
 0002:00000690       ??_C@_0N@BCKKPABJ@__vectorcall?$AA@ 000000018000c690     libvcruntime:undname.obj
 0002:000006a0       ??_C@_09HIJEGCPM@__clrcall?$AA@ 000000018000c6a0     libvcruntime:undname.obj
 0002:000006ac       ??_C@_06GHPCKEAG@__eabi?$AA@ 000000018000c6ac     libvcruntime:undname.obj
 0002:000006b8       ??_C@_07JOMMBBKO@__ptr64?$AA@ 000000018000c6b8     libvcruntime:undname.obj
 0002:000006c0       ??_C@_0L@PILCLIHE@__restrict?$AA@ 000000018000c6c0     libvcruntime:undname.obj
 0002:000006d0       ??_C@_0M@GFIIJFMG@__unaligned?$AA@ 000000018000c6d0     libvcruntime:undname.obj
 0002:000006e0       ??_C@_09DHDLOLLB@restrict?$CI?$AA@ 000000018000c6e0     libvcruntime:undname.obj
 0002:000006ea       ??_C@_00CNPNBAHC@?$AA@     000000018000c6ea     libvcruntime:undname.obj
 0002:000006ec       ??_C@_04NIHEBCM@?5new?$AA@ 000000018000c6ec     libvcruntime:undname.obj
 0002:000006f8       ??_C@_07FPCDHGMM@?5delete?$AA@ 000000018000c6f8     libvcruntime:undname.obj
 0002:00000700       ??_C@_01NEMOKFLO@?$DN?$AA@ 000000018000c700     libvcruntime:undname.obj
 0002:00000704       ??_C@_02GPIOPFAK@?$DO?$DO?$AA@ 000000018000c704     libvcruntime:undname.obj
 0002:00000708       ??_C@_02FODMEDOG@?$DM?$DM?$AA@ 000000018000c708     libvcruntime:undname.obj
 0002:0000070c       ??_C@_01DCLJPIOD@?$CB?$AA@ 000000018000c70c     libvcruntime:undname.obj
 0002:00000710       ??_C@_02EGOFBIJA@?$DN?$DN?$AA@ 000000018000c710     libvcruntime:undname.obj
 0002:00000714       ??_C@_02FDNJECIE@?$CB?$DN?$AA@ 000000018000c714     libvcruntime:undname.obj
 0002:00000718       ??_C@_02GPECMEKF@?$FL?$FN?$AA@ 000000018000c718     libvcruntime:undname.obj
 0002:00000720       ??_C@_08LHJFAFGD@operator?$AA@ 000000018000c720     libvcruntime:undname.obj
 0002:0000072c       ??_C@_02HBOOOICD@?9?$DO?$AA@ 000000018000c72c     libvcruntime:undname.obj
 0002:00000730       ??_C@_01NBENCBCI@?$CK?$AA@ 000000018000c730     libvcruntime:undname.obj
 0002:00000734       ??_C@_02ECNGHCIF@?$CL?$CL?$AA@ 000000018000c734     libvcruntime:undname.obj
 0002:00000738       ??_C@_02BAABKJLB@?9?9?$AA@ 000000018000c738     libvcruntime:undname.obj
 0002:0000073c       ??_C@_01JOAMLHOP@?9?$AA@   000000018000c73c     libvcruntime:undname.obj
 0002:00000740       ??_C@_01MIFGBAGJ@?$CL?$AA@ 000000018000c740     libvcruntime:undname.obj
 0002:00000744       ??_C@_01HNPIGOCE@?$CG?$AA@ 000000018000c744     libvcruntime:undname.obj
 0002:00000748       ??_C@_03MNHNFDLC@?9?$DO?$CK?$AA@ 000000018000c748     libvcruntime:undname.obj
 0002:0000074c       ??_C@_01KMDKNFGN@?1?$AA@   000000018000c74c     libvcruntime:undname.obj
 0002:00000750       ??_C@_01FGNFDNOH@?$CF?$AA@ 000000018000c750     libvcruntime:undname.obj
 0002:00000754       ??_C@_01MNNFJEPP@?$DM?$AA@ 000000018000c754     libvcruntime:undname.obj
 0002:00000758       ??_C@_02EHCHHCKH@?$DM?$DN?$AA@ 000000018000c758     libvcruntime:undname.obj
 0002:0000075c       ??_C@_01PPODPGHN@?$DO?$AA@ 000000018000c75c     libvcruntime:undname.obj
 0002:00000760       ??_C@_02EEKDKGMJ@?$DO?$DN?$AA@ 000000018000c760     libvcruntime:undname.obj
 0002:00000764       ??_C@_01IHBHIGKO@?0?$AA@   000000018000c764     libvcruntime:undname.obj
 0002:00000768       ??_C@_02HCKGKOFO@?$CI?$CJ?$AA@ 000000018000c768     libvcruntime:undname.obj
 0002:0000076c       ??_C@_01PJKLJHI@?$HO?$AA@  000000018000c76c     libvcruntime:undname.obj
 0002:00000770       ??_C@_01JKBOJNNK@?$FO?$AA@ 000000018000c770     libvcruntime:undname.obj
 0002:00000774       ??_C@_01DNKMNLPK@?$HM?$AA@ 000000018000c774     libvcruntime:undname.obj
 0002:00000778       ??_C@_02PPKAJPJL@?$CG?$CG?$AA@ 000000018000c778     libvcruntime:undname.obj
 0002:0000077c       ??_C@_02NONPIBCD@?$HM?$HM?$AA@ 000000018000c77c     libvcruntime:undname.obj
 0002:00000780       ??_C@_02FPIMKNGF@?$CK?$DN?$AA@ 000000018000c780     libvcruntime:undname.obj
 0002:00000784       ??_C@_02FOEOMHFC@?$CL?$DN?$AA@ 000000018000c784     libvcruntime:undname.obj
 0002:00000788       ??_C@_02FKMDLLOA@?9?$DN?$AA@ 000000018000c788     libvcruntime:undname.obj
 0002:0000078c       ??_C@_02FJEHGPIO@?1?$DN?$AA@ 000000018000c78c     libvcruntime:undname.obj
 0002:00000790       ??_C@_02FENAOKFI@?$CF?$DN?$AA@ 000000018000c790     libvcruntime:undname.obj
 0002:00000794       ??_C@_03IKFCCPFF@?$DO?$DO?$DN?$AA@ 000000018000c794     libvcruntime:undname.obj
 0002:00000798       ??_C@_03CDNPDDLA@?$DM?$DM?$DN?$AA@ 000000018000c798     libvcruntime:undname.obj
 0002:0000079c       ??_C@_02FGJGFEAB@?$CG?$DN?$AA@ 000000018000c79c     libvcruntime:undname.obj
 0002:000007a0       ??_C@_02DHLNPPGH@?$HM?$DN?$AA@ 000000018000c7a0     libvcruntime:undname.obj
 0002:000007a4       ??_C@_02MHEGNOJ@?$FO?$DN?$AA@ 000000018000c7a4     libvcruntime:undname.obj
 0002:000007a8       ??_C@_09IFPLHPGF@?$GAvftable?8?$AA@ 000000018000c7a8     libvcruntime:undname.obj
 0002:000007b8       ??_C@_09BLBHBJP@?$GAvbtable?8?$AA@ 000000018000c7b8     libvcruntime:undname.obj
 0002:000007c8       ??_C@_07FEEIOKP@?$GAvcall?8?$AA@ 000000018000c7c8     libvcruntime:undname.obj
 0002:000007d0       ??_C@_08LLFFHHDJ@?$GAtypeof?8?$AA@ 000000018000c7d0     libvcruntime:undname.obj
 0002:000007e0       ??_C@_0BF@KDPPACIK@?$GAlocal?5static?5guard?8?$AA@ 000000018000c7e0     libvcruntime:undname.obj
 0002:000007f8       ??_C@_08OBABFOLI@?$GAstring?8?$AA@ 000000018000c7f8     libvcruntime:undname.obj
 0002:00000808       ??_C@_0BD@JDLKDPAB@?$GAvbase?5destructor?8?$AA@ 000000018000c808     libvcruntime:undname.obj
 0002:00000820       ??_C@_0BN@DEGPLNFK@?$GAvector?5deleting?5destructor?8?$AA@ 000000018000c820     libvcruntime:undname.obj
 0002:00000840       ??_C@_0BO@OBMKPJIG@?$GAdefault?5constructor?5closure?8?$AA@ 000000018000c840     libvcruntime:undname.obj
 0002:00000860       ??_C@_0BN@IMDCHIKM@?$GAscalar?5deleting?5destructor?8?$AA@ 000000018000c860     libvcruntime:undname.obj
 0002:00000880       ??_C@_0BO@PFGOCPJJ@?$GAvector?5constructor?5iterator?8?$AA@ 000000018000c880     libvcruntime:undname.obj
 0002:000008a0       ??_C@_0BN@LFPFMEDL@?$GAvector?5destructor?5iterator?8?$AA@ 000000018000c8a0     libvcruntime:undname.obj
 0002:000008c0       ??_C@_0CE@IKBNEHA@?$GAvector?5vbase?5constructor?5iterat@ 000000018000c8c0     libvcruntime:undname.obj
 0002:000008e8       ??_C@_0BL@NILFHHPC@?$GAvirtual?5displacement?5map?8?$AA@ 000000018000c8e8     libvcruntime:undname.obj
 0002:00000908       ??_C@_0CB@JONCMFFK@?$GAeh?5vector?5constructor?5iterator?8@ 000000018000c908     libvcruntime:undname.obj
 0002:00000930       ??_C@_0CA@GCEOPDGL@?$GAeh?5vector?5destructor?5iterator?8?$AA@ 000000018000c930     libvcruntime:undname.obj
 0002:00000950       ??_C@_0CH@OOJPLCPH@?$GAeh?5vector?5vbase?5constructor?5ite@ 000000018000c950     libvcruntime:undname.obj
 0002:00000978       ??_C@_0BL@LLKPOHJI@?$GAcopy?5constructor?5closure?8?$AA@ 000000018000c978     libvcruntime:undname.obj
 0002:00000998       ??_C@_0BA@KBCDOMBN@?$GAudt?5returning?8?$AA@ 000000018000c998     libvcruntime:undname.obj
 0002:000009a8       ??_C@_03KLGMFNMG@?$GAEH?$AA@ 000000018000c9a8     libvcruntime:undname.obj
 0002:000009ac       ??_C@_05KHLCHHI@?$GARTTI?$AA@ 000000018000c9ac     libvcruntime:undname.obj
 0002:000009b8       ??_C@_0BA@KKLDJDLB@?$GAlocal?5vftable?8?$AA@ 000000018000c9b8     libvcruntime:undname.obj
 0002:000009c8       ??_C@_0CE@IIHCMGGL@?$GAlocal?5vftable?5constructor?5closu@ 000000018000c9c8     libvcruntime:undname.obj
 0002:000009ec       ??_C@_06FHBGPFGH@?5new?$FL?$FN?$AA@ 000000018000c9ec     libvcruntime:undname.obj
 0002:000009f8       ??_C@_09LBNFPBCA@?5delete?$FL?$FN?$AA@ 000000018000c9f8     libvcruntime:undname.obj
 0002:00000a08       ??_C@_0P@HJKNJFNN@?$GAomni?5callsig?8?$AA@ 000000018000ca08     libvcruntime:undname.obj
 0002:00000a18       ??_C@_0BL@CNOONJFP@?$GAplacement?5delete?5closure?8?$AA@ 000000018000ca18     libvcruntime:undname.obj
 0002:00000a38       ??_C@_0BN@CKNJLHMB@?$GAplacement?5delete?$FL?$FN?5closure?8?$AA@ 000000018000ca38     libvcruntime:undname.obj
 0002:00000a58       ??_C@_0CG@CFDHKGGD@?$GAmanaged?5vector?5constructor?5iter@ 000000018000ca58     libvcruntime:undname.obj
 0002:00000a80       ??_C@_0CF@IMGKMJNO@?$GAmanaged?5vector?5destructor?5itera@ 000000018000ca80     libvcruntime:undname.obj
 0002:00000aa8       ??_C@_0CG@HLDDJMAG@?$GAeh?5vector?5copy?5constructor?5iter@ 000000018000caa8     libvcruntime:undname.obj
 0002:00000ad0       ??_C@_0CM@FCBBDIGB@?$GAeh?5vector?5vbase?5copy?5constructo@ 000000018000cad0     libvcruntime:undname.obj
 0002:00000b00       ??_C@_0BL@CLIPGLGB@?$GAdynamic?5initializer?5for?5?8?$AA@ 000000018000cb00     libvcruntime:undname.obj
 0002:00000b20       ??_C@_0CB@PDBIFEP@?$GAdynamic?5atexit?5destructor?5for?5?8@ 000000018000cb20     libvcruntime:undname.obj
 0002:00000b48       ??_C@_0CD@CGAJBKEJ@?$GAvector?5copy?5constructor?5iterato@ 000000018000cb48     libvcruntime:undname.obj
 0002:00000b70       ??_C@_0CJ@GJELGAMM@?$GAvector?5vbase?5copy?5constructor?5i@ 000000018000cb70     libvcruntime:undname.obj
 0002:00000ba0       ??_C@_0CL@FGIJHLCE@?$GAmanaged?5vector?5copy?5constructor@ 000000018000cba0     libvcruntime:undname.obj
 0002:00000bd0       ??_C@_0BM@PMGGMLDN@?$GAlocal?5static?5thread?5guard?8?$AA@ 000000018000cbd0     libvcruntime:undname.obj
 0002:00000bf0       ??_C@_0N@BDNMDMOL@operator?5?$CC?$CC?5?$AA@ 000000018000cbf0     libvcruntime:undname.obj
 0002:00000c00       ??_C@_0BC@GGEBGALA@operator?5co_await?$AA@ 000000018000cc00     libvcruntime:undname.obj
 0002:00000c18       ??_C@_0BC@DAFEJGAK@?5Type?5Descriptor?8?$AA@ 000000018000cc18     libvcruntime:undname.obj
 0002:00000c30       ??_C@_0BM@LDKODKLH@?5Base?5Class?5Descriptor?5at?5?$CI?$AA@ 000000018000cc30     libvcruntime:undname.obj
 0002:00000c50       ??_C@_0BD@LGICGFMM@?5Base?5Class?5Array?8?$AA@ 000000018000cc50     libvcruntime:undname.obj
 0002:00000c68       ??_C@_0BN@MECKDCOJ@?5Class?5Hierarchy?5Descriptor?8?$AA@ 000000018000cc68     libvcruntime:undname.obj
 0002:00000c88       ??_C@_0BK@CFCOFLF@?5Complete?5Object?5Locator?8?$AA@ 000000018000cc88     libvcruntime:undname.obj
 0002:00000cc0       ??_C@_1DM@KHCHBNEB@?$AAa?$AAp?$AAi?$AA?9?$AAm?$AAs?$AA?9?$AAw?$AAi?$AAn?$AA?9?$AAc?$AAo?$AAr?$AAe?$AA?9?$AAf?$AAi?$AAb?$AAe?$AAr?$AAs?$AA?9?$AAl?$AA1?$AA?9?$AA1?$AA?9?$AA1?$AA?$AA@ 000000018000ccc0     libvcruntime:winapi_downlevel.obj
 0002:00000d00       ??_C@_1DK@LPPGFMPP@?$AAa?$AAp?$AAi?$AA?9?$AAm?$AAs?$AA?9?$AAw?$AAi?$AAn?$AA?9?$AAc?$AAo?$AAr?$AAe?$AA?9?$AAs?$AAy?$AAn?$AAc?$AAh?$AA?9?$AAl?$AA1?$AA?9?$AA2?$AA?9?$AA0?$AA?$AA@ 000000018000cd00     libvcruntime:winapi_downlevel.obj
 0002:00000d40       ??_C@_1BC@GDMECMAK@?$AAk?$AAe?$AAr?$AAn?$AAe?$AAl?$AA3?$AA2?$AA?$AA@ 000000018000cd40     libvcruntime:winapi_downlevel.obj
 0002:00000d58       ??_C@_1BA@PFFKHIOG@?$AAa?$AAp?$AAi?$AA?9?$AAm?$AAs?$AA?9?$AA?$AA@ 000000018000cd58     libvcruntime:winapi_downlevel.obj
 0002:00000d68       ??_C@_1BA@IAIFMGEF@?$AAe?$AAx?$AAt?$AA?9?$AAm?$AAs?$AA?9?$AA?$AA@ 000000018000cd68     libvcruntime:winapi_downlevel.obj
 0002:00000d80       ??_C@_08KNHFBNJ@FlsAlloc?$AA@ 000000018000cd80     libvcruntime:winapi_downlevel.obj
 0002:00000d98       ??_C@_07PEJMOBNF@FlsFree?$AA@ 000000018000cd98     libvcruntime:winapi_downlevel.obj
 0002:00000da8       ??_C@_0M@GDNOONDI@FlsGetValue?$AA@ 000000018000cda8     libvcruntime:winapi_downlevel.obj
 0002:00000dc0       ??_C@_0M@JCPCPOEF@FlsSetValue?$AA@ 000000018000cdc0     libvcruntime:winapi_downlevel.obj
 0002:00000dd8       ??_C@_0BM@HCFOFFN@InitializeCriticalSectionEx?$AA@ 000000018000cdd8     libvcruntime:winapi_downlevel.obj
 0002:00000e00       __acrt_exception_action_table 000000018000ce00     libucrt:exception_filter.obj
 0002:00000ec0       __acrt_signal_action_table_count 000000018000cec0     libucrt:exception_filter.obj
 0002:00000ec8       __acrt_signal_action_first_fpe_index 000000018000cec8     libucrt:exception_filter.obj
 0002:00000ed0       __acrt_signal_action_fpe_count 000000018000ced0     libucrt:exception_filter.obj
 0002:00000ed8       ??_C@_1BI@BGOHAHKC@?$AAm?$AAs?$AAc?$AAo?$AAr?$AAe?$AAe?$AA?4?$AAd?$AAl?$AAl?$AA?$AA@ 000000018000ced8     libucrt:exit.obj
 0002:00000ef0       ??_C@_0P@MIGLKIOC@CorExitProcess?$AA@ 000000018000cef0     libucrt:exit.obj
 0002:00001160       __lc_time_c                000000018000d160     libucrt:nlsdata.obj
 0002:00001420       ??_C@_03KOEHGMDN@Sun?$AA@  000000018000d420     libucrt:nlsdata.obj
 0002:00001424       ??_C@_03PDAGKDH@Mon?$AA@   000000018000d424     libucrt:nlsdata.obj
 0002:00001428       ??_C@_03NAGEINEP@Tue?$AA@  000000018000d428     libucrt:nlsdata.obj
 0002:0000142c       ??_C@_03MHOMLAJA@Wed?$AA@  000000018000d42c     libucrt:nlsdata.obj
 0002:00001430       ??_C@_03IOFIKPDN@Thu?$AA@  000000018000d430     libucrt:nlsdata.obj
 0002:00001434       ??_C@_03IDIOELNC@Fri?$AA@  000000018000d434     libucrt:nlsdata.obj
 0002:00001438       ??_C@_03FEFJNEK@Sat?$AA@   000000018000d438     libucrt:nlsdata.obj
 0002:0000143c       ??_C@_06OOPIFAJ@Sunday?$AA@ 000000018000d43c     libucrt:nlsdata.obj
 0002:00001444       ??_C@_06JLEDEDGH@Monday?$AA@ 000000018000d444     libucrt:nlsdata.obj
 0002:00001450       ??_C@_07BAAGCFCM@Tuesday?$AA@ 000000018000d450     libucrt:nlsdata.obj
 0002:00001458       ??_C@_09DLIGFAKA@Wednesday?$AA@ 000000018000d458     libucrt:nlsdata.obj
 0002:00001468       ??_C@_08HACCIKIA@Thursday?$AA@ 000000018000d468     libucrt:nlsdata.obj
 0002:00001474       ??_C@_06JECMNKMI@Friday?$AA@ 000000018000d474     libucrt:nlsdata.obj
 0002:00001480       ??_C@_08INBOOONO@Saturday?$AA@ 000000018000d480     libucrt:nlsdata.obj
 0002:0000148c       ??_C@_03JIHJHPIE@Jan?$AA@  000000018000d48c     libucrt:nlsdata.obj
 0002:00001490       ??_C@_03HJBDCHOM@Feb?$AA@  000000018000d490     libucrt:nlsdata.obj
 0002:00001494       ??_C@_03ODNJBKGA@Mar?$AA@  000000018000d494     libucrt:nlsdata.obj
 0002:00001498       ??_C@_03LEOLGMJP@Apr?$AA@  000000018000d498     libucrt:nlsdata.obj
 0002:0000149c       ??_C@_03CNMDKL@May?$AA@    000000018000d49c     libucrt:nlsdata.obj
 0002:000014a0       ??_C@_03IDFGHECI@Jun?$AA@  000000018000d4a0     libucrt:nlsdata.obj
 0002:000014a4       ??_C@_03LBGABGKK@Jul?$AA@  000000018000d4a4     libucrt:nlsdata.obj
 0002:000014a8       ??_C@_03IFJFEIGA@Aug?$AA@  000000018000d4a8     libucrt:nlsdata.obj
 0002:000014ac       ??_C@_03GGCAPAJC@Sep?$AA@  000000018000d4ac     libucrt:nlsdata.obj
 0002:000014b0       ??_C@_03BMAOKBAD@Oct?$AA@  000000018000d4b0     libucrt:nlsdata.obj
 0002:000014b4       ??_C@_03JPJOFNIA@Nov?$AA@  000000018000d4b4     libucrt:nlsdata.obj
 0002:000014b8       ??_C@_03MKABNOCG@Dec?$AA@  000000018000d4b8     libucrt:nlsdata.obj
 0002:000014c0       ??_C@_07CGJPFGJA@January?$AA@ 000000018000d4c0     libucrt:nlsdata.obj
 0002:000014c8       ??_C@_08GNJGEPFN@February?$AA@ 000000018000d4c8     libucrt:nlsdata.obj
 0002:000014d4       ??_C@_05HPCKOFNC@March?$AA@ 000000018000d4d4     libucrt:nlsdata.obj
 0002:000014dc       ??_C@_05DMJDNLEJ@April?$AA@ 000000018000d4dc     libucrt:nlsdata.obj
 0002:000014e4       ??_C@_04CNLMGBGM@June?$AA@ 000000018000d4e4     libucrt:nlsdata.obj
 0002:000014ec       ??_C@_04MIEPOIFP@July?$AA@ 000000018000d4ec     libucrt:nlsdata.obj
 0002:000014f4       ??_C@_06LBBHFDDG@August?$AA@ 000000018000d4f4     libucrt:nlsdata.obj
 0002:00001500       ??_C@_09BHHEALKD@September?$AA@ 000000018000d500     libucrt:nlsdata.obj
 0002:00001510       ??_C@_07JJNFCEND@October?$AA@ 000000018000d510     libucrt:nlsdata.obj
 0002:00001518       ??_C@_08HCHEGEOA@November?$AA@ 000000018000d518     libucrt:nlsdata.obj
 0002:00001528       ??_C@_08EDHMEBNP@December?$AA@ 000000018000d528     libucrt:nlsdata.obj
 0002:00001534       ??_C@_02DEDBPAFC@AM?$AA@   000000018000d534     libucrt:nlsdata.obj
 0002:00001538       ??_C@_02CJNFDJBF@PM?$AA@   000000018000d538     libucrt:nlsdata.obj
 0002:00001540       ??_C@_08BPBNCDIB@MM?1dd?1yy?$AA@ 000000018000d540     libucrt:nlsdata.obj
 0002:00001550       ??_C@_0BE@CKGJFCPC@dddd?0?5MMMM?5dd?0?5yyyy?$AA@ 000000018000d550     libucrt:nlsdata.obj
 0002:00001568       ??_C@_08JCCMCCIL@HH?3mm?3ss?$AA@ 000000018000d568     libucrt:nlsdata.obj
 0002:00001578       ??_C@_17MBGCMIPB@?$AAS?$AAu?$AAn?$AA?$AA@ 000000018000d578     libucrt:nlsdata.obj
 0002:00001580       ??_C@_17KBOMKBF@?$AAM?$AAo?$AAn?$AA?$AA@ 000000018000d580     libucrt:nlsdata.obj
 0002:00001588       ??_C@_17BMKGEGOJ@?$AAT?$AAu?$AAe?$AA?$AA@ 000000018000d588     libucrt:nlsdata.obj
 0002:00001590       ??_C@_17CJEDCEPE@?$AAW?$AAe?$AAd?$AA?$AA@ 000000018000d590     libucrt:nlsdata.obj
 0002:00001598       ??_C@_17PDPHAADD@?$AAT?$AAh?$AAu?$AA?$AA@ 000000018000d598     libucrt:nlsdata.obj
 0002:000015a0       ??_C@_17HFOLPPLP@?$AAF?$AAr?$AAi?$AA?$AA@ 000000018000d5a0     libucrt:nlsdata.obj
 0002:000015a8       ??_C@_17GGIBDPIH@?$AAS?$AAa?$AAt?$AA?$AA@ 000000018000d5a8     libucrt:nlsdata.obj
 0002:000015b0       ??_C@_1O@IHNHDHPB@?$AAS?$AAu?$AAn?$AAd?$AAa?$AAy?$AA?$AA@ 000000018000d5b0     libucrt:nlsdata.obj
 0002:000015c0       ??_C@_1O@MMNBFLIA@?$AAM?$AAo?$AAn?$AAd?$AAa?$AAy?$AA?$AA@ 000000018000d5c0     libucrt:nlsdata.obj
 0002:000015d0       ??_C@_1BA@ENFBFFEK@?$AAT?$AAu?$AAe?$AAs?$AAd?$AAa?$AAy?$AA?$AA@ 000000018000d5d0     libucrt:nlsdata.obj
 0002:000015e0       ??_C@_1BE@EBOGMDOH@?$AAW?$AAe?$AAd?$AAn?$AAe?$AAs?$AAd?$AAa?$AAy?$AA?$AA@ 000000018000d5e0     libucrt:nlsdata.obj
 0002:000015f8       ??_C@_1BC@HHMNLIHE@?$AAT?$AAh?$AAu?$AAr?$AAs?$AAd?$AAa?$AAy?$AA?$AA@ 000000018000d5f8     libucrt:nlsdata.obj
 0002:00001610       ??_C@_1O@PDICJHAG@?$AAF?$AAr?$AAi?$AAd?$AAa?$AAy?$AA?$AA@ 000000018000d610     libucrt:nlsdata.obj
 0002:00001620       ??_C@_1BC@ENMNNPAJ@?$AAS?$AAa?$AAt?$AAu?$AAr?$AAd?$AAa?$AAy?$AA?$AA@ 000000018000d620     libucrt:nlsdata.obj
 0002:00001638       ??_C@_17DKNBKCHM@?$AAJ?$AAa?$AAn?$AA?$AA@ 000000018000d638     libucrt:nlsdata.obj
 0002:00001640       ??_C@_17LMDJEKJN@?$AAF?$AAe?$AAb?$AA?$AA@ 000000018000d640     libucrt:nlsdata.obj
 0002:00001648       ??_C@_17CKNLEDEC@?$AAM?$AAa?$AAr?$AA?$AA@ 000000018000d648     libucrt:nlsdata.obj
 0002:00001650       ??_C@_17LFPOIHDD@?$AAA?$AAp?$AAr?$AA?$AA@ 000000018000d650     libucrt:nlsdata.obj
 0002:00001658       ??_C@_17PNNKMEED@?$AAM?$AAa?$AAy?$AA?$AA@ 000000018000d658     libucrt:nlsdata.obj
 0002:00001660       ??_C@_17KCJGOCPB@?$AAJ?$AAu?$AAn?$AA?$AA@ 000000018000d660     libucrt:nlsdata.obj
 0002:00001668       ??_C@_17IJPCKHK@?$AAJ?$AAu?$AAl?$AA?$AA@ 000000018000d668     libucrt:nlsdata.obj
 0002:00001670       ??_C@_17ICPELBCN@?$AAA?$AAu?$AAg?$AA?$AA@ 000000018000d670     libucrt:nlsdata.obj
 0002:00001678       ??_C@_17HCHCOKMG@?$AAS?$AAe?$AAp?$AA?$AA@ 000000018000d678     libucrt:nlsdata.obj
 0002:00001680       ??_C@_17FNLKOI@?$AAO?$AAc?$AAt?$AA?$AA@ 000000018000d680     libucrt:nlsdata.obj
 0002:00001688       ??_C@_17BBDMLCIG@?$AAN?$AAo?$AAv?$AA?$AA@ 000000018000d688     libucrt:nlsdata.obj
 0002:00001690       ??_C@_17EGKACKIF@?$AAD?$AAe?$AAc?$AA?$AA@ 000000018000d690     libucrt:nlsdata.obj
 0002:00001698       ??_C@_1BA@EFMEIEBA@?$AAJ?$AAa?$AAn?$AAu?$AAa?$AAr?$AAy?$AA?$AA@ 000000018000d698     libucrt:nlsdata.obj
 0002:000016a8       ??_C@_1BC@JGDDFFAM@?$AAF?$AAe?$AAb?$AAr?$AAu?$AAa?$AAr?$AAy?$AA?$AA@ 000000018000d6a8     libucrt:nlsdata.obj
 0002:000016c0       ??_C@_1M@IKEENEDF@?$AAM?$AAa?$AAr?$AAc?$AAh?$AA?$AA@ 000000018000d6c0     libucrt:nlsdata.obj
 0002:000016d0       ??_C@_1M@GJNLMHFD@?$AAA?$AAp?$AAr?$AAi?$AAl?$AA?$AA@ 000000018000d6d0     libucrt:nlsdata.obj
 0002:000016e0       ??_C@_19EPFLPGAP@?$AAJ?$AAu?$AAn?$AAe?$AA?$AA@ 000000018000d6e0     libucrt:nlsdata.obj
 0002:000016f0       ??_C@_19BIFMLPCD@?$AAJ?$AAu?$AAl?$AAy?$AA?$AA@ 000000018000d6f0     libucrt:nlsdata.obj
 0002:00001700       ??_C@_1O@PAHLKOAC@?$AAA?$AAu?$AAg?$AAu?$AAs?$AAt?$AA?$AA@ 000000018000d700     libucrt:nlsdata.obj
 0002:00001710       ??_C@_1BE@DKAAMBJL@?$AAS?$AAe?$AAp?$AAt?$AAe?$AAm?$AAb?$AAe?$AAr?$AA?$AA@ 000000018000d710     libucrt:nlsdata.obj
 0002:00001728       ??_C@_1BA@EPANDLNG@?$AAO?$AAc?$AAt?$AAo?$AAb?$AAe?$AAr?$AA?$AA@ 000000018000d728     libucrt:nlsdata.obj
 0002:00001738       ??_C@_1BC@BGLIFPF@?$AAN?$AAo?$AAv?$AAe?$AAm?$AAb?$AAe?$AAr?$AA?$AA@ 000000018000d738     libucrt:nlsdata.obj
 0002:00001750       ??_C@_1BC@FEMKIFH@?$AAD?$AAe?$AAc?$AAe?$AAm?$AAb?$AAe?$AAr?$AA?$AA@ 000000018000d750     libucrt:nlsdata.obj
 0002:00001764       ??_C@_15ODEHAHHF@?$AAA?$AAM?$AA?$AA@ 000000018000d764     libucrt:nlsdata.obj
 0002:0000176c       ??_C@_15CLMNNGEL@?$AAP?$AAM?$AA?$AA@ 000000018000d76c     libucrt:nlsdata.obj
 0002:00001778       ??_C@_1BC@IEBCMHCM@?$AAM?$AAM?$AA?1?$AAd?$AAd?$AA?1?$AAy?$AAy?$AA?$AA@ 000000018000d778     libucrt:nlsdata.obj
 0002:00001790       ??_C@_1CI@KNAKOEBC@?$AAd?$AAd?$AAd?$AAd?$AA?0?$AA?5?$AAM?$AAM?$AAM?$AAM?$AA?5?$AAd?$AAd?$AA?0?$AA?5?$AAy?$AAy?$AAy?$AAy?$AA?$AA@ 000000018000d790     libucrt:nlsdata.obj
 0002:000017b8       ??_C@_1BC@GDGBMEMK@?$AAH?$AAH?$AA?3?$AAm?$AAm?$AA?3?$AAs?$AAs?$AA?$AA@ 000000018000d7b8     libucrt:nlsdata.obj
 0002:000017d0       ??_C@_1M@BMHNFIME@?$AAe?$AAn?$AA?9?$AAU?$AAS?$AA?$AA@ 000000018000d7d0     libucrt:nlsdata.obj
 0002:00001800       ??_C@_1M@HPNHIDJI@?$AAj?$AAa?$AA?9?$AAJ?$AAP?$AA?$AA@ 000000018000d800     libucrt:mbctype.obj
 0002:00001810       ??_C@_1M@BIBDDEMK@?$AAz?$AAh?$AA?9?$AAC?$AAN?$AA?$AA@ 000000018000d810     libucrt:mbctype.obj
 0002:00001820       ??_C@_1M@JLOOOEGK@?$AAk?$AAo?$AA?9?$AAK?$AAR?$AA?$AA@ 000000018000d820     libucrt:mbctype.obj
 0002:00001830       ??_C@_1M@CLNBBOPM@?$AAz?$AAh?$AA?9?$AAT?$AAW?$AA?$AA@ 000000018000d830     libucrt:mbctype.obj
 0002:000018e0       ??_C@_1EA@JGEFHKEI@?$AAa?$AAp?$AAi?$AA?9?$AAm?$AAs?$AA?9?$AAw?$AAi?$AAn?$AA?9?$AAc?$AAo?$AAr?$AAe?$AA?9?$AAd?$AAa?$AAt?$AAe?$AAt?$AAi?$AAm?$AAe?$AA?9?$AAl?$AA1?$AA?9?$AA1?$AA?9?$AA1?$AA?$AA@ 000000018000d8e0     libucrt:winapi_thunks.obj
 0002:00001920       ??_C@_1DI@IJCEHOCB@?$AAa?$AAp?$AAi?$AA?9?$AAm?$AAs?$AA?9?$AAw?$AAi?$AAn?$AA?9?$AAc?$AAo?$AAr?$AAe?$AA?9?$AAf?$AAi?$AAl?$AAe?$AA?9?$AAl?$AA1?$AA?9?$AA2?$AA?9?$AA2?$AA?$AA@ 000000018000d920     libucrt:winapi_thunks.obj
 0002:00001960       ??_C@_1EI@MPIAOHOC@?$AAa?$AAp?$AAi?$AA?9?$AAm?$AAs?$AA?9?$AAw?$AAi?$AAn?$AA?9?$AAc?$AAo?$AAr?$AAe?$AA?9?$AAl?$AAo?$AAc?$AAa?$AAl?$AAi?$AAz?$AAa?$AAt?$AAi?$AAo?$AAn?$AA?9?$AAl?$AA1?$AA?9@ 000000018000d960     libucrt:winapi_thunks.obj
 0002:000019b0       ??_C@_1FK@FPHCKFIE@?$AAa?$AAp?$AAi?$AA?9?$AAm?$AAs?$AA?9?$AAw?$AAi?$AAn?$AA?9?$AAc?$AAo?$AAr?$AAe?$AA?9?$AAl?$AAo?$AAc?$AAa?$AAl?$AAi?$AAz?$AAa?$AAt?$AAi?$AAo?$AAn?$AA?9?$AAo?$AAb?$AAs@ 000000018000d9b0     libucrt:winapi_thunks.obj
 0002:00001a10       ??_C@_1EM@DILCGIIO@?$AAa?$AAp?$AAi?$AA?9?$AAm?$AAs?$AA?9?$AAw?$AAi?$AAn?$AA?9?$AAc?$AAo?$AAr?$AAe?$AA?9?$AAp?$AAr?$AAo?$AAc?$AAe?$AAs?$AAs?$AAt?$AAh?$AAr?$AAe?$AAa?$AAd?$AAs?$AA?9?$AAl@ 000000018000da10     libucrt:winapi_thunks.obj
 0002:00001a60       ??_C@_1DM@LNCGDDPN@?$AAa?$AAp?$AAi?$AA?9?$AAm?$AAs?$AA?9?$AAw?$AAi?$AAn?$AA?9?$AAc?$AAo?$AAr?$AAe?$AA?9?$AAs?$AAt?$AAr?$AAi?$AAn?$AAg?$AA?9?$AAl?$AA1?$AA?9?$AA1?$AA?9?$AA0?$AA?$AA@ 000000018000da60     libucrt:winapi_thunks.obj
 0002:00001aa0       ??_C@_1DO@FPAPJEMD@?$AAa?$AAp?$AAi?$AA?9?$AAm?$AAs?$AA?9?$AAw?$AAi?$AAn?$AA?9?$AAc?$AAo?$AAr?$AAe?$AA?9?$AAs?$AAy?$AAs?$AAi?$AAn?$AAf?$AAo?$AA?9?$AAl?$AA1?$AA?9?$AA2?$AA?9?$AA1?$AA?$AA@ 000000018000daa0     libucrt:winapi_thunks.obj
 0002:00001ae0       ??_C@_1DK@NDHNAHIO@?$AAa?$AAp?$AAi?$AA?9?$AAm?$AAs?$AA?9?$AAw?$AAi?$AAn?$AA?9?$AAc?$AAo?$AAr?$AAe?$AA?9?$AAw?$AAi?$AAn?$AAr?$AAt?$AA?9?$AAl?$AA1?$AA?9?$AA1?$AA?9?$AA0?$AA?$AA@ 000000018000dae0     libucrt:winapi_thunks.obj
 0002:00001b20       ??_C@_1DM@KGHDGBCM@?$AAa?$AAp?$AAi?$AA?9?$AAm?$AAs?$AA?9?$AAw?$AAi?$AAn?$AA?9?$AAc?$AAo?$AAr?$AAe?$AA?9?$AAx?$AAs?$AAt?$AAa?$AAt?$AAe?$AA?9?$AAl?$AA2?$AA?9?$AA1?$AA?9?$AA0?$AA?$AA@ 000000018000db20     libucrt:winapi_thunks.obj
 0002:00001b60       ??_C@_1EO@IJIOEFOH@?$AAa?$AAp?$AAi?$AA?9?$AAm?$AAs?$AA?9?$AAw?$AAi?$AAn?$AA?9?$AAr?$AAt?$AAc?$AAo?$AAr?$AAe?$AA?9?$AAn?$AAt?$AAu?$AAs?$AAe?$AAr?$AA?9?$AAw?$AAi?$AAn?$AAd?$AAo?$AAw?$AA?9@ 000000018000db60     libucrt:winapi_thunks.obj
 0002:00001bb0       ??_C@_1FG@HHGEKANL@?$AAa?$AAp?$AAi?$AA?9?$AAm?$AAs?$AA?9?$AAw?$AAi?$AAn?$AA?9?$AAs?$AAe?$AAc?$AAu?$AAr?$AAi?$AAt?$AAy?$AA?9?$AAs?$AAy?$AAs?$AAt?$AAe?$AAm?$AAf?$AAu?$AAn?$AAc?$AAt?$AAi@ 000000018000dbb0     libucrt:winapi_thunks.obj
 0002:00001c10       ??_C@_1EG@DBIOJECG@?$AAe?$AAx?$AAt?$AA?9?$AAm?$AAs?$AA?9?$AAw?$AAi?$AAn?$AA?9?$AAn?$AAt?$AAu?$AAs?$AAe?$AAr?$AA?9?$AAd?$AAi?$AAa?$AAl?$AAo?$AAg?$AAb?$AAo?$AAx?$AA?9?$AAl?$AA1?$AA?9?$AA1@ 000000018000dc10     libucrt:winapi_thunks.obj
 0002:00001c60       ??_C@_1EO@FIHMJCLF@?$AAe?$AAx?$AAt?$AA?9?$AAm?$AAs?$AA?9?$AAw?$AAi?$AAn?$AA?9?$AAn?$AAt?$AAu?$AAs?$AAe?$AAr?$AA?9?$AAw?$AAi?$AAn?$AAd?$AAo?$AAw?$AAs?$AAt?$AAa?$AAt?$AAi?$AAo?$AAn?$AA?9@ 000000018000dc60     libucrt:winapi_thunks.obj
 0002:00001cb0       ??_C@_1BC@DNHGCMLG@?$AAa?$AAd?$AAv?$AAa?$AAp?$AAi?$AA3?$AA2?$AA?$AA@ 000000018000dcb0     libucrt:winapi_thunks.obj
 0002:00001cc8       ??_C@_1M@OAIMIKLP@?$AAn?$AAt?$AAd?$AAl?$AAl?$AA?$AA@ 000000018000dcc8     libucrt:winapi_thunks.obj
 0002:00001ce0       ??_C@_1EG@DPGNFKGC@?$AAa?$AAp?$AAi?$AA?9?$AAm?$AAs?$AA?9?$AAw?$AAi?$AAn?$AA?9?$AAa?$AAp?$AAp?$AAm?$AAo?$AAd?$AAe?$AAl?$AA?9?$AAr?$AAu?$AAn?$AAt?$AAi?$AAm?$AAe?$AA?9?$AAl?$AA1?$AA?9?$AA1@ 000000018000dce0     libucrt:winapi_thunks.obj
 0002:00001d28       ??_C@_1O@BCCLBEOE@?$AAu?$AAs?$AAe?$AAr?$AA3?$AA2?$AA?$AA@ 000000018000dd28     libucrt:winapi_thunks.obj
 0002:00001d68       ??_C@_0O@KKBNKAPF@LCMapStringEx?$AA@ 000000018000dd68     libucrt:winapi_thunks.obj
 0002:00001d80       ??_C@_0BB@HBDEELFH@LocaleNameToLCID?$AA@ 000000018000dd80     libucrt:winapi_thunks.obj
 0002:00001d98       ??_C@_0CF@OJOFEIGO@AppPolicyGetProcessTerminationMe@ 000000018000dd98     libucrt:winapi_thunks.obj
 0002:00001dc0       __newctype                 000000018000ddc0     libucrt:ctype.obj
 0002:000020c0       __newclmap                 000000018000e0c0     libucrt:ctype.obj
 0002:00002240       __newcumap                 000000018000e240     libucrt:ctype.obj
 0002:000023c0       ??_C@_15PJPFLCCM@?$AAu?$AAk?$AA?$AA@ 000000018000e3c0     libucrt:get_qualified_locale.obj
 0002:000023c8       ??_C@_1M@BJNKEDC@?$AAc?$AAa?$AA?9?$AAE?$AAS?$AA?$AA@ 000000018000e3c8     libucrt:lcidtoname_downlevel.obj
 0002:000023d8       ??_C@_1M@IJJHFJHA@?$AAc?$AAs?$AA?9?$AAC?$AAZ?$AA?$AA@ 000000018000e3d8     libucrt:lcidtoname_downlevel.obj
 0002:000023e8       ??_C@_1M@CLPEOBGI@?$AAd?$AAa?$AA?9?$AAD?$AAK?$AA?$AA@ 000000018000e3e8     libucrt:lcidtoname_downlevel.obj
 0002:000023f8       ??_C@_1M@MCMADGCB@?$AAd?$AAe?$AA?9?$AAD?$AAE?$AA?$AA@ 000000018000e3f8     libucrt:lcidtoname_downlevel.obj
 0002:00002408       ??_C@_1M@OOCKEMAM@?$AAe?$AAl?$AA?9?$AAG?$AAR?$AA?$AA@ 000000018000e408     libucrt:lcidtoname_downlevel.obj
 0002:00002418       ??_C@_1M@DDNJFGID@?$AAf?$AAi?$AA?9?$AAF?$AAI?$AA?$AA@ 000000018000e418     libucrt:lcidtoname_downlevel.obj
 0002:00002428       ??_C@_1M@GLIPPMAC@?$AAf?$AAr?$AA?9?$AAF?$AAR?$AA?$AA@ 000000018000e428     libucrt:lcidtoname_downlevel.obj
 0002:00002438       ??_C@_1M@GFMCHPE@?$AAh?$AAe?$AA?9?$AAI?$AAL?$AA?$AA@ 000000018000e438     libucrt:lcidtoname_downlevel.obj
 0002:00002448       ??_C@_1M@MHLPGNKM@?$AAh?$AAu?$AA?9?$AAH?$AAU?$AA?$AA@ 000000018000e448     libucrt:lcidtoname_downlevel.obj
 0002:00002458       ??_C@_1M@LPDDNNPN@?$AAi?$AAs?$AA?9?$AAI?$AAS?$AA?$AA@ 000000018000e458     libucrt:lcidtoname_downlevel.obj
 0002:00002468       ??_C@_1M@MADIPODN@?$AAi?$AAt?$AA?9?$AAI?$AAT?$AA?$AA@ 000000018000e468     libucrt:lcidtoname_downlevel.obj
 0002:00002478       ??_C@_1M@IHBJJGG@?$AAn?$AAl?$AA?9?$AAN?$AAL?$AA?$AA@ 000000018000e478     libucrt:lcidtoname_downlevel.obj
 0002:00002488       ??_C@_1M@EANAGDL@?$AAn?$AAb?$AA?9?$AAN?$AAO?$AA?$AA@ 000000018000e488     libucrt:lcidtoname_downlevel.obj
 0002:00002498       ??_C@_1M@NEIEMEGP@?$AAp?$AAl?$AA?9?$AAP?$AAL?$AA?$AA@ 000000018000e498     libucrt:lcidtoname_downlevel.obj
 0002:000024a8       ??_C@_1M@BOCFIGEP@?$AAp?$AAt?$AA?9?$AAB?$AAR?$AA?$AA@ 000000018000e4a8     libucrt:lcidtoname_downlevel.obj
 0002:000024b8       ??_C@_1M@IMPFOPBG@?$AAr?$AAo?$AA?9?$AAR?$AAO?$AA?$AA@ 000000018000e4b8     libucrt:lcidtoname_downlevel.obj
 0002:000024c8       ??_C@_1M@IDNNEJMM@?$AAr?$AAu?$AA?9?$AAR?$AAU?$AA?$AA@ 000000018000e4c8     libucrt:lcidtoname_downlevel.obj
 0002:000024d8       ??_C@_1M@LILEEOGM@?$AAh?$AAr?$AA?9?$AAH?$AAR?$AA?$AA@ 000000018000e4d8     libucrt:lcidtoname_downlevel.obj
 0002:000024e8       ??_C@_1M@FKIFEHPB@?$AAs?$AAk?$AA?9?$AAS?$AAK?$AA?$AA@ 000000018000e4e8     libucrt:lcidtoname_downlevel.obj
 0002:000024f8       ??_C@_1M@LJMAMNPJ@?$AAs?$AAq?$AA?9?$AAA?$AAL?$AA?$AA@ 000000018000e4f8     libucrt:lcidtoname_downlevel.obj
 0002:00002508       ??_C@_1M@GIAKDKJK@?$AAs?$AAv?$AA?9?$AAS?$AAE?$AA?$AA@ 000000018000e508     libucrt:lcidtoname_downlevel.obj
 0002:00002518       ??_C@_1M@MKJKIKCL@?$AAt?$AAh?$AA?9?$AAT?$AAH?$AA?$AA@ 000000018000e518     libucrt:lcidtoname_downlevel.obj
 0002:00002528       ??_C@_1M@MFLCCMPB@?$AAt?$AAr?$AA?9?$AAT?$AAR?$AA?$AA@ 000000018000e528     libucrt:lcidtoname_downlevel.obj
 0002:00002538       ??_C@_1M@OIJHDKJN@?$AAu?$AAr?$AA?9?$AAP?$AAK?$AA?$AA@ 000000018000e538     libucrt:lcidtoname_downlevel.obj
 0002:00002548       ??_C@_1M@LHIPCIEK@?$AAi?$AAd?$AA?9?$AAI?$AAD?$AA?$AA@ 000000018000e548     libucrt:lcidtoname_downlevel.obj
 0002:00002558       ??_C@_1M@MFMOBGI@?$AAu?$AAk?$AA?9?$AAU?$AAA?$AA?$AA@ 000000018000e558     libucrt:lcidtoname_downlevel.obj
 0002:00002568       ??_C@_1M@OBGLJIPL@?$AAb?$AAe?$AA?9?$AAB?$AAY?$AA?$AA@ 000000018000e568     libucrt:lcidtoname_downlevel.obj
 0002:00002578       ??_C@_1M@BCFAJEAD@?$AAs?$AAl?$AA?9?$AAS?$AAI?$AA?$AA@ 000000018000e578     libucrt:lcidtoname_downlevel.obj
 0002:00002588       ??_C@_1M@FKFFEDDN@?$AAe?$AAt?$AA?9?$AAE?$AAE?$AA?$AA@ 000000018000e588     libucrt:lcidtoname_downlevel.obj
 0002:00002598       ??_C@_1M@KGKKAACI@?$AAl?$AAv?$AA?9?$AAL?$AAV?$AA?$AA@ 000000018000e598     libucrt:lcidtoname_downlevel.obj
 0002:000025a8       ??_C@_1M@IFGBIJO@?$AAl?$AAt?$AA?9?$AAL?$AAT?$AA?$AA@ 000000018000e5a8     libucrt:lcidtoname_downlevel.obj
 0002:000025b8       ??_C@_1M@FGEAHEDM@?$AAf?$AAa?$AA?9?$AAI?$AAR?$AA?$AA@ 000000018000e5b8     libucrt:lcidtoname_downlevel.obj
 0002:000025c8       ??_C@_1M@KBMAIBFN@?$AAv?$AAi?$AA?9?$AAV?$AAN?$AA?$AA@ 000000018000e5c8     libucrt:lcidtoname_downlevel.obj
 0002:000025d8       ??_C@_1M@GPCBKDJK@?$AAh?$AAy?$AA?9?$AAA?$AAM?$AA?$AA@ 000000018000e5d8     libucrt:lcidtoname_downlevel.obj
 0002:000025e8       ??_C@_1BG@BECMDDJB@?$AAa?$AAz?$AA?9?$AAA?$AAZ?$AA?9?$AAL?$AAa?$AAt?$AAn?$AA?$AA@ 000000018000e5e8     libucrt:lcidtoname_downlevel.obj
 0002:00002600       ??_C@_1M@MAOFCAEA@?$AAe?$AAu?$AA?9?$AAE?$AAS?$AA?$AA@ 000000018000e600     libucrt:lcidtoname_downlevel.obj
 0002:00002610       ??_C@_1M@IGHABKPI@?$AAm?$AAk?$AA?9?$AAM?$AAK?$AA?$AA@ 000000018000e610     libucrt:lcidtoname_downlevel.obj
 0002:00002620       ??_C@_1M@IAIGNEJG@?$AAt?$AAn?$AA?9?$AAZ?$AAA?$AA?$AA@ 000000018000e620     libucrt:lcidtoname_downlevel.obj
 0002:00002630       ??_C@_1M@IIJCOJFA@?$AAx?$AAh?$AA?9?$AAZ?$AAA?$AA?$AA@ 000000018000e630     libucrt:lcidtoname_downlevel.obj
 0002:00002640       ??_C@_1M@LGPJHNJH@?$AAz?$AAu?$AA?9?$AAZ?$AAA?$AA?$AA@ 000000018000e640     libucrt:lcidtoname_downlevel.obj
 0002:00002650       ??_C@_1M@HOKAOIO@?$AAa?$AAf?$AA?9?$AAZ?$AAA?$AA?$AA@ 000000018000e650     libucrt:lcidtoname_downlevel.obj
 0002:00002660       ??_C@_1M@DPCLHLIE@?$AAk?$AAa?$AA?9?$AAG?$AAE?$AA?$AA@ 000000018000e660     libucrt:lcidtoname_downlevel.obj
 0002:00002670       ??_C@_1M@BLKMHJBI@?$AAf?$AAo?$AA?9?$AAF?$AAO?$AA?$AA@ 000000018000e670     libucrt:lcidtoname_downlevel.obj
 0002:00002680       ??_C@_1M@LGGJAPPB@?$AAh?$AAi?$AA?9?$AAI?$AAN?$AA?$AA@ 000000018000e680     libucrt:lcidtoname_downlevel.obj
 0002:00002690       ??_C@_1M@FIKPIHFE@?$AAm?$AAt?$AA?9?$AAM?$AAT?$AA?$AA@ 000000018000e690     libucrt:lcidtoname_downlevel.obj
 0002:000026a0       ??_C@_1M@HEGGPBFA@?$AAs?$AAe?$AA?9?$AAN?$AAO?$AA?$AA@ 000000018000e6a0     libucrt:lcidtoname_downlevel.obj
 0002:000026b0       ??_C@_1M@EIBJEEPA@?$AAm?$AAs?$AA?9?$AAM?$AAY?$AA?$AA@ 000000018000e6b0     libucrt:lcidtoname_downlevel.obj
 0002:000026c0       ??_C@_1M@FHLBGMPP@?$AAk?$AAk?$AA?9?$AAK?$AAZ?$AA?$AA@ 000000018000e6c0     libucrt:lcidtoname_downlevel.obj
 0002:000026d0       ??_C@_1M@NGJJLCGI@?$AAk?$AAy?$AA?9?$AAK?$AAG?$AA?$AA@ 000000018000e6d0     libucrt:lcidtoname_downlevel.obj
 0002:000026e0       ??_C@_1M@GIENNBFC@?$AAs?$AAw?$AA?9?$AAK?$AAE?$AA?$AA@ 000000018000e6e0     libucrt:lcidtoname_downlevel.obj
 0002:000026f0       ??_C@_1BG@NDGMJIMJ@?$AAu?$AAz?$AA?9?$AAU?$AAZ?$AA?9?$AAL?$AAa?$AAt?$AAn?$AA?$AA@ 000000018000e6f0     libucrt:lcidtoname_downlevel.obj
 0002:00002708       ??_C@_1M@IDCCIHBC@?$AAt?$AAt?$AA?9?$AAR?$AAU?$AA?$AA@ 000000018000e708     libucrt:lcidtoname_downlevel.obj
 0002:00002718       ??_C@_1M@LOICPMOJ@?$AAb?$AAn?$AA?9?$AAI?$AAN?$AA?$AA@ 000000018000e718     libucrt:lcidtoname_downlevel.obj
 0002:00002728       ??_C@_1M@KPKKNEAH@?$AAp?$AAa?$AA?9?$AAI?$AAN?$AA?$AA@ 000000018000e728     libucrt:lcidtoname_downlevel.obj
 0002:00002738       ??_C@_1M@PJGPPBOG@?$AAg?$AAu?$AA?9?$AAI?$AAN?$AA?$AA@ 000000018000e738     libucrt:lcidtoname_downlevel.obj
 0002:00002748       ??_C@_1M@KMKMOPHI@?$AAt?$AAa?$AA?9?$AAI?$AAN?$AA?$AA@ 000000018000e748     libucrt:lcidtoname_downlevel.obj
 0002:00002758       ??_C@_1M@KFEHEPAC@?$AAt?$AAe?$AA?9?$AAI?$AAN?$AA?$AA@ 000000018000e758     libucrt:lcidtoname_downlevel.obj
 0002:00002768       ??_C@_1M@CDCLMGHI@?$AAk?$AAn?$AA?9?$AAI?$AAN?$AA?$AA@ 000000018000e768     libucrt:lcidtoname_downlevel.obj
 0002:00002778       ??_C@_1M@MIODLDKF@?$AAm?$AAl?$AA?9?$AAI?$AAN?$AA?$AA@ 000000018000e778     libucrt:lcidtoname_downlevel.obj
 0002:00002788       ??_C@_1M@PBIEACPO@?$AAm?$AAr?$AA?9?$AAI?$AAN?$AA?$AA@ 000000018000e788     libucrt:lcidtoname_downlevel.obj
 0002:00002798       ??_C@_1M@NIDEAGPH@?$AAs?$AAa?$AA?9?$AAI?$AAN?$AA?$AA@ 000000018000e798     libucrt:lcidtoname_downlevel.obj
 0002:000027a8       ??_C@_1M@FHIHCBIO@?$AAm?$AAn?$AA?9?$AAM?$AAN?$AA?$AA@ 000000018000e7a8     libucrt:lcidtoname_downlevel.obj
 0002:000027b8       ??_C@_1M@JAIJPENP@?$AAc?$AAy?$AA?9?$AAG?$AAB?$AA?$AA@ 000000018000e7b8     libucrt:lcidtoname_downlevel.obj
 0002:000027c8       ??_C@_1M@PHGFBEPN@?$AAg?$AAl?$AA?9?$AAE?$AAS?$AA?$AA@ 000000018000e7c8     libucrt:lcidtoname_downlevel.obj
 0002:000027d8       ??_C@_1O@KPIPDNCP@?$AAk?$AAo?$AAk?$AA?9?$AAI?$AAN?$AA?$AA@ 000000018000e7d8     libucrt:lcidtoname_downlevel.obj
 0002:000027e8       ??_C@_1O@KNHJLDJA@?$AAs?$AAy?$AAr?$AA?9?$AAS?$AAY?$AA?$AA@ 000000018000e7e8     libucrt:lcidtoname_downlevel.obj
 0002:000027f8       ??_C@_1O@MKEKBLAH@?$AAd?$AAi?$AAv?$AA?9?$AAM?$AAV?$AA?$AA@ 000000018000e7f8     libucrt:lcidtoname_downlevel.obj
 0002:00002808       ??_C@_1O@OHDCKDDF@?$AAq?$AAu?$AAz?$AA?9?$AAB?$AAO?$AA?$AA@ 000000018000e808     libucrt:lcidtoname_downlevel.obj
 0002:00002818       ??_C@_1M@LEPJNLFD@?$AAn?$AAs?$AA?9?$AAZ?$AAA?$AA?$AA@ 000000018000e818     libucrt:lcidtoname_downlevel.obj
 0002:00002828       ??_C@_1M@OMLEIIJB@?$AAm?$AAi?$AA?9?$AAN?$AAZ?$AA?$AA@ 000000018000e828     libucrt:lcidtoname_downlevel.obj
 0002:00002838       ??_C@_1M@PMPEAILG@?$AAa?$AAr?$AA?9?$AAI?$AAQ?$AA?$AA@ 000000018000e838     libucrt:lcidtoname_downlevel.obj
 0002:00002848       ??_C@_1M@CNKPNOEE@?$AAd?$AAe?$AA?9?$AAC?$AAH?$AA?$AA@ 000000018000e848     libucrt:lcidtoname_downlevel.obj
 0002:00002858       ??_C@_1M@LKMGMLKO@?$AAe?$AAn?$AA?9?$AAG?$AAB?$AA?$AA@ 000000018000e858     libucrt:lcidtoname_downlevel.obj
 0002:00002868       ??_C@_1M@PGKJFFGL@?$AAe?$AAs?$AA?9?$AAM?$AAX?$AA?$AA@ 000000018000e868     libucrt:lcidtoname_downlevel.obj
 0002:00002878       ??_C@_1M@DNNANBDC@?$AAf?$AAr?$AA?9?$AAB?$AAE?$AA?$AA@ 000000018000e878     libucrt:lcidtoname_downlevel.obj
 0002:00002888       ??_C@_1M@HLGMDFHM@?$AAi?$AAt?$AA?9?$AAC?$AAH?$AA?$AA@ 000000018000e888     libucrt:lcidtoname_downlevel.obj
 0002:00002898       ??_C@_1M@CLLBGJH@?$AAn?$AAl?$AA?9?$AAB?$AAE?$AA?$AA@ 000000018000e898     libucrt:lcidtoname_downlevel.obj
 0002:000028a8       ??_C@_1M@BODBOGLF@?$AAn?$AAn?$AA?9?$AAN?$AAO?$AA?$AA@ 000000018000e8a8     libucrt:lcidtoname_downlevel.obj
 0002:000028b8       ??_C@_1M@HFFAHKAD@?$AAp?$AAt?$AA?9?$AAP?$AAT?$AA?$AA@ 000000018000e8b8     libucrt:lcidtoname_downlevel.obj
 0002:000028c8       ??_C@_1BG@LNOAKHIE@?$AAs?$AAr?$AA?9?$AAS?$AAP?$AA?9?$AAL?$AAa?$AAt?$AAn?$AA?$AA@ 000000018000e8c8     libucrt:lcidtoname_downlevel.obj
 0002:000028e0       ??_C@_1M@HBMHBGAK@?$AAs?$AAv?$AA?9?$AAF?$AAI?$AA?$AA@ 000000018000e8e0     libucrt:lcidtoname_downlevel.obj
 0002:000028f0       ??_C@_1BG@DGCJGJBE@?$AAa?$AAz?$AA?9?$AAA?$AAZ?$AA?9?$AAC?$AAy?$AAr?$AAl?$AA?$AA@ 000000018000e8f0     libucrt:lcidtoname_downlevel.obj
 0002:00002908       ??_C@_1M@KEJDAAHB@?$AAs?$AAe?$AA?9?$AAS?$AAE?$AA?$AA@ 000000018000e908     libucrt:lcidtoname_downlevel.obj
 0002:00002918       ??_C@_1M@HEIBJJAD@?$AAm?$AAs?$AA?9?$AAB?$AAN?$AA?$AA@ 000000018000e918     libucrt:lcidtoname_downlevel.obj
 0002:00002928       ??_C@_1BG@PBGJMCEM@?$AAu?$AAz?$AA?9?$AAU?$AAZ?$AA?9?$AAC?$AAy?$AAr?$AAl?$AA?$AA@ 000000018000e928     libucrt:lcidtoname_downlevel.obj
 0002:00002940       ??_C@_1O@LAOBCMDF@?$AAq?$AAu?$AAz?$AA?9?$AAE?$AAC?$AA?$AA@ 000000018000e940     libucrt:lcidtoname_downlevel.obj
 0002:00002950       ??_C@_1M@POEEMAIO@?$AAa?$AAr?$AA?9?$AAE?$AAG?$AA?$AA@ 000000018000e950     libucrt:lcidtoname_downlevel.obj
 0002:00002960       ??_C@_1M@EFAKDEDL@?$AAz?$AAh?$AA?9?$AAH?$AAK?$AA?$AA@ 000000018000e960     libucrt:lcidtoname_downlevel.obj
 0002:00002970       ??_C@_1M@HKKIJHGI@?$AAd?$AAe?$AA?9?$AAA?$AAT?$AA?$AA@ 000000018000e970     libucrt:lcidtoname_downlevel.obj
 0002:00002980       ??_C@_1M@KBFBEHJF@?$AAe?$AAn?$AA?9?$AAA?$AAU?$AA?$AA@ 000000018000e980     libucrt:lcidtoname_downlevel.obj
 0002:00002990       ??_C@_1M@MNPLFAAH@?$AAe?$AAs?$AA?9?$AAE?$AAS?$AA?$AA@ 000000018000e990     libucrt:lcidtoname_downlevel.obj
 0002:000029a0       ??_C@_1M@HJOOJFMA@?$AAf?$AAr?$AA?9?$AAC?$AAA?$AA?$AA@ 000000018000e9a0     libucrt:lcidtoname_downlevel.obj
 0002:000029b0       ??_C@_1BG@JPOFPNAB@?$AAs?$AAr?$AA?9?$AAS?$AAP?$AA?9?$AAC?$AAy?$AAr?$AAl?$AA?$AA@ 000000018000e9b0     libucrt:lcidtoname_downlevel.obj
 0002:000029c8       ??_C@_1M@LNFOCMOB@?$AAs?$AAe?$AA?9?$AAF?$AAI?$AA?$AA@ 000000018000e9c8     libucrt:lcidtoname_downlevel.obj
 0002:000029d8       ??_C@_1O@MGJBOAMB@?$AAq?$AAu?$AAz?$AA?9?$AAP?$AAE?$AA?$AA@ 000000018000e9d8     libucrt:lcidtoname_downlevel.obj
 0002:000029e8       ??_C@_1M@GJINLBOK@?$AAa?$AAr?$AA?9?$AAL?$AAY?$AA?$AA@ 000000018000e9e8     libucrt:lcidtoname_downlevel.obj
 0002:000029f8       ??_C@_1M@GGMNHJNL@?$AAz?$AAh?$AA?9?$AAS?$AAG?$AA?$AA@ 000000018000e9f8     libucrt:lcidtoname_downlevel.obj
 0002:00002a08       ??_C@_1M@HOIKODND@?$AAd?$AAe?$AA?9?$AAL?$AAU?$AA?$AA@ 000000018000ea08     libucrt:lcidtoname_downlevel.obj
 0002:00002a18       ??_C@_1M@DDOCCGFG@?$AAe?$AAn?$AA?9?$AAC?$AAA?$AA?$AA@ 000000018000ea18     libucrt:lcidtoname_downlevel.obj
 0002:00002a28       ??_C@_1M@BNOEMJLF@?$AAe?$AAs?$AA?9?$AAG?$AAT?$AA?$AA@ 000000018000ea28     libucrt:lcidtoname_downlevel.obj
 0002:00002a38       ??_C@_1M@EOGNKEK@?$AAf?$AAr?$AA?9?$AAC?$AAH?$AA?$AA@ 000000018000ea38     libucrt:lcidtoname_downlevel.obj
 0002:00002a48       ??_C@_1M@FLIDJFHL@?$AAh?$AAr?$AA?9?$AAB?$AAA?$AA?$AA@ 000000018000ea48     libucrt:lcidtoname_downlevel.obj
 0002:00002a58       ??_C@_1O@FMCELNAJ@?$AAs?$AAm?$AAj?$AA?9?$AAN?$AAO?$AA?$AA@ 000000018000ea58     libucrt:lcidtoname_downlevel.obj
 0002:00002a68       ??_C@_1M@JHGLJMGJ@?$AAa?$AAr?$AA?9?$AAD?$AAZ?$AA?$AA@ 000000018000ea68     libucrt:lcidtoname_downlevel.obj
 0002:00002a78       ??_C@_1M@JKKFDCNP@?$AAz?$AAh?$AA?9?$AAM?$AAO?$AA?$AA@ 000000018000ea78     libucrt:lcidtoname_downlevel.obj
 0002:00002a88       ??_C@_1M@GEEFALPE@?$AAd?$AAe?$AA?9?$AAL?$AAI?$AA?$AA@ 000000018000ea88     libucrt:lcidtoname_downlevel.obj
 0002:00002a98       ??_C@_1M@IGEOFBG@?$AAe?$AAn?$AA?9?$AAN?$AAZ?$AA?$AA@ 000000018000ea98     libucrt:lcidtoname_downlevel.obj
 0002:00002aa8       ??_C@_1M@KDBONEHP@?$AAe?$AAs?$AA?9?$AAC?$AAR?$AA?$AA@ 000000018000eaa8     libucrt:lcidtoname_downlevel.obj
 0002:00002ab8       ??_C@_1M@FHMDOHNN@?$AAf?$AAr?$AA?9?$AAL?$AAU?$AA?$AA@ 000000018000eab8     libucrt:lcidtoname_downlevel.obj
 0002:00002ac8       ??_C@_1BG@NFKKMAFG@?$AAb?$AAs?$AA?9?$AAB?$AAA?$AA?9?$AAL?$AAa?$AAt?$AAn?$AA?$AA@ 000000018000eac8     libucrt:lcidtoname_downlevel.obj
 0002:00002ae0       ??_C@_1O@IMNBEMCI@?$AAs?$AAm?$AAj?$AA?9?$AAS?$AAE?$AA?$AA@ 000000018000eae0     libucrt:lcidtoname_downlevel.obj
 0002:00002af0       ??_C@_1M@DHHMBNDP@?$AAa?$AAr?$AA?9?$AAM?$AAA?$AA?$AA@ 000000018000eaf0     libucrt:lcidtoname_downlevel.obj
 0002:00002b00       ??_C@_1M@BNBLJCGH@?$AAe?$AAn?$AA?9?$AAI?$AAE?$AA?$AA@ 000000018000eb00     libucrt:lcidtoname_downlevel.obj
 0002:00002b10       ??_C@_1M@GEPAFMDL@?$AAe?$AAs?$AA?9?$AAP?$AAA?$AA?$AA@ 000000018000eb10     libucrt:lcidtoname_downlevel.obj
 0002:00002b20       ??_C@_1M@OJONDMDL@?$AAf?$AAr?$AA?9?$AAM?$AAC?$AA?$AA@ 000000018000eb20     libucrt:lcidtoname_downlevel.obj
 0002:00002b30       ??_C@_1BG@OBCNFJB@?$AAs?$AAr?$AA?9?$AAB?$AAA?$AA?9?$AAL?$AAa?$AAt?$AAn?$AA?$AA@ 000000018000eb30     libucrt:lcidtoname_downlevel.obj
 0002:00002b48       ??_C@_1O@KEMEEGPO@?$AAs?$AAm?$AAa?$AA?9?$AAN?$AAO?$AA?$AA@ 000000018000eb48     libucrt:lcidtoname_downlevel.obj
 0002:00002b58       ??_C@_1M@ELMGFODK@?$AAa?$AAr?$AA?9?$AAT?$AAN?$AA?$AA@ 000000018000eb58     libucrt:lcidtoname_downlevel.obj
 0002:00002b68       ??_C@_1M@BHDLHFAF@?$AAe?$AAn?$AA?9?$AAZ?$AAA?$AA?$AA@ 000000018000eb68     libucrt:lcidtoname_downlevel.obj
[...]
 0004:0000069c       $pdata$?x_ismbbtype_l@@YAHPEAU__crt_locale_pointers@@IHH@Z 000000018001769c     libucrt:ismbbyte.obj
 0004:000006a8       $pdata$__acrt_initialize_command_line 00000001800176a8     libucrt:argv_data.obj
 0004:000006b4       $pdata$__dcrt_get_narrow_environment_from_os 00000001800176b4     libucrt:get_environment_from_os.obj
 0004:000006c0       $pdata$_recalloc_base      00000001800176c0     libucrt:recalloc.obj
 0004:000006cc       $pdata$?try_get_function@@YAPEAXW4function_id@?A0x391cf84c@@QEBDQEBW4module_id@2@2@Z 00000001800176cc     libucrt:winapi_thunks.obj
 0004:000006d8       $pdata$__acrt_AppPolicyGetProcessTerminationMethodInternal 00000001800176d8     libucrt:winapi_thunks.obj
 0004:000006e4       $pdata$__acrt_FlsAlloc     00000001800176e4     libucrt:winapi_thunks.obj
 0004:000006f0       $pdata$__acrt_FlsFree      00000001800176f0     libucrt:winapi_thunks.obj
 0004:000006fc       $pdata$__acrt_FlsGetValue  00000001800176fc     libucrt:winapi_thunks.obj
 0004:00000708       $pdata$__acrt_FlsSetValue  0000000180017708     libucrt:winapi_thunks.obj
 0004:00000714       $pdata$__acrt_InitializeCriticalSectionEx 0000000180017714     libucrt:winapi_thunks.obj
 0004:00000720       $pdata$__acrt_LCMapStringEx 0000000180017720     libucrt:winapi_thunks.obj
 0004:0000072c       $pdata$__acrt_LocaleNameToLCID 000000018001772c     libucrt:winapi_thunks.obj
 0004:00000738       $pdata$__acrt_initialize_winapi_thunks 0000000180017738     libucrt:winapi_thunks.obj
 0004:00000744       $pdata$__acrt_uninitialize_winapi_thunks 0000000180017744     libucrt:winapi_thunks.obj
 0004:00000750       $pdata$__acrt_initialize_heap 0000000180017750     libucrt:heap_handle.obj
 0004:0000075c       $pdata$?initialize_inherited_file_handles_nolock@@YAXXZ 000000018001775c     libucrt:ioinit.obj
 0004:00000768       $pdata$?initialize_stdio_handles_nolock@@YAXXZ 0000000180017768     libucrt:ioinit.obj
 0004:00000774       $pdata$__acrt_initialize_lowio 0000000180017774     libucrt:ioinit.obj
 0004:00000780       $pdata$__acrt_uninitialize_lowio 0000000180017780     libucrt:ioinit.obj
 0004:0000078c       $pdata$__acrt_execute_initializers 000000018001778c     libucrt:shared_initialization.obj
 0004:00000798       $pdata$__acrt_execute_uninitializers 0000000180017798     libucrt:shared_initialization.obj
 0004:000007a4       $pdata$_callnewh           00000001800177a4     libucrt:new_handler.obj
 0004:000007b0       $pdata$_query_new_handler  00000001800177b0     libucrt:new_handler.obj
 0004:000007bc       $pdata$??$?RV<lambda_450d765d439847d4c735a33c368b5fc0>@@AEAV<lambda_44731a7d0e6d81c3e6aa82d741081786>@@V<lambda_601a2a7da3b7a96e9554ac7215c4b07c>@@@?$__crt_seh_guarded_call@P6AXH@Z@@QEAAP6AXH@Z$$QEAV<lambda_450d765d439847d4c735a33c368b5fc0>@@AEAV<lambda_44731a7d0e6d81c3e6aa82d741081786>@@$$QEAV<lambda_601a2a7da3b7a96e9554ac7215c4b07c>@@@Z 00000001800177bc     libucrt:signal.obj
 0004:000007c8       $pdata$__acrt_get_sigabrt_handler 00000001800177c8     libucrt:signal.obj
 0004:000007d4       $pdata$raise               00000001800177d4     libucrt:signal.obj
 0004:000007e0       $pdata$??$?RV<lambda_842d9ff0dc9ef11c61343bbaebe7f885>@@AEAV<lambda_c5860995281e5c4ce005b3de8f5874ee>@@V<lambda_d90129c13df834fdcbf8d2b88dafcf2d>@@@?$__crt_seh_guarded_call@X@@QEAAX$$QEAV<lambda_842d9ff0dc9ef11c61343bbaebe7f885>@@AEAV<lambda_c5860995281e5c4ce005b3de8f5874ee>@@$$QEAV<lambda_d90129c13df834fdcbf8d2b88dafcf2d>@@@Z 00000001800177e0     libucrt:fflush.obj
 0004:000007ec       $pdata$??$?RV<lambda_886d6c58226a84441f68b9f2b8217b83>@@AEAV<lambda_ab61a845afdef5b7c387490eaf3616ee>@@V<lambda_f7f22ab5edc0698d5f6905b0d3f44752>@@@?$__crt_seh_guarded_call@X@@QEAAX$$QEAV<lambda_886d6c58226a84441f68b9f2b8217b83>@@AEAV<lambda_ab61a845afdef5b7c387490eaf3616ee>@@$$QEAV<lambda_f7f22ab5edc0698d5f6905b0d3f44752>@@@Z 00000001800177ec     libucrt:fflush.obj
 0004:000007f8       $pdata$?common_flush_all@@YAH_N@Z 00000001800177f8     libucrt:fflush.obj
 0004:00000804       $pdata$__acrt_stdio_flush_nolock 0000000180017804     libucrt:fflush.obj
 0004:00000810       $pdata$_fflush_nolock      0000000180017810     libucrt:fflush.obj
 0004:0000081c       $pdata$__acrt_initialize_stdio 000000018001781c     libucrt:_file.obj
 0004:00000828       $pdata$__acrt_uninitialize_stdio 0000000180017828     libucrt:_file.obj
 0004:00000834       $pdata$_mbtowc_l           0000000180017834     libucrt:mbtowc.obj
 0004:00000840       $pdata$_fileno             0000000180017840     libucrt:fileno.obj
 0004:0000084c       $pdata$__pctype_func       000000018001784c     libucrt:ctype.obj
 0004:00000858       $pdata$_isctype_l          0000000180017858     libucrt:isctype.obj
 0004:00000864       $pdata$_isleadbyte_l       0000000180017864     libucrt:_wctype.obj
 0004:00000870       $pdata$?__acrt_LCMapStringA_stat@@YAHPEAU__crt_locale_pointers@@PEB_WKPEBDHPEADHHH@Z 0000000180017870     libucrt:lcmapstringa.obj
 0004:0000087c       $pdata$__acrt_LCMapStringA 000000018001787c     libucrt:lcmapstringa.obj
 0004:00000888       $pdata$__acrt_free_locale  0000000180017888     libucrt:locale_refcounting.obj
 0004:00000894       $pdata$__acrt_locale_free_lc_time_if_unreferenced 0000000180017894     libucrt:locale_refcounting.obj
 0004:000008a0       $pdata$__acrt_release_locale_ref 00000001800178a0     libucrt:locale_refcounting.obj
 0004:000008ac       $pdata$__acrt_update_thread_locale_data 00000001800178ac     libucrt:locale_refcounting.obj
 0004:000008b8       $pdata$_updatetlocinfoEx_nolock 00000001800178b8     libucrt:locale_refcounting.obj
 0004:000008c4       $pdata$__acrt_locale_free_monetary 00000001800178c4     libucrt:initmon.obj
 0004:000008d0       $pdata$__acrt_locale_free_numeric 00000001800178d0     libucrt:initnum.obj
 0004:000008dc       $pdata$?free_crt_array_internal@@YAXQEAPEBX_K@Z 00000001800178dc     libucrt:inittime.obj
 0004:000008e8       $pdata$__acrt_locale_free_time 00000001800178e8     libucrt:inittime.obj
 0004:000008f4       $pdata$__acrt_GetStringTypeA 00000001800178f4     libucrt:getstringtypea.obj
 0004:00000900       $pdata$qsort               0000000180017900     libucrt:qsort.obj
 0004:0000090c       $pdata$4$qsort             000000018001790c     libucrt:qsort.obj
 0004:00000918       $pdata$5$qsort             0000000180017918     libucrt:qsort.obj
 0004:00000924       $pdata$strncpy_s           0000000180017924     libucrt:strncpy_s.obj
 0004:00000930       $pdata$fallbackMethod      0000000180017930     libucrt:strpbrk.obj
 0004:0000093c       $pdata$strpbrk             000000018001793c     libucrt:strpbrk.obj
 0004:00000948       $pdata$_mbsdec_l           0000000180017948     libucrt:mbsdec.obj
 0004:00000954       $pdata$?initialize_multibyte@@YAHXZ 0000000180017954     libucrt:multibyte_initializer.obj
 0004:00000960       $pdata$_msize_base         0000000180017960     libucrt:msize.obj
 0004:0000096c       $pdata$_realloc_base       000000018001796c     libucrt:realloc_base.obj
 0004:00000978       $pdata$?GetTableIndexFromLocaleName@@YAHPEB_W@Z 0000000180017978     libucrt:lcidtoname_downlevel.obj
 0004:00000984       $pdata$__acrt_DownlevelLocaleNameToLCID 0000000180017984     libucrt:lcidtoname_downlevel.obj
 0004:00000990       $pdata$__acrt_lowio_create_handle_array 0000000180017990     libucrt:osfinfo.obj
 0004:0000099c       $pdata$__acrt_lowio_destroy_handle_array 000000018001799c     libucrt:osfinfo.obj
 0004:000009a8       $pdata$__acrt_lowio_ensure_fh_exists 00000001800179a8     libucrt:osfinfo.obj
 0004:000009b4       $pdata$_free_osfhnd        00000001800179b4     libucrt:osfinfo.obj
 0004:000009c0       $pdata$_get_osfhandle      00000001800179c0     libucrt:osfinfo.obj
 0004:000009cc       $pdata$??$?RV<lambda_a37b2b86f63e897a80ea819b0eb08c01>@@AEAV<lambda_38ce7e780aa69e748d6df282ebc68efe>@@V<lambda_99fb1378e971ab6e7edea83e3a7a83a2>@@@?$__crt_seh_guarded_call@H@@QEAAH$$QEAV<lambda_a37b2b86f63e897a80ea819b0eb08c01>@@AEAV<lambda_38ce7e780aa69e748d6df282ebc68efe>@@$$QEAV<lambda_99fb1378e971ab6e7edea83e3a7a83a2>@@@Z 00000001800179cc     libucrt:commit.obj
 0004:000009d8       $pdata$_commit             00000001800179d8     libucrt:commit.obj
 0004:000009e4       $pdata$?write_double_translated_ansi_nolock@@YA?AUwrite_result@?A0x17268360@@HQEBDI@Z 00000001800179e4     libucrt:write.obj
 0004:000009f0       $pdata$?write_text_ansi_nolock@@YA?AUwrite_result@?A0x17268360@@HQEBDI@Z 00000001800179f0     libucrt:write.obj
 0004:000009fc       $pdata$?write_text_utf16le_nolock@@YA?AUwrite_result@?A0x17268360@@HQEBDI@Z 00000001800179fc     libucrt:write.obj
 0004:00000a08       $pdata$?write_text_utf8_nolock@@YA?AUwrite_result@?A0x17268360@@HQEBDI@Z 0000000180017a08     libucrt:write.obj
 0004:00000a14       $pdata$_write              0000000180017a14     libucrt:write.obj
 0004:00000a20       $pdata$_write_nolock       0000000180017a20     libucrt:write.obj
 0004:00000a2c       $pdata$_fcloseall          0000000180017a2c     libucrt:closeall.obj
 0004:00000a38       $pdata$__acrt_stdio_free_buffer_nolock 0000000180017a38     libucrt:_freebuf.obj
 0004:00000a44       $pdata$_isatty             0000000180017a44     libucrt:isatty.obj
 0004:00000a50       $pdata$??$common_lseek_nolock@_J@@YA_JH_JH@Z 0000000180017a50     libucrt:lseek.obj
 0004:00000a5c       $pdata$_putwch_nolock      0000000180017a5c     libucrt:putwch.obj
 0004:00000a68       $pdata$_fclose_nolock      0000000180017a68     libucrt:fclose.obj
 0004:00000a74       $pdata$fclose              0000000180017a74     libucrt:fclose.obj
 0004:00000a8c       $pdata$__dcrt_lowio_ensure_console_output_initialized 0000000180017a8c     libucrt:initcon.obj
 0004:00000a98       $pdata$__dcrt_terminate_console_output 0000000180017a98     libucrt:initcon.obj
 0004:00000aa4       $pdata$__dcrt_write_console_w 0000000180017aa4     libucrt:initcon.obj
 0004:00000ab0       $pdata$??$?RV<lambda_751a882b2c74d4b022dec766aa51a29a>@@AEAV<lambda_628dfdc04ba53c8bfc02c9951375f3f5>@@V<lambda_f6c7be5f7998530c34de24c7437d6b54>@@@?$__crt_seh_guarded_call@H@@QEAAH$$QEAV<lambda_751a882b2c74d4b022dec766aa51a29a>@@AEAV<lambda_628dfdc04ba53c8bfc02c9951375f3f5>@@$$QEAV<lambda_f6c7be5f7998530c34de24c7437d6b54>@@@Z 0000000180017ab0     libucrt:close.obj
 0004:00000abc       $pdata$_close              0000000180017abc     libucrt:close.obj
 0004:00000ac8       $pdata$_close_nolock       0000000180017ac8     libucrt:close.obj
 0004:00000ad4       $pdata$_call_matherr       0000000180017ad4     libucrt:libm_error.obj
 0004:00000ae0       $pdata$_exception_enabled  0000000180017ae0     libucrt:libm_error.obj
 0004:00000aec       $pdata$_handle_error       0000000180017aec     libucrt:libm_error.obj
 0004:00000af8       $pdata$__acrt_initialize_fma3 0000000180017af8     libucrt:fma3_available.obj
 0004:00000b04       $pdata$_log10_special      0000000180017b04     libucrt:log_special.obj
 0004:00000b10       $pdata$_log_special_common 0000000180017b10     libucrt:log_special.obj
 0004:00000b28       $pdata$_raise_exc          0000000180017b28     libucrt:fpexcept.obj
 0004:00000b34       $pdata$_raise_exc_ex       0000000180017b34     libucrt:fpexcept.obj
 0004:00000b40       $pdata$_set_errno_from_matherr 0000000180017b40     libucrt:fpexcept.obj
 0004:00000b4c       $pdata$_clrfp              0000000180017b4c     libucrt:fpctrl.obj
 0004:00000b58       $pdata$_ctrlfp             0000000180017b58     libucrt:fpctrl.obj
 0004:00000b64       $pdata$_set_statfp         0000000180017b64     libucrt:fpctrl.obj
 0004:00000b70       $pdata$_statfp             0000000180017b70     libucrt:fpctrl.obj
 0004:00000b7c       $pdata$?DloadAcquireSectionWriteAccess@@YAXXZ 0000000180017b7c     DelayImp:delayhlp.obj
 0004:00000b88       $pdata$?DloadGetSRWLockFunctionPointers@@YAEXZ 0000000180017b88     DelayImp:delayhlp.obj
 0004:00000b94       $pdata$?DloadMakePermanentImageCommit@@YAXPEAX_K@Z 0000000180017b94     DelayImp:delayhlp.obj
 0004:00000ba0       $pdata$?DloadObtainSection@@YAPEAXPEAK0@Z 0000000180017ba0     DelayImp:delayhlp.obj
 0004:00000bac       $pdata$?DloadProtectSection@@YAXKPEAK@Z 0000000180017bac     DelayImp:delayhlp.obj
 0004:00000bb8       $pdata$?DloadReleaseSectionWriteAccess@@YAXXZ 0000000180017bb8     DelayImp:delayhlp.obj
 0004:00000bc4       $pdata$__delayLoadHelper2  0000000180017bc4     DelayImp:delayhlp.obj
 0004:00000bd0       $pdata$_IsNonwritableInCurrentImage 0000000180017bd0     LIBCMT:pesect.obj
 0004:00000bdc       $pdata$__GSHandlerCheck    0000000180017bdc     LIBCMT:_gshandler_.obj
 0004:00000be8       $pdata$__GSHandlerCheckCommon 0000000180017be8     LIBCMT:_gshandler_.obj
 0004:00000c54       $pdata$?fin$0@?0??dllmain_crt_process_attach@@YAHQEAUHINSTANCE__@@QEAX@Z@4HA 0000000180017c54     LIBCMT:dll_dllmain.obj
 0004:00000c60       $pdata$?fin$0@?0??dllmain_crt_process_detach@@YAH_N@Z@4HA 0000000180017c60     LIBCMT:dll_dllmain.obj
 0004:00000c6c       $pdata$?filt$0@?0??dllmain_dispatch@@YAHQEAUHINSTANCE__@@KQEAX@Z@4HA 0000000180017c6c     LIBCMT:dll_dllmain.obj
 0004:00000c78       $pdata$__scrt_is_nonwritable_in_current_image$filt$0 0000000180017c78     LIBCMT:utility.obj
 0004:00000c84       $pdata$?fin$0@?0???$?RV<lambda_2d41944a1d46af3157314b8a01080d33>@@AEAV<lambda_8f455de75cd7d7f24b4096f044d8b9e6>@@V<lambda_aa500f224e6afead328df44964fe2772>@@@?$__crt_seh_guarded_call@X@@QEAAX$$QEAV<lambda_2d41944a1d46af3157314b8a01080d33>@@AEAV<lambda_8f455de75cd7d7f24b4096f044d8b9e6>@@$$QEAV<lambda_aa500f224e6afead328df44964fe2772>@@@Z@4HA 0000000180017c84     libucrt:per_thread_data.obj
 0004:00000c84       $pdata$?fin$0@?0???$?RV<lambda_450d765d439847d4c735a33c368b5fc0>@@AEAV<lambda_44731a7d0e6d81c3e6aa82d741081786>@@V<lambda_601a2a7da3b7a96e9554ac7215c4b07c>@@@?$__crt_seh_guarded_call@P6AXH@Z@@QEAAP6AXH@Z$$QEAV<lambda_450d765d439847d4c735a33c368b5fc0>@@AEAV<lambda_44731a7d0e6d81c3e6aa82d741081786>@@$$QEAV<lambda_601a2a7da3b7a96e9554ac7215c4b07c>@@@Z@4HA 0000000180017c84     libucrt:signal.obj
 0004:00000c84       $pdata$?fin$0@?0???$?RV<lambda_efdfa57d1f175319df784efa44bb7b81>@@AEAV<lambda_5f0a4c1567f8adc6734073e5d1e1b35c>@@V<lambda_2e8a7d3640ea6ccb4c2413664c2db6fd>@@@?$__crt_seh_guarded_call@X@@QEAAX$$QEAV<lambda_efdfa57d1f175319df784efa44bb7b81>@@AEAV<lambda_5f0a4c1567f8adc6734073e5d1e1b35c>@@$$QEAV<lambda_2e8a7d3640ea6ccb4c2413664c2db6fd>@@@Z@4HA 0000000180017c84     libucrt:mbctype.obj
 0004:00000c84       $pdata$?fin$0@?0???$?RV<lambda_f2e299630e499de9f9a165e60fcd3db5>@@AEAV<lambda_2ae9d31cdba2644fcbeaf08da7c24588>@@V<lambda_40d01ff24d0e7b3814fdbdcee8eab3c7>@@@?$__crt_seh_guarded_call@X@@QEAAX$$QEAV<lambda_f2e299630e499de9f9a165e60fcd3db5>@@AEAV<lambda_2ae9d31cdba2644fcbeaf08da7c24588>@@$$QEAV<lambda_40d01ff24d0e7b3814fdbdcee8eab3c7>@@@Z@4HA 0000000180017c84     libucrt:per_thread_data.obj
 0004:00000c84       $pdata$?fin$0@?0???$?RV<lambda_aa87e3671a710a21b5dc78c0bdf72e11>@@AEAV<lambda_92619d2358a28f41a33ba319515a20b9>@@V<lambda_6992ecaafeb10aed2b74cb1fae11a551>@@@?$__crt_seh_guarded_call@X@@QEAAX$$QEAV<lambda_aa87e3671a710a21b5dc78c0bdf72e11>@@AEAV<lambda_92619d2358a28f41a33ba319515a20b9>@@$$QEAV<lambda_6992ecaafeb10aed2b74cb1fae11a551>@@@Z@4HA 0000000180017c84     libucrt:per_thread_data.obj
 0004:00000c84       $pdata$?fin$0@?0???$?RV<lambda_0ae27a3a962d80f24befdcbee591983d>@@AEAV<lambda_8d0ee55de4b1038c4002e0adecdf1839>@@V<lambda_dc504788e8f1664fe9b84e20bfb512f2>@@@?$__crt_seh_guarded_call@X@@QEAAX$$QEAV<lambda_0ae27a3a962d80f24befdcbee591983d>@@AEAV<lambda_8d0ee55de4b1038c4002e0adecdf1839>@@$$QEAV<lambda_dc504788e8f1664fe9b84e20bfb512f2>@@@Z@4HA 0000000180017c84     libucrt:per_thread_data.obj
 0004:00000c84       $pdata$?fin$0@?0???$?RV<lambda_d80eeec6fff315bfe5c115232f3240e3>@@AEAV<lambda_6e4b09c48022b2350581041d5f6b0c4c>@@V<lambda_2358e3775559c9db80273638284d5e45>@@@?$__crt_seh_guarded_call@X@@QEAAX$$QEAV<lambda_d80eeec6fff315bfe5c115232f3240e3>@@AEAV<lambda_6e4b09c48022b2350581041d5f6b0c4c>@@$$QEAV<lambda_2358e3775559c9db80273638284d5e45>@@@Z@4HA 0000000180017c84     libucrt:exit.obj
 0004:00000c84       $pdata$?fin$0@?0???$?RV<lambda_7777bce6b2f8c936911f934f8298dc43>@@AEAV<lambda_f03950bc5685219e0bcd2087efbe011e>@@V<lambda_3883c3dff614d5e0c5f61bb1ac94921c>@@@?$__crt_seh_guarded_call@H@@QEAAH$$QEAV<lambda_7777bce6b2f8c936911f934f8298dc43>@@AEAV<lambda_f03950bc5685219e0bcd2087efbe011e>@@$$QEAV<lambda_3883c3dff614d5e0c5f61bb1ac94921c>@@@Z@4HA 0000000180017c84     libucrt:onexit.obj
 0004:00000c90       $pdata$?filt$0@?0???R<lambda_6e4b09c48022b2350581041d5f6b0c4c>@@QEBA@XZ@4HA 0000000180017c90     libucrt:exit.obj
 0004:00000c9c       $pdata$?fin$0@?0???$?RV<lambda_410d79af7f07d98d83a3f525b3859a53>@@AEAV<lambda_3e16ef9562a7dcce91392c22ab16ea36>@@V<lambda_38119f0e861e05405d8a144b9b982f0a>@@@?$__crt_seh_guarded_call@X@@QEAAX$$QEAV<lambda_410d79af7f07d98d83a3f525b3859a53>@@AEAV<lambda_3e16ef9562a7dcce91392c22ab16ea36>@@$$QEAV<lambda_38119f0e861e05405d8a144b9b982f0a>@@@Z@4HA 0000000180017c9c     libucrt:wsetlocale.obj
 0004:00000ca8       $pdata$?fin$0@?0??update_thread_multibyte_data_internal@@YAPEAU__crt_multibyte_data@@QEAU__acrt_ptd@@QEAPEAU1@@Z@4HA 0000000180017ca8     libucrt:mbctype.obj
 0004:00000cb4       $pdata$__acrt_lowio_ensure_fh_exists$fin$0 0000000180017cb4     libucrt:osfinfo.obj
 0004:00000cb4       $pdata$__acrt_initialize_lowio$fin$0 0000000180017cb4     libucrt:ioinit.obj
 0004:00000cc0       $pdata$_query_new_handler$fin$0 0000000180017cc0     libucrt:new_handler.obj
 0004:00000ccc       $pdata$raise$fin$0         0000000180017ccc     libucrt:signal.obj
 0004:00000cd8       $pdata$?fin$0@?0???$?RV<lambda_842d9ff0dc9ef11c61343bbaebe7f885>@@AEAV<lambda_c5860995281e5c4ce005b3de8f5874ee>@@V<lambda_d90129c13df834fdcbf8d2b88dafcf2d>@@@?$__crt_seh_guarded_call@X@@QEAAX$$QEAV<lambda_842d9ff0dc9ef11c61343bbaebe7f885>@@AEAV<lambda_c5860995281e5c4ce005b3de8f5874ee>@@$$QEAV<lambda_d90129c13df834fdcbf8d2b88dafcf2d>@@@Z@4HA 0000000180017cd8     libucrt:fflush.obj
 0004:00000ce4       $pdata$?fin$0@?0???$?RV<lambda_886d6c58226a84441f68b9f2b8217b83>@@AEAV<lambda_ab61a845afdef5b7c387490eaf3616ee>@@V<lambda_f7f22ab5edc0698d5f6905b0d3f44752>@@@?$__crt_seh_guarded_call@X@@QEAAX$$QEAV<lambda_886d6c58226a84441f68b9f2b8217b83>@@AEAV<lambda_ab61a845afdef5b7c387490eaf3616ee>@@$$QEAV<lambda_f7f22ab5edc0698d5f6905b0d3f44752>@@@Z@4HA 0000000180017ce4     libucrt:fflush.obj
 0004:00000cf0       $pdata$__acrt_update_thread_locale_data$fin$0 0000000180017cf0     libucrt:locale_refcounting.obj
 0004:00000cfc       $pdata$_write$fin$0        0000000180017cfc     libucrt:write.obj
 0004:00000d08       $pdata$_fcloseall$fin$0    0000000180017d08     libucrt:closeall.obj
 0004:00000d14       $pdata$fclose$fin$0        0000000180017d14     libucrt:fclose.obj
 0004:00000d20       $pdata$?fin$0@?0???$?RV<lambda_a37b2b86f63e897a80ea819b0eb08c01>@@AEAV<lambda_38ce7e780aa69e748d6df282ebc68efe>@@V<lambda_99fb1378e971ab6e7edea83e3a7a83a2>@@@?$__crt_seh_guarded_call@H@@QEAAH$$QEAV<lambda_a37b2b86f63e897a80ea819b0eb08c01>@@AEAV<lambda_38ce7e780aa69e748d6df282ebc68efe>@@$$QEAV<lambda_99fb1378e971ab6e7edea83e3a7a83a2>@@@Z@4HA 0000000180017d20     libucrt:commit.obj
 0004:00000d20       $pdata$?fin$0@?0???$?RV<lambda_751a882b2c74d4b022dec766aa51a29a>@@AEAV<lambda_628dfdc04ba53c8bfc02c9951375f3f5>@@V<lambda_f6c7be5f7998530c34de24c7437d6b54>@@@?$__crt_seh_guarded_call@H@@QEAAH$$QEAV<lambda_751a882b2c74d4b022dec766aa51a29a>@@AEAV<lambda_628dfdc04ba53c8bfc02c9951375f3f5>@@$$QEAV<lambda_f6c7be5f7998530c34de24c7437d6b54>@@@Z@4HA 0000000180017d20     libucrt:close.obj
 0004:00000d2c       $pdata$_ctrlfp$filt$0      0000000180017d2c     libucrt:fpctrl.obj
 0004:00000d38       $pdata$_IsNonwritableInCurrentImage$filt$0 0000000180017d38     LIBCMT:pesect.obj
 0005:00000060       $R000000                   0000000180018060     * linker generated manifest res *

 Exports

  ordinal    name

        1    _register_testaddon_
